<html>
<body>
<pre>
<h1>µVision Build Log</h1>
<h2>Tool Versions:</h2>
IDE-Version: ÂµVision V5.28.0.0
Copyright (C) 2019 ARM Ltd and ARM Germany GmbH. All rights reserved.
License Information: 1 3120806411@qq.com, 11, LIC=Q7GGK-Z1XPI-FZ3WU-SDQXJ-81HVC-R5PJC
 
Tool Versions:
Toolchain:       MDK-ARM Professional  Version: 5.28.0.0
Toolchain Path:  D:\keil_5\ARM\ARMCC\Bin
C Compiler:      Armcc.exe V5.06 update 6 (build 750)
Assembler:       Armasm.exe V5.06 update 6 (build 750)
Linker/Locator:  ArmLink.exe V5.06 update 6 (build 750)
Library Manager: ArmAr.exe V5.06 update 6 (build 750)
Hex Converter:   FromElf.exe V5.06 update 6 (build 750)
CPU DLL:         SARMCM3.DLL V5.28.0.0
Dialog DLL:      DCM.DLL V1.17.3.0
Target DLL:      CMSIS_AGDI.dll V1.31.18.0
Dialog DLL:      TCM.DLL V1.36.2.0
 
<h2>Project:</h2>
D:\OWO\owo\MDK-ARM\owo.uvprojx
Project File Date:  07/11/2024

<h2>Output:</h2>
*** Using Compiler 'V5.06 update 6 (build 750)', folder: 'D:\keil_5\ARM\ARMCC\Bin'
Build target 'owo'
assembling startup_stm32g431xx.s...
compiling stm32g4xx_hal_msp.c...
..\oWo\lcd_CN.h(5): warning:  #1295-D: Deprecated declaration cout - give arg types
  void cout();
..\oWo\lcd_CN.h(7): warning:  #1-D: last line of file ends without a newline
  #endif
..\oWo\inte.h(8): warning:  #1-D: last line of file ends without a newline
  #endif
..\oWo\led.h(6): warning:  #1-D: last line of file ends without a newline
  #endif
..\oWo\i2c.h(17): warning:  #1295-D: Deprecated declaration RES_Read - give arg types
  uint8_t RES_Read();
../Core/Src/stm32g4xx_hal_msp.c: 5 warnings, 0 errors
compiling dma.c...
..\oWo\lcd_CN.h(5): warning:  #1295-D: Deprecated declaration cout - give arg types
  void cout();
..\oWo\lcd_CN.h(7): warning:  #1-D: last line of file ends without a newline
  #endif
..\oWo\inte.h(8): warning:  #1-D: last line of file ends without a newline
  #endif
..\oWo\led.h(6): warning:  #1-D: last line of file ends without a newline
  #endif
..\oWo\i2c.h(17): warning:  #1295-D: Deprecated declaration RES_Read - give arg types
  uint8_t RES_Read();
../Core/Src/dma.c: 5 warnings, 0 errors
compiling stm32g4xx_hal.c...
compiling usart.c...
..\oWo\lcd_CN.h(5): warning:  #1295-D: Deprecated declaration cout - give arg types
  void cout();
..\oWo\lcd_CN.h(7): warning:  #1-D: last line of file ends without a newline
  #endif
..\oWo\inte.h(8): warning:  #1-D: last line of file ends without a newline
  #endif
..\oWo\led.h(6): warning:  #1-D: last line of file ends without a newline
  #endif
..\oWo\i2c.h(17): warning:  #1295-D: Deprecated declaration RES_Read - give arg types
  uint8_t RES_Read();
../Core/Src/usart.c: 5 warnings, 0 errors
compiling main.c...
..\oWo\lcd_CN.h(5): warning:  #1295-D: Deprecated declaration cout - give arg types
  void cout();
..\oWo\lcd_CN.h(7): warning:  #1-D: last line of file ends without a newline
  #endif
..\oWo\inte.h(8): warning:  #1-D: last line of file ends without a newline
  #endif
..\oWo\led.h(6): warning:  #1-D: last line of file ends without a newline
  #endif
..\oWo\i2c.h(17): warning:  #1295-D: Deprecated declaration RES_Read - give arg types
  uint8_t RES_Read();
../Core/Src/main.c(117): warning:  #223-D: function "sprintf" declared implicitly
  		sprintf((char *)Lcd_Disp_String, "RES_K:%5.2fK",0.7874*RES_4017);
../Core/Src/main.c: 6 warnings, 0 errors
compiling gpio.c...
..\oWo\lcd_CN.h(5): warning:  #1295-D: Deprecated declaration cout - give arg types
  void cout();
..\oWo\lcd_CN.h(7): warning:  #1-D: last line of file ends without a newline
  #endif
..\oWo\inte.h(8): warning:  #1-D: last line of file ends without a newline
  #endif
..\oWo\led.h(6): warning:  #1-D: last line of file ends without a newline
  #endif
..\oWo\i2c.h(17): warning:  #1295-D: Deprecated declaration RES_Read - give arg types
  uint8_t RES_Read();
../Core/Src/gpio.c: 5 warnings, 0 errors
compiling tim.c...
..\oWo\lcd_CN.h(5): warning:  #1295-D: Deprecated declaration cout - give arg types
  void cout();
..\oWo\lcd_CN.h(7): warning:  #1-D: last line of file ends without a newline
  #endif
..\oWo\inte.h(8): warning:  #1-D: last line of file ends without a newline
  #endif
..\oWo\led.h(6): warning:  #1-D: last line of file ends without a newline
  #endif
..\oWo\i2c.h(17): warning:  #1295-D: Deprecated declaration RES_Read - give arg types
  uint8_t RES_Read();
../Core/Src/tim.c: 5 warnings, 0 errors
compiling stm32g4xx_hal_tim_ex.c...
compiling stm32g4xx_hal_flash_ex.c...
compiling stm32g4xx_hal_flash.c...
compiling stm32g4xx_it.c...
..\oWo\lcd_CN.h(5): warning:  #1295-D: Deprecated declaration cout - give arg types
  void cout();
..\oWo\lcd_CN.h(7): warning:  #1-D: last line of file ends without a newline
  #endif
..\oWo\inte.h(8): warning:  #1-D: last line of file ends without a newline
  #endif
..\oWo\led.h(6): warning:  #1-D: last line of file ends without a newline
  #endif
..\oWo\i2c.h(17): warning:  #1295-D: Deprecated declaration RES_Read - give arg types
  uint8_t RES_Read();
../Core/Src/stm32g4xx_it.c: 5 warnings, 0 errors
compiling stm32g4xx_hal_pwr_ex.c...
compiling stm32g4xx_hal_rcc_ex.c...
compiling stm32g4xx_hal_rcc.c...
compiling stm32g4xx_hal_tim.c...
compiling stm32g4xx_hal_gpio.c...
compiling stm32g4xx_hal_pwr.c...
compiling stm32g4xx_hal_dma_ex.c...
compiling stm32g4xx_hal_uart.c...
compiling system_stm32g4xx.c...
compiling lcd.c...
..\oWo\lcd_CN.h(5): warning:  #1295-D: Deprecated declaration cout - give arg types
  void cout();
..\oWo\lcd_CN.h(7): warning:  #1-D: last line of file ends without a newline
  #endif
..\oWo\inte.h(8): warning:  #1-D: last line of file ends without a newline
  #endif
..\oWo\led.h(6): warning:  #1-D: last line of file ends without a newline
  #endif
..\oWo\i2c.h(17): warning:  #1295-D: Deprecated declaration RES_Read - give arg types
  uint8_t RES_Read();
..\oWo\lcd.c(814): warning:  #1-D: last line of file ends without a newline
  }
..\oWo\lcd.c: 6 warnings, 0 errors
compiling stm32g4xx_hal_exti.c...
compiling stm32g4xx_hal_cortex.c...
compiling stm32g4xx_hal_flash_ramfunc.c...
compiling i2c.c...
..\oWo\lcd_CN.h(5): warning:  #1295-D: Deprecated declaration cout - give arg types
  void cout();
..\oWo\lcd_CN.h(7): warning:  #1-D: last line of file ends without a newline
  #endif
..\oWo\inte.h(8): warning:  #1-D: last line of file ends without a newline
  #endif
..\oWo\led.h(6): warning:  #1-D: last line of file ends without a newline
  #endif
..\oWo\i2c.h(17): warning:  #1295-D: Deprecated declaration RES_Read - give arg types
  uint8_t RES_Read();
..\oWo\i2c.c(306): warning:  #1-D: last line of file ends without a newline
  }
..\oWo\i2c.c: 6 warnings, 0 errors
compiling led.c...
..\oWo\lcd_CN.h(5): warning:  #1295-D: Deprecated declaration cout - give arg types
  void cout();
..\oWo\lcd_CN.h(7): warning:  #1-D: last line of file ends without a newline
  #endif
..\oWo\inte.h(8): warning:  #1-D: last line of file ends without a newline
  #endif
..\oWo\led.h(6): warning:  #1-D: last line of file ends without a newline
  #endif
..\oWo\i2c.h(17): warning:  #1295-D: Deprecated declaration RES_Read - give arg types
  uint8_t RES_Read();
..\oWo\led.h(6): warning:  #1-D: last line of file ends without a newline
  #endif
..\oWo\led.c: 6 warnings, 0 errors
compiling lcd_CN.c...
..\oWo\lcd_CN.h(7): warning:  #1-D: last line of file ends without a newline
  #endif
..\oWo\inte.h(8): warning:  #1-D: last line of file ends without a newline
  #endif
..\oWo\led.h(6): warning:  #1-D: last line of file ends without a newline
  #endif
..\oWo\i2c.h(17): warning:  #1295-D: Deprecated declaration RES_Read - give arg types
  uint8_t RES_Read();
..\oWo\lcd_CN.h(5): warning:  #1295-D: Deprecated declaration cout - give arg types
  void cout();
..\oWo\lcd_CN.h(7): warning:  #1-D: last line of file ends without a newline
  #endif
..\oWo\lcd_CN.c(42): warning:  #1-D: last line of file ends without a newline
  }
..\oWo\lcd_CN.c: 7 warnings, 0 errors
compiling stm32g4xx_hal_uart_ex.c...
compiling stm32g4xx_hal_dma.c...
compiling inte.c...
..\oWo\lcd_CN.h(5): warning:  #1295-D: Deprecated declaration cout - give arg types
  void cout();
..\oWo\lcd_CN.h(7): warning:  #1-D: last line of file ends without a newline
  #endif
..\oWo\inte.h(8): warning:  #1-D: last line of file ends without a newline
  #endif
..\oWo\led.h(6): warning:  #1-D: last line of file ends without a newline
  #endif
..\oWo\i2c.h(17): warning:  #1295-D: Deprecated declaration RES_Read - give arg types
  uint8_t RES_Read();
..\oWo\inte.h(8): warning:  #1-D: last line of file ends without a newline
  #endif
..\oWo\inte.c(18): warning:  #223-D: function "sprintf" declared implicitly
  		sprintf((char *)Lcd_Disp_String, " R=%d     ",ee_read(1));
..\oWo\inte.c(6): warning:  #550-D: variable "tmp"  was set but never used
  		uint8_t tmp[20];
..\oWo\inte.c(28): warning:  #1-D: last line of file ends without a newline
  }
..\oWo\inte.c: 9 warnings, 0 errors
linking...
Program Size: Code=22998 RO-data=5306 RW-data=24 ZI-data=12208  
FromELF: creating hex file...
"owo\owo.axf" - 0 Error(s), 70 Warning(s).

<h2>Software Packages used:</h2>

Package Vendor: ARM
                http://www.keil.com/pack/ARM.CMSIS.5.5.1.pack
                ARM.CMSIS.5.5.1
                CMSIS (Cortex Microcontroller Software Interface Standard)
   * Component: CORE Version: 5.2.0

Package Vendor: Keil
                http://www.keil.com/pack/Keil.STM32G4xx_DFP.1.4.0.pack
                Keil.STM32G4xx_DFP.1.4.0
                STMicroelectronics STM32G4 Series Device Support, Drivers and Examples

<h2>Collection of Component include folders:</h2>
  .\RTE\_owo
  C:\Users\31208\AppData\Local\Arm\Packs\ARM\CMSIS\5.5.1\CMSIS\Core\Include
  C:\Users\31208\AppData\Local\Arm\Packs\Keil\STM32G4xx_DFP\1.4.0\Drivers\CMSIS\Device\ST\STM32G4xx\Include

<h2>Collection of Component Files used:</h2>

   * Component: ARM::CMSIS:CORE:5.2.0
Build Time Elapsed:  00:00:09
</pre>
</body>
</html>
