Component: ARM Compiler 5.06 update 6 (build 750) Tool: armlink [4d35ed]

==============================================================================

Section Cross References

    startup_stm32g431xx.o(STACK) refers (Special) to heapauxi.o(.text) for __use_two_region_memory
    startup_stm32g431xx.o(HEAP) refers (Special) to heapauxi.o(.text) for __use_two_region_memory
    startup_stm32g431xx.o(RESET) refers (Special) to heapauxi.o(.text) for __use_two_region_memory
    startup_stm32g431xx.o(RESET) refers to startup_stm32g431xx.o(STACK) for __initial_sp
    startup_stm32g431xx.o(RESET) refers to startup_stm32g431xx.o(.text) for Reset_Handler
    startup_stm32g431xx.o(RESET) refers to stm32g4xx_it.o(i.NMI_Handler) for NMI_Handler
    startup_stm32g431xx.o(RESET) refers to stm32g4xx_it.o(i.HardFault_Handler) for HardFault_Handler
    startup_stm32g431xx.o(RESET) refers to stm32g4xx_it.o(i.MemManage_Handler) for MemManage_Handler
    startup_stm32g431xx.o(RESET) refers to stm32g4xx_it.o(i.BusFault_Handler) for BusFault_Handler
    startup_stm32g431xx.o(RESET) refers to stm32g4xx_it.o(i.UsageFault_Handler) for UsageFault_Handler
    startup_stm32g431xx.o(RESET) refers to stm32g4xx_it.o(i.SVC_Handler) for SVC_Handler
    startup_stm32g431xx.o(RESET) refers to stm32g4xx_it.o(i.DebugMon_Handler) for DebugMon_Handler
    startup_stm32g431xx.o(RESET) refers to stm32g4xx_it.o(i.PendSV_Handler) for PendSV_Handler
    startup_stm32g431xx.o(RESET) refers to stm32g4xx_it.o(i.SysTick_Handler) for SysTick_Handler
    startup_stm32g431xx.o(RESET) refers to stm32g4xx_it.o(i.EXTI0_IRQHandler) for EXTI0_IRQHandler
    startup_stm32g431xx.o(RESET) refers to stm32g4xx_it.o(i.EXTI1_IRQHandler) for EXTI1_IRQHandler
    startup_stm32g431xx.o(RESET) refers to stm32g4xx_it.o(i.DMA1_Channel1_IRQHandler) for DMA1_Channel1_IRQHandler
    startup_stm32g431xx.o(RESET) refers to stm32g4xx_it.o(i.DMA1_Channel2_IRQHandler) for DMA1_Channel2_IRQHandler
    startup_stm32g431xx.o(RESET) refers to stm32g4xx_it.o(i.TIM3_IRQHandler) for TIM3_IRQHandler
    startup_stm32g431xx.o(RESET) refers to stm32g4xx_it.o(i.USART1_IRQHandler) for USART1_IRQHandler
    startup_stm32g431xx.o(.text) refers (Special) to heapauxi.o(.text) for __use_two_region_memory
    startup_stm32g431xx.o(.text) refers to system_stm32g4xx.o(i.SystemInit) for SystemInit
    startup_stm32g431xx.o(.text) refers to __main.o(!!!main) for __main
    startup_stm32g431xx.o(.text) refers to startup_stm32g431xx.o(HEAP) for Heap_Mem
    startup_stm32g431xx.o(.text) refers to startup_stm32g431xx.o(STACK) for Stack_Mem
    main.o(i.SystemClock_Config) refers to rt_memclr_w.o(.text) for __aeabi_memclr4
    main.o(i.SystemClock_Config) refers to stm32g4xx_hal_pwr_ex.o(i.HAL_PWREx_ControlVoltageScaling) for HAL_PWREx_ControlVoltageScaling
    main.o(i.SystemClock_Config) refers to stm32g4xx_hal_rcc.o(i.HAL_RCC_OscConfig) for HAL_RCC_OscConfig
    main.o(i.SystemClock_Config) refers to main.o(i.Error_Handler) for Error_Handler
    main.o(i.SystemClock_Config) refers to stm32g4xx_hal_rcc.o(i.HAL_RCC_ClockConfig) for HAL_RCC_ClockConfig
    main.o(i.SystemClock_Config) refers to stm32g4xx_hal_rcc_ex.o(i.HAL_RCCEx_PeriphCLKConfig) for HAL_RCCEx_PeriphCLKConfig
    main.o(i.main) refers to _printf_pad.o(.text) for _printf_pre_padding
    main.o(i.main) refers to _printf_percent.o(.ARM.Collect$$_printf_percent$$00000000) for _printf_percent
    main.o(i.main) refers to _printf_f.o(.ARM.Collect$$_printf_percent$$00000003) for _printf_f
    main.o(i.main) refers to printf1.o(x$fpl$printf1) for _printf_fp_dec
    main.o(i.main) refers to stm32g4xx_hal.o(i.HAL_Init) for HAL_Init
    main.o(i.main) refers to main.o(i.SystemClock_Config) for SystemClock_Config
    main.o(i.main) refers to gpio.o(i.MX_GPIO_Init) for MX_GPIO_Init
    main.o(i.main) refers to tim.o(i.MX_TIM3_Init) for MX_TIM3_Init
    main.o(i.main) refers to usart.o(i.MX_USART1_UART_Init) for MX_USART1_UART_Init
    main.o(i.main) refers to dma.o(i.MX_DMA_Init) for MX_DMA_Init
    main.o(i.main) refers to adc.o(i.MX_ADC1_Init) for MX_ADC1_Init
    main.o(i.main) refers to adc.o(i.MX_ADC2_Init) for MX_ADC2_Init
    main.o(i.main) refers to lcd.o(i.LCD_Init) for LCD_Init
    main.o(i.main) refers to lcd.o(i.LCD_Clear) for LCD_Clear
    main.o(i.main) refers to i2c.o(i.I2CInit) for I2CInit
    main.o(i.main) refers to stm32g4xx_hal_uart_ex.o(i.HAL_UARTEx_ReceiveToIdle_DMA) for HAL_UARTEx_ReceiveToIdle_DMA
    main.o(i.main) refers to i2c.o(i.RES_Read) for RES_Read
    main.o(i.main) refers to dflt_clz.o(x$fpl$dfltu) for __aeabi_ui2d
    main.o(i.main) refers to dmul.o(x$fpl$dmul) for __aeabi_dmul
    main.o(i.main) refers to noretval__2sprintf.o(.text) for __2sprintf
    main.o(i.main) refers to lcd.o(i.LCD_DisplayStringLine) for LCD_DisplayStringLine
    main.o(i.main) refers to daddsub_clz.o(x$fpl$dadd) for __aeabi_dadd
    main.o(i.main) refers to ddiv.o(x$fpl$ddiv) for __aeabi_ddiv
[...]
    i.NMI_Handler                            0x08004e4c   Section        0  stm32g4xx_it.o(i.NMI_Handler)
    i.PendSV_Handler                         0x08004e50   Section        0  stm32g4xx_it.o(i.PendSV_Handler)
    i.RCC_GetSysClockFreqFromPLLSource       0x08004e54   Section        0  stm32g4xx_hal_rcc.o(i.RCC_GetSysClockFreqFromPLLSource)
    RCC_GetSysClockFreqFromPLLSource         0x08004e55   Thumb Code    90  stm32g4xx_hal_rcc.o(i.RCC_GetSysClockFreqFromPLLSource)
    i.REG_8230_Init                          0x08004ebc   Section        0  lcd.o(i.REG_8230_Init)
    i.REG_932X_Init                          0x08004fdc   Section        0  lcd.o(i.REG_932X_Init)
    i.RES_Read                               0x080051dc   Section        0  i2c.o(i.RES_Read)
    i.RES_Write                              0x080051fe   Section        0  i2c.o(i.RES_Write)
    i.SCL_Output                             0x08005220   Section        0  i2c.o(i.SCL_Output)
    i.SDA_Input                              0x08005248   Section        0  i2c.o(i.SDA_Input)
    i.SDA_Input_Mode                         0x08005260   Section        0  i2c.o(i.SDA_Input_Mode)
    i.SDA_Output                             0x0800528c   Section        0  i2c.o(i.SDA_Output)
    i.SDA_Output_Mode                        0x080052b4   Section        0  i2c.o(i.SDA_Output_Mode)
    i.SVC_Handler                            0x080052e0   Section        0  stm32g4xx_it.o(i.SVC_Handler)
    i.SysTick_Handler                        0x080052e2   Section        0  stm32g4xx_it.o(i.SysTick_Handler)
    i.SystemClock_Config                     0x080052ea   Section        0  main.o(i.SystemClock_Config)
    i.SystemInit                             0x08005378   Section        0  system_stm32g4xx.o(i.SystemInit)
    i.TIM3_IRQHandler                        0x0800538c   Section        0  stm32g4xx_it.o(i.TIM3_IRQHandler)
    i.TIM_Base_SetConfig                     0x0800539c   Section        0  stm32g4xx_hal_tim.o(i.TIM_Base_SetConfig)
    i.TIM_ETR_SetConfig                      0x08005458   Section        0  stm32g4xx_hal_tim.o(i.TIM_ETR_SetConfig)
    i.TIM_ITRx_SetConfig                     0x08005470   Section        0  stm32g4xx_hal_tim.o(i.TIM_ITRx_SetConfig)
    TIM_ITRx_SetConfig                       0x08005471   Thumb Code    18  stm32g4xx_hal_tim.o(i.TIM_ITRx_SetConfig)
    i.TIM_TI1_ConfigInputStage               0x08005488   Section        0  stm32g4xx_hal_tim.o(i.TIM_TI1_ConfigInputStage)
    TIM_TI1_ConfigInputStage                 0x08005489   Thumb Code    38  stm32g4xx_hal_tim.o(i.TIM_TI1_ConfigInputStage)
    i.TIM_TI2_ConfigInputStage               0x080054ae   Section        0  stm32g4xx_hal_tim.o(i.TIM_TI2_ConfigInputStage)
    TIM_TI2_ConfigInputStage                 0x080054af   Thumb Code    40  stm32g4xx_hal_tim.o(i.TIM_TI2_ConfigInputStage)
    i.UARTEx_SetNbDataToProcess              0x080054d8   Section        0  stm32g4xx_hal_uart_ex.o(i.UARTEx_SetNbDataToProcess)
    UARTEx_SetNbDataToProcess                0x080054d9   Thumb Code    78  stm32g4xx_hal_uart_ex.o(i.UARTEx_SetNbDataToProcess)
    i.UART_AdvFeatureConfig                  0x08005530   Section        0  stm32g4xx_hal_uart.o(i.UART_AdvFeatureConfig)
    i.UART_CheckIdleState                    0x08005628   Section        0  stm32g4xx_hal_uart.o(i.UART_CheckIdleState)
    i.UART_DMAAbortOnError                   0x0800569e   Section        0  stm32g4xx_hal_uart.o(i.UART_DMAAbortOnError)
    UART_DMAAbortOnError                     0x0800569f   Thumb Code    24  stm32g4xx_hal_uart.o(i.UART_DMAAbortOnError)
    i.UART_DMAError                          0x080056b6   Section        0  stm32g4xx_hal_uart.o(i.UART_DMAError)
    UART_DMAError                            0x080056b7   Thumb Code    94  stm32g4xx_hal_uart.o(i.UART_DMAError)
    i.UART_DMAReceiveCplt                    0x08005714   Section        0  stm32g4xx_hal_uart.o(i.UART_DMAReceiveCplt)
    UART_DMAReceiveCplt                      0x08005715   Thumb Code   108  stm32g4xx_hal_uart.o(i.UART_DMAReceiveCplt)
    i.UART_DMARxHalfCplt                     0x08005780   Section        0  stm32g4xx_hal_uart.o(i.UART_DMARxHalfCplt)
    UART_DMARxHalfCplt                       0x08005781   Thumb Code    34  stm32g4xx_hal_uart.o(i.UART_DMARxHalfCplt)
    i.UART_DMATransmitCplt                   0x080057a2   Section        0  stm32g4xx_hal_uart.o(i.UART_DMATransmitCplt)
    UART_DMATransmitCplt                     0x080057a3   Thumb Code    56  stm32g4xx_hal_uart.o(i.UART_DMATransmitCplt)
    i.UART_DMATxHalfCplt                     0x080057da   Section        0  stm32g4xx_hal_uart.o(i.UART_DMATxHalfCplt)
    UART_DMATxHalfCplt                       0x080057db   Thumb Code    14  stm32g4xx_hal_uart.o(i.UART_DMATxHalfCplt)
    i.UART_EndRxTransfer                     0x080057e8   Section        0  stm32g4xx_hal_uart.o(i.UART_EndRxTransfer)
    UART_EndRxTransfer                       0x080057e9   Thumb Code    56  stm32g4xx_hal_uart.o(i.UART_EndRxTransfer)
    i.UART_EndTransmit_IT                    0x08005824   Section        0  stm32g4xx_hal_uart.o(i.UART_EndTransmit_IT)
    UART_EndTransmit_IT                      0x08005825   Thumb Code    34  stm32g4xx_hal_uart.o(i.UART_EndTransmit_IT)
    i.UART_EndTxTransfer                     0x08005846   Section        0  stm32g4xx_hal_uart.o(i.UART_EndTxTransfer)
    UART_EndTxTransfer                       0x08005847   Thumb Code    32  stm32g4xx_hal_uart.o(i.UART_EndTxTransfer)
    i.UART_SetConfig                         0x08005868   Section        0  stm32g4xx_hal_uart.o(i.UART_SetConfig)
    i.UART_Start_Receive_DMA                 0x08005bf4   Section        0  stm32g4xx_hal_uart.o(i.UART_Start_Receive_DMA)
    i.UART_WaitOnFlagUntilTimeout            0x08005c94   Section        0  stm32g4xx_hal_uart.o(i.UART_WaitOnFlagUntilTimeout)
    i.USART1_IRQHandler                      0x08005d54   Section        0  stm32g4xx_it.o(i.USART1_IRQHandler)
    i.UsageFault_Handler                     0x08005d64   Section        0  stm32g4xx_it.o(i.UsageFault_Handler)
    i.__ARM_fpclassify                       0x08005d68   Section        0  fpclassify.o(i.__ARM_fpclassify)
    i.__NVIC_GetPriorityGrouping             0x08005d98   Section        0  stm32g4xx_hal_cortex.o(i.__NVIC_GetPriorityGrouping)
    __NVIC_GetPriorityGrouping               0x08005d99   Thumb Code    10  stm32g4xx_hal_cortex.o(i.__NVIC_GetPriorityGrouping)
    i.__NVIC_SetPriority                     0x08005da8   Section        0  stm32g4xx_hal_cortex.o(i.__NVIC_SetPriority)
    __NVIC_SetPriority                       0x08005da9   Thumb Code    32  stm32g4xx_hal_cortex.o(i.__NVIC_SetPriority)
    i._is_digit                              0x08005dd0   Section        0  __printf_wp.o(i._is_digit)
    i.ctrl                                   0x08005de0   Section        0  led.o(i.ctrl)
    i.delay1                                 0x08005e18   Section        0  i2c.o(i.delay1)
    delay1                                   0x08005e19   Thumb Code    12  i2c.o(i.delay1)
    i.ee_read                                0x08005e24   Section        0  i2c.o(i.ee_read)
    i.ee_write                               0x08005e70   Section        0  i2c.o(i.ee_write)
    i.getADC                                 0x08005ea4   Section        0  badc.o(i.getADC)
    i.main                                   0x08005efc   Section        0  main.o(i.main)
    locale$$code                             0x0800608c   Section       44  lc_numeric_c.o(locale$$code)
    x$fpl$dadd                               0x080060b8   Section      336  daddsub_clz.o(x$fpl$dadd)
    $v0                                      0x080060b8   Number         0  daddsub_clz.o(x$fpl$dadd)
    _dadd1                                   0x080060c9   Thumb Code     0  daddsub_clz.o(x$fpl$dadd)
    x$fpl$ddiv                               0x08006208   Section      688  ddiv.o(x$fpl$ddiv)
    $v0                                      0x08006208   Number         0  ddiv.o(x$fpl$ddiv)
    ddiv_entry                               0x0800620f   Thumb Code     0  ddiv.o(x$fpl$ddiv)
    x$fpl$dflt                               0x080064b8   Section       46  dflt_clz.o(x$fpl$dflt)
    $v0                                      0x080064b8   Number         0  dflt_clz.o(x$fpl$dflt)
    x$fpl$dfltu                              0x080064e6   Section       38  dflt_clz.o(x$fpl$dfltu)
    $v0                                      0x080064e6   Number         0  dflt_clz.o(x$fpl$dfltu)
    x$fpl$dmul                               0x0800650c   Section      340  dmul.o(x$fpl$dmul)
    $v0                                      0x0800650c   Number         0  dmul.o(x$fpl$dmul)
    x$fpl$dnaninf                            0x08006660   Section      156  dnaninf.o(x$fpl$dnaninf)
    $v0                                      0x08006660   Number         0  dnaninf.o(x$fpl$dnaninf)
    x$fpl$dretinf                            0x080066fc   Section       12  dretinf.o(x$fpl$dretinf)
    $v0                                      0x080066fc   Number         0  dretinf.o(x$fpl$dretinf)
    x$fpl$dsub                               0x08006708   Section      468  daddsub_clz.o(x$fpl$dsub)
    $v0                                      0x08006708   Number         0  daddsub_clz.o(x$fpl$dsub)
    _dsub1                                   0x08006719   Thumb Code     0  daddsub_clz.o(x$fpl$dsub)
    x$fpl$fpinit                             0x080068dc   Section       10  fpinit.o(x$fpl$fpinit)
    $v0                                      0x080068dc   Number         0  fpinit.o(x$fpl$fpinit)
    x$fpl$printf1                            0x080068e6   Section        4  printf1.o(x$fpl$printf1)
    $v0                                      0x080068e6   Number         0  printf1.o(x$fpl$printf1)
    .constdata                               0x080068ea   Section       24  stm32g4xx_hal_uart.o(.constdata)
    x$fpl$usenofp                            0x080068ea   Section        0  usenofp.o(x$fpl$usenofp)
    .constdata                               0x08006902   Section       16  stm32g4xx_hal_uart_ex.o(.constdata)
    numerator                                0x08006902   Data           8  stm32g4xx_hal_uart_ex.o(.constdata)
    denominator                              0x0800690a   Data           8  stm32g4xx_hal_uart_ex.o(.constdata)
    .constdata                               0x08006912   Section       24  system_stm32g4xx.o(.constdata)
    .constdata                               0x0800692a   Section     4560  lcd.o(.constdata)
    .constdata                               0x08007afc   Section      148  bigflt0.o(.constdata)
    tenpwrs_x                                0x08007afc   Data          60  bigflt0.o(.constdata)
    tenpwrs_i                                0x08007b38   Data          64  bigflt0.o(.constdata)
    locale$$data                             0x08007bb0   Section       28  lc_numeric_c.o(locale$$data)
    __lcnum_c_name                           0x08007bb4   Data           2  lc_numeric_c.o(locale$$data)
    __lcnum_c_start                          0x08007bbc   Data           0  lc_numeric_c.o(locale$$data)
    __lcnum_c_point                          0x08007bc8   Data           0  lc_numeric_c.o(locale$$data)
    __lcnum_c_thousands                      0x08007bca   Data           0  lc_numeric_c.o(locale$$data)
    __lcnum_c_grouping                       0x08007bcb   Data           0  lc_numeric_c.o(locale$$data)
    __lcnum_c_end                            0x08007bcc   Data           0  lc_numeric_c.o(locale$$data)
    .data                                    0x20000000   Section        4  adc.o(.data)
    HAL_RCC_ADC12_CLK_ENABLED                0x20000000   Data           4  adc.o(.data)
    .data                                    0x20000004   Section       12  stm32g4xx_hal.o(.data)
    .data                                    0x20000010   Section        4  system_stm32g4xx.o(.data)
    .data                                    0x20000014   Section        6  lcd.o(.data)
    TextColor                                0x20000014   Data           2  lcd.o(.data)
    BackColor                                0x20000016   Data           2  lcd.o(.data)
    .bss                                     0x2000001c   Section    10020  main.o(.bss)
    .bss                                     0x20002740   Section      216  adc.o(.bss)
    .bss                                     0x20002818   Section       76  tim.o(.bss)
    .bss                                     0x20002864   Section      336  usart.o(.bss)
    .bss                                     0x200029b4   Section       96  libspace.o(.bss)
    HEAP                                     0x20002a18   Section      512  startup_stm32g431xx.o(HEAP)
    Heap_Mem                                 0x20002a18   Data         512  startup_stm32g431xx.o(HEAP)
    STACK                                    0x20002c18   Section     1024  startup_stm32g431xx.o(STACK)
    Stack_Mem                                0x20002c18   Data        1024  startup_stm32g431xx.o(STACK)
    __initial_sp                             0x20003018   Data           0  startup_stm32g431xx.o(STACK)

    Global Symbols

    Symbol Name                              Value     Ov Type        Size  Object(Section)

    BuildAttributes$$THM_ISAv4$E$P$D$K$B$S$7EM$VFPi3$EXTD16$VFPS$VFMA$PE$A:L22UL41UL21$X:L11$S22US41US21$IEEE1$IW$USESV6$~STKCKD$USESV7$~SHL$OTIME$ROPI$IEEEJ$EBA8$UX$STANDARDLIB$REQ8$PRES8$EABIv2 0x00000000   Number         0  anon$$obj.o ABSOLUTE
    __ARM_use_no_argv                        0x00000000   Number         0  main.o ABSOLUTE
    _printf_flags                            0x00000000   Number         0  printf_stubs.o ABSOLUTE
    _printf_return_value                     0x00000000   Number         0  printf_stubs.o ABSOLUTE
    _printf_sizespec                         0x00000000   Number         0  printf_stubs.o ABSOLUTE
    _printf_widthprec                        0x00000000   Number         0  printf_stubs.o ABSOLUTE
    __ARM_exceptions_init                     - Undefined Weak Reference
    __alloca_initialize                       - Undefined Weak Reference
    __arm_preinit_                            - Undefined Weak Reference
    __cpp_initialize__aeabi_                  - Undefined Weak Reference
    __cxa_finalize                            - Undefined Weak Reference
    __sigvec_lookup                           - Undefined Weak Reference
    _atexit_init                              - Undefined Weak Reference
    _call_atexit_fns                          - Undefined Weak Reference
    _clock_init                               - Undefined Weak Reference
    _fp_trap_init                             - Undefined Weak Reference
    _fp_trap_shutdown                         - Undefined Weak Reference
    _get_lc_collate                           - Undefined Weak Reference
    _get_lc_ctype                             - Undefined Weak Reference
    _get_lc_monetary                          - Undefined Weak Reference
    _get_lc_time                              - Undefined Weak Reference
    _getenv_init                              - Undefined Weak Reference
    _handle_redirection                       - Undefined Weak Reference
    _init_alloc                               - Undefined Weak Reference
    _init_user_alloc                          - Undefined Weak Reference
    _initio                                   - Undefined Weak Reference
    _rand_init                                - Undefined Weak Reference
    _signal_finish                            - Undefined Weak Reference
    _signal_init                              - Undefined Weak Reference
    _terminate_alloc                          - Undefined Weak Reference
    _terminate_user_alloc                     - Undefined Weak Reference
    _terminateio                              - Undefined Weak Reference
    __Vectors_Size                           0x000001d8   Number         0  startup_stm32g431xx.o ABSOLUTE
    __Vectors                                0x08000000   Data           4  startup_stm32g431xx.o(RESET)
    __Vectors_End                            0x080001d8   Data           0  startup_stm32g431xx.o(RESET)
    __main                                   0x080001d9   Thumb Code     8  __main.o(!!!main)
    __scatterload                            0x080001e1   Thumb Code     0  __scatter.o(!!!scatter)
    __scatterload_rt2                        0x080001e1   Thumb Code    44  __scatter.o(!!!scatter)
    __scatterload_rt2_thumb_only             0x080001e1   Thumb Code     0  __scatter.o(!!!scatter)
    __scatterload_null                       0x080001ef   Thumb Code     0  __scatter.o(!!!scatter)
    __scatterload_copy                       0x08000215   Thumb Code    26  __scatter_copy.o(!!handler_copy)
    __scatterload_zeroinit                   0x08000231   Thumb Code    28  __scatter_zi.o(!!handler_zi)
    _printf_f                                0x0800024d   Thumb Code     0  _printf_f.o(.ARM.Collect$$_printf_percent$$00000003)
    _printf_percent                          0x0800024d   Thumb Code     0  _printf_percent.o(.ARM.Collect$$_printf_percent$$00000000)
    _printf_percent_end                      0x08000253   Thumb Code     0  _printf_percent_end.o(.ARM.Collect$$_printf_percent$$00000017)
    __rt_lib_init                            0x08000257   Thumb Code     0  libinit.o(.ARM.Collect$$libinit$$00000000)
    __rt_lib_init_fp_1                       0x08000259   Thumb Code     0  libinit2.o(.ARM.Collect$$libinit$$00000001)
    __rt_lib_init_heap_1                     0x0800025d   Thumb Code     0  libinit2.o(.ARM.Collect$$libinit$$0000000A)
    __rt_lib_init_lc_common                  0x0800025d   Thumb Code     0  libinit2.o(.ARM.Collect$$libinit$$0000000F)
    __rt_lib_init_preinit_1                  0x0800025d   Thumb Code     0  libinit2.o(.ARM.Collect$$libinit$$00000004)
    __rt_lib_init_rand_1                     0x0800025d   Thumb Code     0  libinit2.o(.ARM.Collect$$libinit$$0000000E)
    __rt_lib_init_user_alloc_1               0x0800025d   Thumb Code     0  libinit2.o(.ARM.Collect$$libinit$$0000000C)
    __rt_lib_init_lc_collate_1               0x08000263   Thumb Code     0  libinit2.o(.ARM.Collect$$libinit$$00000011)
    __rt_lib_init_lc_ctype_1                 0x08000263   Thumb Code     0  libinit2.o(.ARM.Collect$$libinit$$00000013)
    __rt_lib_init_lc_monetary_1              0x08000263   Thumb Code     0  libinit2.o(.ARM.Collect$$libinit$$00000015)
    __rt_lib_init_lc_numeric_2               0x08000263   Thumb Code     0  libinit2.o(.ARM.Collect$$libinit$$00000016)
    __rt_lib_init_alloca_1                   0x0800026d   Thumb Code     0  libinit2.o(.ARM.Collect$$libinit$$0000002E)
    __rt_lib_init_argv_1                     0x0800026d   Thumb Code     0  libinit2.o(.ARM.Collect$$libinit$$0000002C)
    __rt_lib_init_atexit_1                   0x0800026d   Thumb Code     0  libinit2.o(.ARM.Collect$$libinit$$0000001B)
    __rt_lib_init_clock_1                    0x0800026d   Thumb Code     0  libinit2.o(.ARM.Collect$$libinit$$00000021)
    __rt_lib_init_cpp_1                      0x0800026d   Thumb Code     0  libinit2.o(.ARM.Collect$$libinit$$00000032)
    __rt_lib_init_exceptions_1               0x0800026d   Thumb Code     0  libinit2.o(.ARM.Collect$$libinit$$00000030)
    __rt_lib_init_fp_trap_1                  0x0800026d   Thumb Code     0  libinit2.o(.ARM.Collect$$libinit$$0000001F)
    __rt_lib_init_getenv_1                   0x0800026d   Thumb Code     0  libinit2.o(.ARM.Collect$$libinit$$00000023)
    __rt_lib_init_lc_numeric_1               0x0800026d   Thumb Code     0  libinit2.o(.ARM.Collect$$libinit$$00000017)
    __rt_lib_init_lc_time_1                  0x0800026d   Thumb Code     0  libinit2.o(.ARM.Collect$$libinit$$00000019)
    __rt_lib_init_return                     0x0800026d   Thumb Code     0  libinit2.o(.ARM.Collect$$libinit$$00000033)
    __rt_lib_init_signal_1                   0x0800026d   Thumb Code     0  libinit2.o(.ARM.Collect$$libinit$$0000001D)
    __rt_lib_init_stdio_1                    0x0800026d   Thumb Code     0  libinit2.o(.ARM.Collect$$libinit$$00000025)
    __rt_lib_shutdown                        0x0800026f   Thumb Code     0  libshutdown.o(.ARM.Collect$$libshutdown$$00000000)
    __rt_lib_shutdown_cpp_1                  0x08000271   Thumb Code     0  libshutdown2.o(.ARM.Collect$$libshutdown$$00000002)
    __rt_lib_shutdown_fp_trap_1              0x08000271   Thumb Code     0  libshutdown2.o(.ARM.Collect$$libshutdown$$00000007)
    __rt_lib_shutdown_heap_1                 0x08000271   Thumb Code     0  libshutdown2.o(.ARM.Collect$$libshutdown$$0000000F)
    __rt_lib_shutdown_return                 0x08000271   Thumb Code     0  libshutdown2.o(.ARM.Collect$$libshutdown$$00000010)
    __rt_lib_shutdown_signal_1               0x08000271   Thumb Code     0  libshutdown2.o(.ARM.Collect$$libshutdown$$0000000A)
    __rt_lib_shutdown_stdio_1                0x08000271   Thumb Code     0  libshutdown2.o(.ARM.Collect$$libshutdown$$00000004)
    __rt_lib_shutdown_user_alloc_1           0x08000271   Thumb Code     0  libshutdown2.o(.ARM.Collect$$libshutdown$$0000000C)
    __rt_entry                               0x08000273   Thumb Code     0  __rtentry.o(.ARM.Collect$$rtentry$$00000000)
    __rt_entry_presh_1                       0x08000273   Thumb Code     0  __rtentry2.o(.ARM.Collect$$rtentry$$00000002)
    __rt_entry_sh                            0x08000273   Thumb Code     0  __rtentry4.o(.ARM.Collect$$rtentry$$00000004)
    __rt_entry_li                            0x08000279   Thumb Code     0  __rtentry2.o(.ARM.Collect$$rtentry$$0000000A)
    __rt_entry_postsh_1                      0x08000279   Thumb Code     0  __rtentry2.o(.ARM.Collect$$rtentry$$00000009)
    __rt_entry_main                          0x0800027d   Thumb Code     0  __rtentry2.o(.ARM.Collect$$rtentry$$0000000D)
    __rt_entry_postli_1                      0x0800027d   Thumb Code     0  __rtentry2.o(.ARM.Collect$$rtentry$$0000000C)
    __rt_exit                                0x08000285   Thumb Code     0  rtexit.o(.ARM.Collect$$rtexit$$00000000)
    __rt_exit_ls                             0x08000287   Thumb Code     0  rtexit2.o(.ARM.Collect$$rtexit$$00000003)
    __rt_exit_prels_1                        0x08000287   Thumb Code     0  rtexit2.o(.ARM.Collect$$rtexit$$00000002)
    __rt_exit_exit                           0x0800028b   Thumb Code     0  rtexit2.o(.ARM.Collect$$rtexit$$00000004)
    Reset_Handler                            0x08000291   Thumb Code     8  startup_stm32g431xx.o(.text)
    ADC1_2_IRQHandler                        0x080002ab   Thumb Code     0  startup_stm32g431xx.o(.text)
    COMP1_2_3_IRQHandler                     0x080002ab   Thumb Code     0  startup_stm32g431xx.o(.text)
    COMP4_IRQHandler                         0x080002ab   Thumb Code     0  startup_stm32g431xx.o(.text)
    CORDIC_IRQHandler                        0x080002ab   Thumb Code     0  startup_stm32g431xx.o(.text)
    CRS_IRQHandler                           0x080002ab   Thumb Code     0  startup_stm32g431xx.o(.text)
    DMA1_Channel3_IRQHandler                 0x080002ab   Thumb Code     0  startup_stm32g431xx.o(.text)
    DMA1_Channel4_IRQHandler                 0x080002ab   Thumb Code     0  startup_stm32g431xx.o(.text)
    DMA1_Channel5_IRQHandler                 0x080002ab   Thumb Code     0  startup_stm32g431xx.o(.text)
    DMA1_Channel6_IRQHandler                 0x080002ab   Thumb Code     0  startup_stm32g431xx.o(.text)
    DMA2_Channel1_IRQHandler                 0x080002ab   Thumb Code     0  startup_stm32g431xx.o(.text)
    DMA2_Channel2_IRQHandler                 0x080002ab   Thumb Code     0  startup_stm32g431xx.o(.text)
    DMA2_Channel3_IRQHandler                 0x080002ab   Thumb Code     0  startup_stm32g431xx.o(.text)
    DMA2_Channel4_IRQHandler                 0x080002ab   Thumb Code     0  startup_stm32g431xx.o(.text)
    DMA2_Channel5_IRQHandler                 0x080002ab   Thumb Code     0  startup_stm32g431xx.o(.text)
    DMA2_Channel6_IRQHandler                 0x080002ab   Thumb Code     0  startup_stm32g431xx.o(.text)
    DMAMUX_OVR_IRQHandler                    0x080002ab   Thumb Code     0  startup_stm32g431xx.o(.text)
    EXTI15_10_IRQHandler                     0x080002ab   Thumb Code     0  startup_stm32g431xx.o(.text)
    EXTI2_IRQHandler                         0x080002ab   Thumb Code     0  startup_stm32g431xx.o(.text)
    EXTI3_IRQHandler                         0x080002ab   Thumb Code     0  startup_stm32g431xx.o(.text)
    EXTI4_IRQHandler                         0x080002ab   Thumb Code     0  startup_stm32g431xx.o(.text)
    EXTI9_5_IRQHandler                       0x080002ab   Thumb Code     0  startup_stm32g431xx.o(.text)
    FDCAN1_IT0_IRQHandler                    0x080002ab   Thumb Code     0  startup_stm32g431xx.o(.text)
    FDCAN1_IT1_IRQHandler                    0x080002ab   Thumb Code     0  startup_stm32g431xx.o(.text)
    FLASH_IRQHandler                         0x080002ab   Thumb Code     0  startup_stm32g431xx.o(.text)
    FMAC_IRQHandler                          0x080002ab   Thumb Code     0  startup_stm32g431xx.o(.text)
    FPU_IRQHandler                           0x080002ab   Thumb Code     0  startup_stm32g431xx.o(.text)
    I2C1_ER_IRQHandler                       0x080002ab   Thumb Code     0  startup_stm32g431xx.o(.text)
    I2C1_EV_IRQHandler                       0x080002ab   Thumb Code     0  startup_stm32g431xx.o(.text)
    I2C2_ER_IRQHandler                       0x080002ab   Thumb Code     0  startup_stm32g431xx.o(.text)
    I2C2_EV_IRQHandler                       0x080002ab   Thumb Code     0  startup_stm32g431xx.o(.text)
    I2C3_ER_IRQHandler                       0x080002ab   Thumb Code     0  startup_stm32g431xx.o(.text)
    I2C3_EV_IRQHandler                       0x080002ab   Thumb Code     0  startup_stm32g431xx.o(.text)
    LPTIM1_IRQHandler                        0x080002ab   Thumb Code     0  startup_stm32g431xx.o(.text)
    LPUART1_IRQHandler                       0x080002ab   Thumb Code     0  startup_stm32g431xx.o(.text)
    PVD_PVM_IRQHandler                       0x080002ab   Thumb Code     0  startup_stm32g431xx.o(.text)
    RCC_IRQHandler                           0x080002ab   Thumb Code     0  startup_stm32g431xx.o(.text)
    RNG_IRQHandler                           0x080002ab   Thumb Code     0  startup_stm32g431xx.o(.text)
    RTC_Alarm_IRQHandler                     0x080002ab   Thumb Code     0  startup_stm32g431xx.o(.text)
    RTC_TAMP_LSECSS_IRQHandler               0x080002ab   Thumb Code     0  startup_stm32g431xx.o(.text)
    RTC_WKUP_IRQHandler                      0x080002ab   Thumb Code     0  startup_stm32g431xx.o(.text)
    SAI1_IRQHandler                          0x080002ab   Thumb Code     0  startup_stm32g431xx.o(.text)
    SPI1_IRQHandler                          0x080002ab   Thumb Code     0  startup_stm32g431xx.o(.text)
    SPI2_IRQHandler                          0x080002ab   Thumb Code     0  startup_stm32g431xx.o(.text)
    SPI3_IRQHandler                          0x080002ab   Thumb Code     0  startup_stm32g431xx.o(.text)
    TIM1_BRK_TIM15_IRQHandler                0x080002ab   Thumb Code     0  startup_stm32g431xx.o(.text)
    TIM1_CC_IRQHandler                       0x080002ab   Thumb Code     0  startup_stm32g431xx.o(.text)
    TIM1_TRG_COM_TIM17_IRQHandler            0x080002ab   Thumb Code     0  startup_stm32g431xx.o(.text)
    TIM1_UP_TIM16_IRQHandler                 0x080002ab   Thumb Code     0  startup_stm32g431xx.o(.text)
    TIM2_IRQHandler                          0x080002ab   Thumb Code     0  startup_stm32g431xx.o(.text)
    TIM4_IRQHandler                          0x080002ab   Thumb Code     0  startup_stm32g431xx.o(.text)
    TIM6_DAC_IRQHandler                      0x080002ab   Thumb Code     0  startup_stm32g431xx.o(.text)
    TIM7_IRQHandler                          0x080002ab   Thumb Code     0  startup_stm32g431xx.o(.text)
    TIM8_BRK_IRQHandler                      0x080002ab   Thumb Code     0  startup_stm32g431xx.o(.text)
    TIM8_CC_IRQHandler                       0x080002ab   Thumb Code     0  startup_stm32g431xx.o(.text)
    TIM8_TRG_COM_IRQHandler                  0x080002ab   Thumb Code     0  startup_stm32g431xx.o(.text)
    TIM8_UP_IRQHandler                       0x080002ab   Thumb Code     0  startup_stm32g431xx.o(.text)
    UART4_IRQHandler                         0x080002ab   Thumb Code     0  startup_stm32g431xx.o(.text)
    UCPD1_IRQHandler                         0x080002ab   Thumb Code     0  startup_stm32g431xx.o(.text)
    USART2_IRQHandler                        0x080002ab   Thumb Code     0  startup_stm32g431xx.o(.text)
    USART3_IRQHandler                        0x080002ab   Thumb Code     0  startup_stm32g431xx.o(.text)
    USBWakeUp_IRQHandler                     0x080002ab   Thumb Code     0  startup_stm32g431xx.o(.text)
    USB_HP_IRQHandler                        0x080002ab   Thumb Code     0  startup_stm32g431xx.o(.text)
    USB_LP_IRQHandler                        0x080002ab   Thumb Code     0  startup_stm32g431xx.o(.text)
    WWDG_IRQHandler                          0x080002ab   Thumb Code     0  startup_stm32g431xx.o(.text)
    __user_initial_stackheap                 0x080002ad   Thumb Code     0  startup_stm32g431xx.o(.text)
    __aeabi_uldivmod                         0x080002d1   Thumb Code     0  lludivv7m.o(.text)
    _ll_udiv                                 0x080002d1   Thumb Code   238  lludivv7m.o(.text)
    __2sprintf                               0x080003c1   Thumb Code    34  noretval__2sprintf.o(.text)
    _printf_pre_padding                      0x080003e9   Thumb Code    44  _printf_pad.o(.text)
    _printf_post_padding                     0x08000415   Thumb Code    34  _printf_pad.o(.text)
    __printf                                 0x08000437   Thumb Code   270  __printf_wp.o(.text)
    __aeabi_memclr4                          0x08000545   Thumb Code     0  rt_memclr_w.o(.text)
    __aeabi_memclr8                          0x08000545   Thumb Code     0  rt_memclr_w.o(.text)
    __rt_memclr_w                            0x08000545   Thumb Code    78  rt_memclr_w.o(.text)
    _memset_w                                0x08000549   Thumb Code     0  rt_memclr_w.o(.text)
    __use_two_region_memory                  0x08000593   Thumb Code     2  heapauxi.o(.text)
    __rt_heap_escrow$2region                 0x08000595   Thumb Code     2  heapauxi.o(.text)
    __rt_heap_expand$2region                 0x08000597   Thumb Code     2  heapauxi.o(.text)
    __lib_sel_fp_printf                      0x08000599   Thumb Code     2  _printf_fp_dec.o(.text)
    _printf_fp_dec_real                      0x0800074b   Thumb Code   620  _printf_fp_dec.o(.text)
    _printf_char_common                      0x080009c3   Thumb Code    32  _printf_char_common.o(.text)
    _sputc                                   0x080009e9   Thumb Code    10  _sputc.o(.text)
    __rt_locale                              0x080009f5   Thumb Code     8  rt_locale_intlibspace.o(.text)
    _ll_udiv10                               0x080009fd   Thumb Code   138  lludiv10.o(.text)
    _printf_fp_infnan                        0x08000a89   Thumb Code   112  _printf_fp_infnan.o(.text)
    _btod_etento                             0x08000b09   Thumb Code   224  bigflt0.o(.text)
    __user_libspace                          0x08000bed   Thumb Code     8  libspace.o(.text)
    __user_perproc_libspace                  0x08000bed   Thumb Code     0  libspace.o(.text)
    __user_perthread_libspace                0x08000bed   Thumb Code     0  libspace.o(.text)
    __user_setup_stackheap                   0x08000bf5   Thumb Code    74  sys_stackheap_outer.o(.text)
    exit                                     0x08000c3f   Thumb Code    18  exit.o(.text)
    strcmp                                   0x08000c51   Thumb Code   128  strcmpv7m.o(.text)
    _sys_exit                                0x08000cd1   Thumb Code     8  sys_exit.o(.text)
    __I$use$semihosting                      0x08000cdd   Thumb Code     0  use_no_semi.o(.text)
    __use_no_semihosting_swi                 0x08000cdd   Thumb Code     2  use_no_semi.o(.text)
    __semihosting_library_function           0x08000cdf   Thumb Code     0  indicate_semi.o(.text)
    _btod_d2e                                0x08000cdf   Thumb Code    62  btod.o(CL$$btod_d2e)
    _d2e_denorm_low                          0x08000d1d   Thumb Code    70  btod.o(CL$$btod_d2e_denorm_low)
    _d2e_norm_op1                            0x08000d63   Thumb Code    96  btod.o(CL$$btod_d2e_norm_op1)
    __btod_div_common                        0x08000dc3   Thumb Code   696  btod.o(CL$$btod_div_common)
    _e2e                                     0x080010fb   Thumb Code   220  btod.o(CL$$btod_e2e)
    _btod_ediv                               0x080011d7   Thumb Code    42  btod.o(CL$$btod_ediv)
    _btod_emul                               0x08001201   Thumb Code    42  btod.o(CL$$btod_emul)
    __btod_mult_common                       0x0800122b   Thumb Code   580  btod.o(CL$$btod_mult_common)
    ADC_Enable                               0x08001471   Thumb Code   128  stm32g4xx_hal_adc.o(i.ADC_Enable)
    BusFault_Handler                         0x080014f5   Thumb Code     4  stm32g4xx_it.o(i.BusFault_Handler)
    DMA1_Channel1_IRQHandler                 0x080014f9   Thumb Code    10  stm32g4xx_it.o(i.DMA1_Channel1_IRQHandler)
    DMA1_Channel2_IRQHandler                 0x08001509   Thumb Code    10  stm32g4xx_it.o(i.DMA1_Channel2_IRQHandler)
    DebugMon_Handler                         0x080015c1   Thumb Code     2  stm32g4xx_it.o(i.DebugMon_Handler)
    Delay_LCD                                0x080015c3   Thumb Code    30  lcd.o(i.Delay_LCD)
    EXTI0_IRQHandler                         0x080015e1   Thumb Code   210  stm32g4xx_it.o(i.EXTI0_IRQHandler)
    EXTI1_IRQHandler                         0x080016e1   Thumb Code    70  stm32g4xx_it.o(i.EXTI1_IRQHandler)
    Error_Handler                            0x0800174d   Thumb Code     6  main.o(i.Error_Handler)
    HAL_ADCEx_MultiModeConfigChannel         0x08001755   Thumb Code   260  stm32g4xx_hal_adc_ex.o(i.HAL_ADCEx_MultiModeConfigChannel)
    HAL_ADC_ConfigChannel                    0x08001861   Thumb Code  1252  stm32g4xx_hal_adc.o(i.HAL_ADC_ConfigChannel)
    HAL_ADC_GetValue                         0x08001d69   Thumb Code     8  stm32g4xx_hal_adc.o(i.HAL_ADC_GetValue)
    HAL_ADC_Init                             0x08001d71   Thumb Code   586  stm32g4xx_hal_adc.o(i.HAL_ADC_Init)
    HAL_ADC_MspInit                          0x08001fd9   Thumb Code   226  adc.o(i.HAL_ADC_MspInit)
    HAL_ADC_Start                            0x080020cd   Thumb Code   276  stm32g4xx_hal_adc.o(i.HAL_ADC_Start)
    HAL_DMA_Abort                            0x080021e9   Thumb Code   118  stm32g4xx_hal_dma.o(i.HAL_DMA_Abort)
    HAL_DMA_Abort_IT                         0x0800225f   Thumb Code   148  stm32g4xx_hal_dma.o(i.HAL_DMA_Abort_IT)
    HAL_DMA_IRQHandler                       0x080022f3   Thumb Code   254  stm32g4xx_hal_dma.o(i.HAL_DMA_IRQHandler)
    HAL_DMA_Init                             0x080023f1   Thumb Code   200  stm32g4xx_hal_dma.o(i.HAL_DMA_Init)
    HAL_DMA_Start_IT                         0x080024c1   Thumb Code   194  stm32g4xx_hal_dma.o(i.HAL_DMA_Start_IT)
    HAL_Delay                                0x08002585   Thumb Code    36  stm32g4xx_hal.o(i.HAL_Delay)
    HAL_GPIO_EXTI_Callback                   0x080025ad   Thumb Code     2  stm32g4xx_hal_gpio.o(i.HAL_GPIO_EXTI_Callback)
    HAL_GPIO_EXTI_IRQHandler                 0x080025b1   Thumb Code    24  stm32g4xx_hal_gpio.o(i.HAL_GPIO_EXTI_IRQHandler)
    HAL_GPIO_Init                            0x080025cd   Thumb Code   438  stm32g4xx_hal_gpio.o(i.HAL_GPIO_Init)
    HAL_GPIO_ReadPin                         0x080027a5   Thumb Code    16  stm32g4xx_hal_gpio.o(i.HAL_GPIO_ReadPin)
    HAL_GPIO_WritePin                        0x080027b5   Thumb Code    10  stm32g4xx_hal_gpio.o(i.HAL_GPIO_WritePin)
    HAL_GetTick                              0x080027c1   Thumb Code     6  stm32g4xx_hal.o(i.HAL_GetTick)
    HAL_IncTick                              0x080027cd   Thumb Code    16  stm32g4xx_hal.o(i.HAL_IncTick)
    HAL_Init                                 0x080027e5   Thumb Code    30  stm32g4xx_hal.o(i.HAL_Init)
    HAL_InitTick                             0x08002805   Thumb Code    74  stm32g4xx_hal.o(i.HAL_InitTick)
    HAL_MspInit                              0x0800285d   Thumb Code    62  stm32g4xx_hal_msp.o(i.HAL_MspInit)
    HAL_NVIC_EnableIRQ                       0x080028a1   Thumb Code    40  stm32g4xx_hal_cortex.o(i.HAL_NVIC_EnableIRQ)
    HAL_NVIC_SetPriority                     0x080028c9   Thumb Code   122  stm32g4xx_hal_cortex.o(i.HAL_NVIC_SetPriority)
    HAL_NVIC_SetPriorityGrouping             0x08002945   Thumb Code    32  stm32g4xx_hal_cortex.o(i.HAL_NVIC_SetPriorityGrouping)
    HAL_PWREx_ControlVoltageScaling          0x0800296d   Thumb Code   268  stm32g4xx_hal_pwr_ex.o(i.HAL_PWREx_ControlVoltageScaling)
    HAL_PWREx_DisableUCPDDeadBattery         0x08002a85   Thumb Code    14  stm32g4xx_hal_pwr_ex.o(i.HAL_PWREx_DisableUCPDDeadBattery)
    HAL_RCCEx_PeriphCLKConfig                0x08002a99   Thumb Code   872  stm32g4xx_hal_rcc_ex.o(i.HAL_RCCEx_PeriphCLKConfig)
    HAL_RCC_ClockConfig                      0x08002e09   Thumb Code   522  stm32g4xx_hal_rcc.o(i.HAL_RCC_ClockConfig)
    HAL_RCC_GetHCLKFreq                      0x0800302d   Thumb Code     6  stm32g4xx_hal_rcc.o(i.HAL_RCC_GetHCLKFreq)
    HAL_RCC_GetPCLK1Freq                     0x08003039   Thumb Code    26  stm32g4xx_hal_rcc.o(i.HAL_RCC_GetPCLK1Freq)
    HAL_RCC_GetPCLK2Freq                     0x0800305d   Thumb Code    26  stm32g4xx_hal_rcc.o(i.HAL_RCC_GetPCLK2Freq)
    HAL_RCC_GetSysClockFreq                  0x08003081   Thumb Code   138  stm32g4xx_hal_rcc.o(i.HAL_RCC_GetSysClockFreq)
    HAL_RCC_OscConfig                        0x08003119   Thumb Code  1370  stm32g4xx_hal_rcc.o(i.HAL_RCC_OscConfig)
    HAL_SYSTICK_Config                       0x08003681   Thumb Code    52  stm32g4xx_hal_cortex.o(i.HAL_SYSTICK_Config)
    HAL_TIMEx_Break2Callback                 0x080036b5   Thumb Code     2  stm32g4xx_hal_tim_ex.o(i.HAL_TIMEx_Break2Callback)
    HAL_TIMEx_BreakCallback                  0x080036b7   Thumb Code     2  stm32g4xx_hal_tim_ex.o(i.HAL_TIMEx_BreakCallback)
    HAL_TIMEx_CommutCallback                 0x080036b9   Thumb Code     2  stm32g4xx_hal_tim_ex.o(i.HAL_TIMEx_CommutCallback)
    HAL_TIMEx_DirectionChangeCallback        0x080036bb   Thumb Code     2  stm32g4xx_hal_tim_ex.o(i.HAL_TIMEx_DirectionChangeCallback)
    HAL_TIMEx_EncoderIndexCallback           0x080036bd   Thumb Code     2  stm32g4xx_hal_tim_ex.o(i.HAL_TIMEx_EncoderIndexCallback)
    HAL_TIMEx_IndexErrorCallback             0x080036bf   Thumb Code     2  stm32g4xx_hal_tim_ex.o(i.HAL_TIMEx_IndexErrorCallback)
    HAL_TIMEx_MasterConfigSynchronization    0x080036c1   Thumb Code   158  stm32g4xx_hal_tim_ex.o(i.HAL_TIMEx_MasterConfigSynchronization)
    HAL_TIMEx_TransitionErrorCallback        0x08003779   Thumb Code     2  stm32g4xx_hal_tim_ex.o(i.HAL_TIMEx_TransitionErrorCallback)
    HAL_TIM_Base_Init                        0x0800377b   Thumb Code   110  stm32g4xx_hal_tim.o(i.HAL_TIM_Base_Init)
    HAL_TIM_Base_MspInit                     0x080037e9   Thumb Code    58  tim.o(i.HAL_TIM_Base_MspInit)
    HAL_TIM_ConfigClockSource                0x0800382d   Thumb Code   296  stm32g4xx_hal_tim.o(i.HAL_TIM_ConfigClockSource)
    HAL_TIM_IC_CaptureCallback               0x0800395d   Thumb Code     2  stm32g4xx_hal_tim.o(i.HAL_TIM_IC_CaptureCallback)
    HAL_TIM_IRQHandler                       0x0800395f   Thumb Code   576  stm32g4xx_hal_tim.o(i.HAL_TIM_IRQHandler)
    HAL_TIM_OC_DelayElapsedCallback          0x08003b9f   Thumb Code     2  stm32g4xx_hal_tim.o(i.HAL_TIM_OC_DelayElapsedCallback)
    HAL_TIM_PWM_PulseFinishedCallback        0x08003ba1   Thumb Code     2  stm32g4xx_hal_tim.o(i.HAL_TIM_PWM_PulseFinishedCallback)
    HAL_TIM_PeriodElapsedCallback            0x08003ba3   Thumb Code     2  stm32g4xx_hal_tim.o(i.HAL_TIM_PeriodElapsedCallback)
    HAL_TIM_TriggerCallback                  0x08003ba5   Thumb Code     2  stm32g4xx_hal_tim.o(i.HAL_TIM_TriggerCallback)
    HAL_UARTEx_DisableFifoMode               0x08003ba7   Thumb Code    78  stm32g4xx_hal_uart_ex.o(i.HAL_UARTEx_DisableFifoMode)
    HAL_UARTEx_ReceiveToIdle_DMA             0x08003bf5   Thumb Code   102  stm32g4xx_hal_uart_ex.o(i.HAL_UARTEx_ReceiveToIdle_DMA)
    HAL_UARTEx_RxEventCallback               0x08003c5d   Thumb Code   134  inte.o(i.HAL_UARTEx_RxEventCallback)
    HAL_UARTEx_RxFifoFullCallback            0x08003ced   Thumb Code     2  stm32g4xx_hal_uart_ex.o(i.HAL_UARTEx_RxFifoFullCallback)
    HAL_UARTEx_SetRxFifoThreshold            0x08003cef   Thumb Code    94  stm32g4xx_hal_uart_ex.o(i.HAL_UARTEx_SetRxFifoThreshold)
    HAL_UARTEx_SetTxFifoThreshold            0x08003d4d   Thumb Code    94  stm32g4xx_hal_uart_ex.o(i.HAL_UARTEx_SetTxFifoThreshold)
    HAL_UARTEx_TxFifoEmptyCallback           0x08003dab   Thumb Code     2  stm32g4xx_hal_uart_ex.o(i.HAL_UARTEx_TxFifoEmptyCallback)
    HAL_UARTEx_WakeupCallback                0x08003dad   Thumb Code     2  stm32g4xx_hal_uart_ex.o(i.HAL_UARTEx_WakeupCallback)
    HAL_UART_ErrorCallback                   0x08003daf   Thumb Code     2  stm32g4xx_hal_uart.o(i.HAL_UART_ErrorCallback)
    HAL_UART_IRQHandler                      0x08003db1   Thumb Code   762  stm32g4xx_hal_uart.o(i.HAL_UART_IRQHandler)
    HAL_UART_Init                            0x080040b9   Thumb Code   120  stm32g4xx_hal_uart.o(i.HAL_UART_Init)
    HAL_UART_MspInit                         0x08004131   Thumb Code   234  usart.o(i.HAL_UART_MspInit)
    HAL_UART_Receive_DMA                     0x08004231   Thumb Code    96  stm32g4xx_hal_uart.o(i.HAL_UART_Receive_DMA)
    HAL_UART_RxCpltCallback                  0x08004295   Thumb Code    26  inte.o(i.HAL_UART_RxCpltCallback)
    HAL_UART_RxHalfCpltCallback              0x080042b9   Thumb Code     2  stm32g4xx_hal_uart.o(i.HAL_UART_RxHalfCpltCallback)
    HAL_UART_Transmit_DMA                    0x080042bd   Thumb Code   172  stm32g4xx_hal_uart.o(i.HAL_UART_Transmit_DMA)
    HAL_UART_TxCpltCallback                  0x08004375   Thumb Code     2  stm32g4xx_hal_uart.o(i.HAL_UART_TxCpltCallback)
    HAL_UART_TxHalfCpltCallback              0x08004377   Thumb Code     2  stm32g4xx_hal_uart.o(i.HAL_UART_TxHalfCpltCallback)
    HardFault_Handler                        0x08004379   Thumb Code     4  stm32g4xx_it.o(i.HardFault_Handler)
    I2CInit                                  0x0800437d   Thumb Code    38  i2c.o(i.I2CInit)
    I2CReceiveByte                           0x080043a9   Thumb Code    80  i2c.o(i.I2CReceiveByte)
    I2CSendByte                              0x080043f9   Thumb Code    78  i2c.o(i.I2CSendByte)
    I2CSendNotAck                            0x08004447   Thumb Code    46  i2c.o(i.I2CSendNotAck)
    I2CStart                                 0x08004475   Thumb Code    52  i2c.o(i.I2CStart)
    I2CStop                                  0x080044a9   Thumb Code    52  i2c.o(i.I2CStop)
    I2CWaitAck                               0x080044dd   Thumb Code    80  i2c.o(i.I2CWaitAck)
    LCD_BusIn                                0x0800452d   Thumb Code    42  lcd.o(i.LCD_BusIn)
    LCD_BusOut                               0x0800455d   Thumb Code    42  lcd.o(i.LCD_BusOut)
    LCD_Clear                                0x0800458d   Thumb Code    38  lcd.o(i.LCD_Clear)
    LCD_CtrlLinesConfig                      0x080045b5   Thumb Code   182  lcd.o(i.LCD_CtrlLinesConfig)
    LCD_DisplayChar                          0x08004675   Thumb Code    34  lcd.o(i.LCD_DisplayChar)
    LCD_DisplayStringLine                    0x0800469d   Thumb Code    44  lcd.o(i.LCD_DisplayStringLine)
    LCD_DrawChar                             0x080046c9   Thumb Code   100  lcd.o(i.LCD_DrawChar)
    LCD_Init                                 0x08004735   Thumb Code    50  lcd.o(i.LCD_Init)
    LCD_ReadReg                              0x0800476d   Thumb Code   164  lcd.o(i.LCD_ReadReg)
    LCD_SetCursor                            0x08004819   Thumb Code    24  lcd.o(i.LCD_SetCursor)
    LCD_WriteRAM                             0x08004831   Thumb Code   110  lcd.o(i.LCD_WriteRAM)
    LCD_WriteRAM_Prepare                     0x080048a9   Thumb Code   112  lcd.o(i.LCD_WriteRAM_Prepare)
    LCD_WriteReg                             0x08004921   Thumb Code   136  lcd.o(i.LCD_WriteReg)
    MX_ADC1_Init                             0x08004a81   Thumb Code   150  adc.o(i.MX_ADC1_Init)
    MX_ADC2_Init                             0x08004b21   Thumb Code   120  adc.o(i.MX_ADC2_Init)
    MX_DMA_Init                              0x08004ba5   Thumb Code    90  dma.o(i.MX_DMA_Init)
    MX_GPIO_Init                             0x08004c05   Thumb Code   338  gpio.o(i.MX_GPIO_Init)
    MX_TIM3_Init                             0x08004d6d   Thumb Code   102  tim.o(i.MX_TIM3_Init)
    MX_USART1_UART_Init                      0x08004ddd   Thumb Code    98  usart.o(i.MX_USART1_UART_Init)
    MemManage_Handler                        0x08004e49   Thumb Code     4  stm32g4xx_it.o(i.MemManage_Handler)
    NMI_Handler                              0x08004e4d   Thumb Code     4  stm32g4xx_it.o(i.NMI_Handler)
    PendSV_Handler                           0x08004e51   Thumb Code     2  stm32g4xx_it.o(i.PendSV_Handler)
    REG_8230_Init                            0x08004ebd   Thumb Code   288  lcd.o(i.REG_8230_Init)
    REG_932X_Init                            0x08004fdd   Thumb Code   512  lcd.o(i.REG_932X_Init)
    RES_Read                                 0x080051dd   Thumb Code    34  i2c.o(i.RES_Read)
    RES_Write                                0x080051ff   Thumb Code    34  i2c.o(i.RES_Write)
    SCL_Output                               0x08005221   Thumb Code    34  i2c.o(i.SCL_Output)
    SDA_Input                                0x08005249   Thumb Code    20  i2c.o(i.SDA_Input)
    SDA_Input_Mode                           0x08005261   Thumb Code    40  i2c.o(i.SDA_Input_Mode)
    SDA_Output                               0x0800528d   Thumb Code    34  i2c.o(i.SDA_Output)
    SDA_Output_Mode                          0x080052b5   Thumb Code    40  i2c.o(i.SDA_Output_Mode)
    SVC_Handler                              0x080052e1   Thumb Code     2  stm32g4xx_it.o(i.SVC_Handler)
    SysTick_Handler                          0x080052e3   Thumb Code     8  stm32g4xx_it.o(i.SysTick_Handler)
    SystemClock_Config                       0x080052eb   Thumb Code   140  main.o(i.SystemClock_Config)
    SystemInit                               0x08005379   Thumb Code    14  system_stm32g4xx.o(i.SystemInit)
    TIM3_IRQHandler                          0x0800538d   Thumb Code    10  stm32g4xx_it.o(i.TIM3_IRQHandler)
    TIM_Base_SetConfig                       0x0800539d   Thumb Code   158  stm32g4xx_hal_tim.o(i.TIM_Base_SetConfig)
    TIM_ETR_SetConfig                        0x08005459   Thumb Code    22  stm32g4xx_hal_tim.o(i.TIM_ETR_SetConfig)
    UART_AdvFeatureConfig                    0x08005531   Thumb Code   248  stm32g4xx_hal_uart.o(i.UART_AdvFeatureConfig)
    UART_CheckIdleState                      0x08005629   Thumb Code   118  stm32g4xx_hal_uart.o(i.UART_CheckIdleState)
    UART_SetConfig                           0x08005869   Thumb Code   866  stm32g4xx_hal_uart.o(i.UART_SetConfig)
    UART_Start_Receive_DMA                   0x08005bf5   Thumb Code   146  stm32g4xx_hal_uart.o(i.UART_Start_Receive_DMA)
    UART_WaitOnFlagUntilTimeout              0x08005c95   Thumb Code   190  stm32g4xx_hal_uart.o(i.UART_WaitOnFlagUntilTimeout)
    USART1_IRQHandler                        0x08005d55   Thumb Code    10  stm32g4xx_it.o(i.USART1_IRQHandler)
    UsageFault_Handler                       0x08005d65   Thumb Code     4  stm32g4xx_it.o(i.UsageFault_Handler)
    __ARM_fpclassify                         0x08005d69   Thumb Code    48  fpclassify.o(i.__ARM_fpclassify)
    _is_digit                                0x08005dd1   Thumb Code    14  __printf_wp.o(i._is_digit)
    ctrl                                     0x08005de1   Thumb Code    48  led.o(i.ctrl)
    ee_read                                  0x08005e25   Thumb Code    76  i2c.o(i.ee_read)
    ee_write                                 0x08005e71   Thumb Code    52  i2c.o(i.ee_write)
    getADC                                   0x08005ea5   Thumb Code    70  badc.o(i.getADC)
    main                                     0x08005efd   Thumb Code   306  main.o(i.main)
    _get_lc_numeric                          0x0800608d   Thumb Code    44  lc_numeric_c.o(locale$$code)
    __aeabi_dadd                             0x080060b9   Thumb Code     0  daddsub_clz.o(x$fpl$dadd)
    _dadd                                    0x080060b9   Thumb Code   332  daddsub_clz.o(x$fpl$dadd)
    __aeabi_ddiv                             0x08006209   Thumb Code     0  ddiv.o(x$fpl$ddiv)
    _ddiv                                    0x08006209   Thumb Code   552  ddiv.o(x$fpl$ddiv)
    __aeabi_i2d                              0x080064b9   Thumb Code     0  dflt_clz.o(x$fpl$dflt)
    _dflt                                    0x080064b9   Thumb Code    46  dflt_clz.o(x$fpl$dflt)
    __aeabi_ui2d                             0x080064e7   Thumb Code     0  dflt_clz.o(x$fpl$dfltu)
    _dfltu                                   0x080064e7   Thumb Code    38  dflt_clz.o(x$fpl$dfltu)
    __aeabi_dmul                             0x0800650d   Thumb Code     0  dmul.o(x$fpl$dmul)
    _dmul                                    0x0800650d   Thumb Code   332  dmul.o(x$fpl$dmul)
    __fpl_dnaninf                            0x08006661   Thumb Code   156  dnaninf.o(x$fpl$dnaninf)
    __fpl_dretinf                            0x080066fd   Thumb Code    12  dretinf.o(x$fpl$dretinf)
    __aeabi_dsub                             0x08006709   Thumb Code     0  daddsub_clz.o(x$fpl$dsub)
    _dsub                                    0x08006709   Thumb Code   464  daddsub_clz.o(x$fpl$dsub)
    _fp_init                                 0x080068dd   Thumb Code    10  fpinit.o(x$fpl$fpinit)
    __fplib_config_fpu_vfp                   0x080068e5   Thumb Code     0  fpinit.o(x$fpl$fpinit)
    __fplib_config_pureend_doubles           0x080068e5   Thumb Code     0  fpinit.o(x$fpl$fpinit)
    _printf_fp_dec                           0x080068e7   Thumb Code     4  printf1.o(x$fpl$printf1)
    UARTPrescTable                           0x080068ea   Data          24  stm32g4xx_hal_uart.o(.constdata)
    __I$use$fp                               0x080068ea   Number         0  usenofp.o(x$fpl$usenofp)
    AHBPrescTable                            0x08006912   Data          16  system_stm32g4xx.o(.constdata)
    APBPrescTable                            0x08006922   Data           8  system_stm32g4xx.o(.constdata)
    ASCII_Table                              0x0800692a   Data        4560  lcd.o(.constdata)
    Region$$Table$$Base                      0x08007b90   Number         0  anon$$obj.o(Region$$Table)
    Region$$Table$$Limit                     0x08007bb0   Number         0  anon$$obj.o(Region$$Table)
    uwTick                                   0x20000004   Data           4  stm32g4xx_hal.o(.data)
    uwTickPrio                               0x20000008   Data           4  stm32g4xx_hal.o(.data)
    uwTickFreq                               0x2000000c   Data           4  stm32g4xx_hal.o(.data)
    SystemCoreClock                          0x20000010   Data           4  system_stm32g4xx.o(.data)
    dummy                                    0x20000018   Data           2  lcd.o(.data)
    Lcd_Disp_String                          0x2000001c   Data          20  main.o(.bss)
    redat                                    0x20000030   Data       10000  main.o(.bss)
    hadc1                                    0x20002740   Data         108  adc.o(.bss)
    hadc2                                    0x200027ac   Data         108  adc.o(.bss)
    htim3                                    0x20002818   Data          76  tim.o(.bss)
    huart1                                   0x20002864   Data         144  usart.o(.bss)
    hdma_usart1_tx                           0x200028f4   Data          96  usart.o(.bss)
    hdma_usart1_rx                           0x20002954   Data          96  usart.o(.bss)
    __libspace_start                         0x200029b4   Data          96  libspace.o(.bss)
    __temporary_stack_top$libspace           0x20002a14   Data           0  libspace.o(.bss)



==============================================================================

Memory Map of the image

  Image Entry point : 0x080001d9

  Load Region LR_IROM1 (Base: 0x08000000, Size: 0x00007be8, Max: 0x00020000, ABSOLUTE)

    Execution Region ER_IROM1 (Exec base: 0x08000000, Load base: 0x08000000, Size: 0x00007bcc, Max: 0x00020000, ABSOLUTE)

    Exec Addr    Load Addr    Size         Type   Attr      Idx    E Section Name        Object

    0x08000000   0x08000000   0x000001d8   Data   RO            3    RESET               startup_stm32g431xx.o
    0x080001d8   0x080001d8   0x00000008   Code   RO         4785  * !!!main             c_w.l(__main.o)
    0x080001e0   0x080001e0   0x00000034   Code   RO         5029    !!!scatter          c_w.l(__scatter.o)
    0x08000214   0x08000214   0x0000001a   Code   RO         5031    !!handler_copy      c_w.l(__scatter_copy.o)
    0x0800022e   0x0800022e   0x00000002   PAD
    0x08000230   0x08000230   0x0000001c   Code   RO         5033    !!handler_zi        c_w.l(__scatter_zi.o)
    0x0800024c   0x0800024c   0x00000000   Code   RO         4780    .ARM.Collect$$_printf_percent$$00000000  c_w.l(_printf_percent.o)
    0x0800024c   0x0800024c   0x00000006   Code   RO         4779    .ARM.Collect$$_printf_percent$$00000003  c_w.l(_printf_f.o)
    0x08000252   0x08000252   0x00000004   Code   RO         4818    .ARM.Collect$$_printf_percent$$00000017  c_w.l(_printf_percent_end.o)
    0x08000256   0x08000256   0x00000002   Code   RO         4902    .ARM.Collect$$libinit$$00000000  c_w.l(libinit.o)
    0x08000258   0x08000258   0x00000004   Code   RO         4903    .ARM.Collect$$libinit$$00000001  c_w.l(libinit2.o)
    0x0800025c   0x0800025c   0x00000000   Code   RO         4906    .ARM.Collect$$libinit$$00000004  c_w.l(libinit2.o)
    0x0800025c   0x0800025c   0x00000000   Code   RO         4909    .ARM.Collect$$libinit$$0000000A  c_w.l(libinit2.o)
    0x0800025c   0x0800025c   0x00000000   Code   RO         4911    .ARM.Collect$$libinit$$0000000C  c_w.l(libinit2.o)
    0x0800025c   0x0800025c   0x00000000   Code   RO         4913    .ARM.Collect$$libinit$$0000000E  c_w.l(libinit2.o)
    0x0800025c   0x0800025c   0x00000006   Code   RO         4914    .ARM.Collect$$libinit$$0000000F  c_w.l(libinit2.o)
    0x08000262   0x08000262   0x00000000   Code   RO         4916    .ARM.Collect$$libinit$$00000011  c_w.l(libinit2.o)
    0x08000262   0x08000262   0x00000000   Code   RO         4918    .ARM.Collect$$libinit$$00000013  c_w.l(libinit2.o)
    0x08000262   0x08000262   0x00000000   Code   RO         4920    .ARM.Collect$$libinit$$00000015  c_w.l(libinit2.o)
    0x08000262   0x08000262   0x0000000a   Code   RO         4921    .ARM.Collect$$libinit$$00000016  c_w.l(libinit2.o)
    0x0800026c   0x0800026c   0x00000000   Code   RO         4922    .ARM.Collect$$libinit$$00000017  c_w.l(libinit2.o)
    0x0800026c   0x0800026c   0x00000000   Code   RO         4924    .ARM.Collect$$libinit$$00000019  c_w.l(libinit2.o)
    0x0800026c   0x0800026c   0x00000000   Code   RO         4926    .ARM.Collect$$libinit$$0000001B  c_w.l(libinit2.o)
    0x0800026c   0x0800026c   0x00000000   Code   RO         4928    .ARM.Collect$$libinit$$0000001D  c_w.l(libinit2.o)
    0x0800026c   0x0800026c   0x00000000   Code   RO         4930    .ARM.Collect$$libinit$$0000001F  c_w.l(libinit2.o)
    0x0800026c   0x0800026c   0x00000000   Code   RO         4932    .ARM.Collect$$libinit$$00000021  c_w.l(libinit2.o)
    0x0800026c   0x0800026c   0x00000000   Code   RO         4934    .ARM.Collect$$libinit$$00000023  c_w.l(libinit2.o)
    0x0800026c   0x0800026c   0x00000000   Code   RO         4936    .ARM.Collect$$libinit$$00000025  c_w.l(libinit2.o)
    0x0800026c   0x0800026c   0x00000000   Code   RO         4940    .ARM.Collect$$libinit$$0000002C  c_w.l(libinit2.o)
    0x0800026c   0x0800026c   0x00000000   Code   RO         4942    .ARM.Collect$$libinit$$0000002E  c_w.l(libinit2.o)
    0x0800026c   0x0800026c   0x00000000   Code   RO         4944    .ARM.Collect$$libinit$$00000030  c_w.l(libinit2.o)
    0x0800026c   0x0800026c   0x00000000   Code   RO         4946    .ARM.Collect$$libinit$$00000032  c_w.l(libinit2.o)
    0x0800026c   0x0800026c   0x00000002   Code   RO         4947    .ARM.Collect$$libinit$$00000033  c_w.l(libinit2.o)
    0x0800026e   0x0800026e   0x00000002   Code   RO         4994    .ARM.Collect$$libshutdown$$00000000  c_w.l(libshutdown.o)
    0x08000270   0x08000270   0x00000000   Code   RO         5012    .ARM.Collect$$libshutdown$$00000002  c_w.l(libshutdown2.o)
    0x08000270   0x08000270   0x00000000   Code   RO         5014    .ARM.Collect$$libshutdown$$00000004  c_w.l(libshutdown2.o)
    0x08000270   0x08000270   0x00000000   Code   RO         5017    .ARM.Collect$$libshutdown$$00000007  c_w.l(libshutdown2.o)
    0x08000270   0x08000270   0x00000000   Code   RO         5020    .ARM.Collect$$libshutdown$$0000000A  c_w.l(libshutdown2.o)
    0x08000270   0x08000270   0x00000000   Code   RO         5022    .ARM.Collect$$libshutdown$$0000000C  c_w.l(libshutdown2.o)
    0x08000270   0x08000270   0x00000000   Code   RO         5025    .ARM.Collect$$libshutdown$$0000000F  c_w.l(libshutdown2.o)
    0x08000270   0x08000270   0x00000002   Code   RO         5026    .ARM.Collect$$libshutdown$$00000010  c_w.l(libshutdown2.o)
    0x08000272   0x08000272   0x00000000   Code   RO         4807    .ARM.Collect$$rtentry$$00000000  c_w.l(__rtentry.o)
    0x08000272   0x08000272   0x00000000   Code   RO         4825    .ARM.Collect$$rtentry$$00000002  c_w.l(__rtentry2.o)
    0x08000272   0x08000272   0x00000006   Code   RO         4837    .ARM.Collect$$rtentry$$00000004  c_w.l(__rtentry4.o)
    0x08000278   0x08000278   0x00000000   Code   RO         4827    .ARM.Collect$$rtentry$$00000009  c_w.l(__rtentry2.o)
    0x08000278   0x08000278   0x00000004   Code   RO         4828    .ARM.Collect$$rtentry$$0000000A  c_w.l(__rtentry2.o)
    0x0800027c   0x0800027c   0x00000000   Code   RO         4830    .ARM.Collect$$rtentry$$0000000C  c_w.l(__rtentry2.o)
    0x0800027c   0x0800027c   0x00000008   Code   RO         4831    .ARM.Collect$$rtentry$$0000000D  c_w.l(__rtentry2.o)
    0x08000284   0x08000284   0x00000002   Code   RO         4948    .ARM.Collect$$rtexit$$00000000  c_w.l(rtexit.o)
    0x08000286   0x08000286   0x00000000   Code   RO         4963    .ARM.Collect$$rtexit$$00000002  c_w.l(rtexit2.o)
    0x08000286   0x08000286   0x00000004   Code   RO         4964    .ARM.Collect$$rtexit$$00000003  c_w.l(rtexit2.o)
    0x0800028a   0x0800028a   0x00000006   Code   RO         4965    .ARM.Collect$$rtexit$$00000004  c_w.l(rtexit2.o)
    0x08000290   0x08000290   0x00000040   Code   RO            4    .text               startup_stm32g431xx.o
    0x080002d0   0x080002d0   0x000000ee   Code   RO         4749    .text               c_w.l(lludivv7m.o)
    0x080003be   0x080003be   0x00000002   PAD
    0x080003c0   0x080003c0   0x00000028   Code   RO         4753    .text               c_w.l(noretval__2sprintf.o)
    0x080003e8   0x080003e8   0x0000004e   Code   RO         4757    .text               c_w.l(_printf_pad.o)
    0x08000436   0x08000436   0x0000010e   Code   RO         4767    .text               c_w.l(__printf_wp.o)
    0x08000544   0x08000544   0x0000004e   Code   RO         4781    .text               c_w.l(rt_memclr_w.o)
    0x08000592   0x08000592   0x00000006   Code   RO         4783    .text               c_w.l(heapauxi.o)
    0x08000598   0x08000598   0x0000041e   Code   RO         4812    .text               c_w.l(_printf_fp_dec.o)
    0x080009b6   0x080009b6   0x00000002   PAD
    0x080009b8   0x080009b8   0x00000030   Code   RO         4814    .text               c_w.l(_printf_char_common.o)
    0x080009e8   0x080009e8   0x0000000a   Code   RO         4816    .text               c_w.l(_sputc.o)
    0x080009f2   0x080009f2   0x00000002   PAD
    0x080009f4   0x080009f4   0x00000008   Code   RO         4844    .text               c_w.l(rt_locale_intlibspace.o)
    0x080009fc   0x080009fc   0x0000008a   Code   RO         4846    .text               c_w.l(lludiv10.o)
    0x08000a86   0x08000a86   0x00000002   PAD
    0x08000a88   0x08000a88   0x00000080   Code   RO         4848    .text               c_w.l(_printf_fp_infnan.o)
    0x08000b08   0x08000b08   0x000000e4   Code   RO         4852    .text               c_w.l(bigflt0.o)
    0x08000bec   0x08000bec   0x00000008   Code   RO         4884    .text               c_w.l(libspace.o)
    0x08000bf4   0x08000bf4   0x0000004a   Code   RO         4887    .text               c_w.l(sys_stackheap_outer.o)
    0x08000c3e   0x08000c3e   0x00000012   Code   RO         4889    .text               c_w.l(exit.o)
    0x08000c50   0x08000c50   0x00000080   Code   RO         4895    .text               c_w.l(strcmpv7m.o)
    0x08000cd0   0x08000cd0   0x0000000c   Code   RO         4960    .text               c_w.l(sys_exit.o)
    0x08000cdc   0x08000cdc   0x00000002   Code   RO         4981    .text               c_w.l(use_no_semi.o)
    0x08000cde   0x08000cde   0x00000000   Code   RO         4983    .text               c_w.l(indicate_semi.o)
    0x08000cde   0x08000cde   0x0000003e   Code   RO         4855    CL$$btod_d2e        c_w.l(btod.o)
    0x08000d1c   0x08000d1c   0x00000046   Code   RO         4857    CL$$btod_d2e_denorm_low  c_w.l(btod.o)
    0x08000d62   0x08000d62   0x00000060   Code   RO         4856    CL$$btod_d2e_norm_op1  c_w.l(btod.o)
    0x08000dc2   0x08000dc2   0x00000338   Code   RO         4865    CL$$btod_div_common  c_w.l(btod.o)
    0x080010fa   0x080010fa   0x000000dc   Code   RO         4862    CL$$btod_e2e        c_w.l(btod.o)
    0x080011d6   0x080011d6   0x0000002a   Code   RO         4859    CL$$btod_ediv       c_w.l(btod.o)
    0x08001200   0x08001200   0x0000002a   Code   RO         4858    CL$$btod_emul       c_w.l(btod.o)
    0x0800122a   0x0800122a   0x00000244   Code   RO         4864    CL$$btod_mult_common  c_w.l(btod.o)
    0x0800146e   0x0800146e   0x00000002   PAD
    0x08001470   0x08001470   0x00000084   Code   RO          525    i.ADC_Enable        stm32g4xx_hal_adc.o
    0x080014f4   0x080014f4   0x00000004   Code   RO          384    i.BusFault_Handler  stm32g4xx_it.o
    0x080014f8   0x080014f8   0x00000010   Code   RO          385    i.DMA1_Channel1_IRQHandler  stm32g4xx_it.o
    0x08001508   0x08001508   0x00000010   Code   RO          386    i.DMA1_Channel2_IRQHandler  stm32g4xx_it.o
    0x08001518   0x08001518   0x00000044   Code   RO         1925    i.DMA_CalcDMAMUXChannelBaseAndMask  stm32g4xx_hal_dma.o
    0x0800155c   0x0800155c   0x00000024   Code   RO         1926    i.DMA_CalcDMAMUXRequestGenBaseAndMask  stm32g4xx_hal_dma.o
    0x08001580   0x08001580   0x00000040   Code   RO         1927    i.DMA_SetConfig     stm32g4xx_hal_dma.o
    0x080015c0   0x080015c0   0x00000002   Code   RO          387    i.DebugMon_Handler  stm32g4xx_it.o
    0x080015c2   0x080015c2   0x0000001e   Code   RO         4362    i.Delay_LCD         lcd.o
    0x080015e0   0x080015e0   0x00000100   Code   RO          388    i.EXTI0_IRQHandler  stm32g4xx_it.o
    0x080016e0   0x080016e0   0x0000006c   Code   RO          389    i.EXTI1_IRQHandler  stm32g4xx_it.o
    0x0800174c   0x0800174c   0x00000006   Code   RO           13    i.Error_Handler     main.o
    0x08001752   0x08001752   0x00000002   PAD
    0x08001754   0x08001754   0x0000010c   Code   RO          815    i.HAL_ADCEx_MultiModeConfigChannel  stm32g4xx_hal_adc_ex.o
    0x08001860   0x08001860   0x00000508   Code   RO          527    i.HAL_ADC_ConfigChannel  stm32g4xx_hal_adc.o
    0x08001d68   0x08001d68   0x00000008   Code   RO          534    i.HAL_ADC_GetValue  stm32g4xx_hal_adc.o
    0x08001d70   0x08001d70   0x00000268   Code   RO          536    i.HAL_ADC_Init      stm32g4xx_hal_adc.o
    0x08001fd8   0x08001fd8   0x000000f4   Code   RO          228    i.HAL_ADC_MspInit   adc.o
    0x080020cc   0x080020cc   0x0000011c   Code   RO          542    i.HAL_ADC_Start     stm32g4xx_hal_adc.o
    0x080021e8   0x080021e8   0x00000076   Code   RO         1928    i.HAL_DMA_Abort     stm32g4xx_hal_dma.o
    0x0800225e   0x0800225e   0x00000094   Code   RO         1929    i.HAL_DMA_Abort_IT  stm32g4xx_hal_dma.o
    0x080022f2   0x080022f2   0x000000fe   Code   RO         1933    i.HAL_DMA_IRQHandler  stm32g4xx_hal_dma.o
    0x080023f0   0x080023f0   0x000000d0   Code   RO         1934    i.HAL_DMA_Init      stm32g4xx_hal_dma.o
    0x080024c0   0x080024c0   0x000000c2   Code   RO         1938    i.HAL_DMA_Start_IT  stm32g4xx_hal_dma.o
    0x08002582   0x08002582   0x00000002   PAD
    0x08002584   0x08002584   0x00000028   Code   RO         1039    i.HAL_Delay         stm32g4xx_hal.o
    0x080025ac   0x080025ac   0x00000002   Code   RO         1788    i.HAL_GPIO_EXTI_Callback  stm32g4xx_hal_gpio.o
    0x080025ae   0x080025ae   0x00000002   PAD
    0x080025b0   0x080025b0   0x0000001c   Code   RO         1789    i.HAL_GPIO_EXTI_IRQHandler  stm32g4xx_hal_gpio.o
    0x080025cc   0x080025cc   0x000001d8   Code   RO         1790    i.HAL_GPIO_Init     stm32g4xx_hal_gpio.o
    0x080027a4   0x080027a4   0x00000010   Code   RO         1792    i.HAL_GPIO_ReadPin  stm32g4xx_hal_gpio.o
    0x080027b4   0x080027b4   0x0000000a   Code   RO         1794    i.HAL_GPIO_WritePin  stm32g4xx_hal_gpio.o
    0x080027be   0x080027be   0x00000002   PAD
    0x080027c0   0x080027c0   0x0000000c   Code   RO         1043    i.HAL_GetTick       stm32g4xx_hal.o
    0x080027cc   0x080027cc   0x00000018   Code   RO         1046    i.HAL_IncTick       stm32g4xx_hal.o
    0x080027e4   0x080027e4   0x0000001e   Code   RO         1047    i.HAL_Init          stm32g4xx_hal.o
    0x08002802   0x08002802   0x00000002   PAD
    0x08002804   0x08002804   0x00000058   Code   RO         1048    i.HAL_InitTick      stm32g4xx_hal.o
    0x0800285c   0x0800285c   0x00000044   Code   RO          496    i.HAL_MspInit       stm32g4xx_hal_msp.o
    0x080028a0   0x080028a0   0x00000028   Code   RO         2437    i.HAL_NVIC_EnableIRQ  stm32g4xx_hal_cortex.o
    0x080028c8   0x080028c8   0x0000007a   Code   RO         2443    i.HAL_NVIC_SetPriority  stm32g4xx_hal_cortex.o
    0x08002942   0x08002942   0x00000002   PAD
    0x08002944   0x08002944   0x00000028   Code   RO         2444    i.HAL_NVIC_SetPriorityGrouping  stm32g4xx_hal_cortex.o
    0x0800296c   0x0800296c   0x00000118   Code   RO         2193    i.HAL_PWREx_ControlVoltageScaling  stm32g4xx_hal_pwr_ex.o
    0x08002a84   0x08002a84   0x00000014   Code   RO         2205    i.HAL_PWREx_DisableUCPDDeadBattery  stm32g4xx_hal_pwr_ex.o
    0x08002a98   0x08002a98   0x00000370   Code   RO         1397    i.HAL_RCCEx_PeriphCLKConfig  stm32g4xx_hal_rcc_ex.o
    0x08002e08   0x08002e08   0x00000224   Code   RO         1267    i.HAL_RCC_ClockConfig  stm32g4xx_hal_rcc.o
    0x0800302c   0x0800302c   0x0000000c   Code   RO         1273    i.HAL_RCC_GetHCLKFreq  stm32g4xx_hal_rcc.o
    0x08003038   0x08003038   0x00000024   Code   RO         1275    i.HAL_RCC_GetPCLK1Freq  stm32g4xx_hal_rcc.o
    0x0800305c   0x0800305c   0x00000024   Code   RO         1276    i.HAL_RCC_GetPCLK2Freq  stm32g4xx_hal_rcc.o
    0x08003080   0x08003080   0x00000098   Code   RO         1277    i.HAL_RCC_GetSysClockFreq  stm32g4xx_hal_rcc.o
    0x08003118   0x08003118   0x00000568   Code   RO         1280    i.HAL_RCC_OscConfig  stm32g4xx_hal_rcc.o
    0x08003680   0x08003680   0x00000034   Code   RO         2448    i.HAL_SYSTICK_Config  stm32g4xx_hal_cortex.o
    0x080036b4   0x080036b4   0x00000002   Code   RO         3299    i.HAL_TIMEx_Break2Callback  stm32g4xx_hal_tim_ex.o
    0x080036b6   0x080036b6   0x00000002   Code   RO         3300    i.HAL_TIMEx_BreakCallback  stm32g4xx_hal_tim_ex.o
    0x080036b8   0x080036b8   0x00000002   Code   RO         3301    i.HAL_TIMEx_CommutCallback  stm32g4xx_hal_tim_ex.o
    0x080036ba   0x080036ba   0x00000002   Code   RO         3312    i.HAL_TIMEx_DirectionChangeCallback  stm32g4xx_hal_tim_ex.o
    0x080036bc   0x080036bc   0x00000002   Code   RO         3326    i.HAL_TIMEx_EncoderIndexCallback  stm32g4xx_hal_tim_ex.o
    0x080036be   0x080036be   0x00000002   Code   RO         3340    i.HAL_TIMEx_IndexErrorCallback  stm32g4xx_hal_tim_ex.o
    0x080036c0   0x080036c0   0x000000b8   Code   RO         3341    i.HAL_TIMEx_MasterConfigSynchronization  stm32g4xx_hal_tim_ex.o
    0x08003778   0x08003778   0x00000002   Code   RO         3362    i.HAL_TIMEx_TransitionErrorCallback  stm32g4xx_hal_tim_ex.o
    0x0800377a   0x0800377a   0x0000006e   Code   RO         2574    i.HAL_TIM_Base_Init  stm32g4xx_hal_tim.o
    0x080037e8   0x080037e8   0x00000044   Code   RO          301    i.HAL_TIM_Base_MspInit  tim.o
    0x0800382c   0x0800382c   0x00000130   Code   RO         2583    i.HAL_TIM_ConfigClockSource  stm32g4xx_hal_tim.o
    0x0800395c   0x0800395c   0x00000002   Code   RO         2608    i.HAL_TIM_IC_CaptureCallback  stm32g4xx_hal_tim.o
    0x0800395e   0x0800395e   0x00000240   Code   RO         2622    i.HAL_TIM_IRQHandler  stm32g4xx_hal_tim.o
    0x08003b9e   0x08003b9e   0x00000002   Code   RO         2625    i.HAL_TIM_OC_DelayElapsedCallback  stm32g4xx_hal_tim.o
    0x08003ba0   0x08003ba0   0x00000002   Code   RO         2652    i.HAL_TIM_PWM_PulseFinishedCallback  stm32g4xx_hal_tim.o
    0x08003ba2   0x08003ba2   0x00000002   Code   RO         2660    i.HAL_TIM_PeriodElapsedCallback  stm32g4xx_hal_tim.o
    0x08003ba4   0x08003ba4   0x00000002   Code   RO         2665    i.HAL_TIM_TriggerCallback  stm32g4xx_hal_tim.o
    0x08003ba6   0x08003ba6   0x0000004e   Code   RO         4153    i.HAL_UARTEx_DisableFifoMode  stm32g4xx_hal_uart_ex.o
    0x08003bf4   0x08003bf4   0x00000066   Code   RO         4158    i.HAL_UARTEx_ReceiveToIdle_DMA  stm32g4xx_hal_uart_ex.o
    0x08003c5a   0x08003c5a   0x00000002   PAD
    0x08003c5c   0x08003c5c   0x00000090   Code   RO         4307    i.HAL_UARTEx_RxEventCallback  inte.o
    0x08003cec   0x08003cec   0x00000002   Code   RO         4160    i.HAL_UARTEx_RxFifoFullCallback  stm32g4xx_hal_uart_ex.o
    0x08003cee   0x08003cee   0x0000005e   Code   RO         4161    i.HAL_UARTEx_SetRxFifoThreshold  stm32g4xx_hal_uart_ex.o
    0x08003d4c   0x08003d4c   0x0000005e   Code   RO         4162    i.HAL_UARTEx_SetTxFifoThreshold  stm32g4xx_hal_uart_ex.o
    0x08003daa   0x08003daa   0x00000002   Code   RO         4164    i.HAL_UARTEx_TxFifoEmptyCallback  stm32g4xx_hal_uart_ex.o
    0x08003dac   0x08003dac   0x00000002   Code   RO         4165    i.HAL_UARTEx_WakeupCallback  stm32g4xx_hal_uart_ex.o
    0x08003dae   0x08003dae   0x00000002   Code   RO         3753    i.HAL_UART_ErrorCallback  stm32g4xx_hal_uart.o
    0x08003db0   0x08003db0   0x00000308   Code   RO         3756    i.HAL_UART_IRQHandler  stm32g4xx_hal_uart.o
    0x080040b8   0x080040b8   0x00000078   Code   RO         3757    i.HAL_UART_Init     stm32g4xx_hal_uart.o
    0x08004130   0x08004130   0x00000100   Code   RO          343    i.HAL_UART_MspInit  usart.o
    0x08004230   0x08004230   0x00000064   Code   RO         3761    i.HAL_UART_Receive_DMA  stm32g4xx_hal_uart.o
    0x08004294   0x08004294   0x00000024   Code   RO         4308    i.HAL_UART_RxCpltCallback  inte.o
    0x080042b8   0x080042b8   0x00000002   Code   RO         3765    i.HAL_UART_RxHalfCpltCallback  stm32g4xx_hal_uart.o
    0x080042ba   0x080042ba   0x00000002   PAD
    0x080042bc   0x080042bc   0x000000b8   Code   RO         3767    i.HAL_UART_Transmit_DMA  stm32g4xx_hal_uart.o
    0x08004374   0x08004374   0x00000002   Code   RO         3769    i.HAL_UART_TxCpltCallback  stm32g4xx_hal_uart.o
    0x08004376   0x08004376   0x00000002   Code   RO         3770    i.HAL_UART_TxHalfCpltCallback  stm32g4xx_hal_uart.o
    0x08004378   0x08004378   0x00000004   Code   RO          390    i.HardFault_Handler  stm32g4xx_it.o
    0x0800437c   0x0800437c   0x0000002c   Code   RO         4601    i.I2CInit           i2c.o
    0x080043a8   0x080043a8   0x00000050   Code   RO         4602    i.I2CReceiveByte    i2c.o
    0x080043f8   0x080043f8   0x0000004e   Code   RO         4604    i.I2CSendByte       i2c.o
    0x08004446   0x08004446   0x0000002e   Code   RO         4605    i.I2CSendNotAck     i2c.o
    0x08004474   0x08004474   0x00000034   Code   RO         4606    i.I2CStart          i2c.o
    0x080044a8   0x080044a8   0x00000034   Code   RO         4607    i.I2CStop           i2c.o
    0x080044dc   0x080044dc   0x00000050   Code   RO         4608    i.I2CWaitAck        i2c.o
    0x0800452c   0x0800452c   0x00000030   Code   RO         4363    i.LCD_BusIn         lcd.o
    0x0800455c   0x0800455c   0x00000030   Code   RO         4364    i.LCD_BusOut        lcd.o
    0x0800458c   0x0800458c   0x00000026   Code   RO         4365    i.LCD_Clear         lcd.o
    0x080045b2   0x080045b2   0x00000002   PAD
    0x080045b4   0x080045b4   0x000000c0   Code   RO         4367    i.LCD_CtrlLinesConfig  lcd.o
    0x08004674   0x08004674   0x00000028   Code   RO         4368    i.LCD_DisplayChar   lcd.o
    0x0800469c   0x0800469c   0x0000002c   Code   RO         4371    i.LCD_DisplayStringLine  lcd.o
    0x080046c8   0x080046c8   0x0000006c   Code   RO         4372    i.LCD_DrawChar      lcd.o
    0x08004734   0x08004734   0x00000038   Code   RO         4378    i.LCD_Init          lcd.o
    0x0800476c   0x0800476c   0x000000ac   Code   RO         4381    i.LCD_ReadReg       lcd.o
    0x08004818   0x08004818   0x00000018   Code   RO         4383    i.LCD_SetCursor     lcd.o
    0x08004830   0x08004830   0x00000078   Code   RO         4388    i.LCD_WriteRAM      lcd.o
    0x080048a8   0x080048a8   0x00000078   Code   RO         4389    i.LCD_WriteRAM_Prepare  lcd.o
    0x08004920   0x08004920   0x00000090   Code   RO         4390    i.LCD_WriteReg      lcd.o
    0x080049b0   0x080049b0   0x00000010   Code   RO          550    i.LL_ADC_Enable     stm32g4xx_hal_adc.o
    0x080049c0   0x080049c0   0x0000000a   Code   RO          551    i.LL_ADC_GetMultimode  stm32g4xx_hal_adc.o
    0x080049ca   0x080049ca   0x00000012   Code   RO          552    i.LL_ADC_GetOffsetChannel  stm32g4xx_hal_adc.o
    0x080049dc   0x080049dc   0x0000000a   Code   RO          553    i.LL_ADC_INJ_IsConversionOngoing  stm32g4xx_hal_adc.o
    0x080049e6   0x080049e6   0x0000000a   Code   RO          555    i.LL_ADC_IsEnabled  stm32g4xx_hal_adc.o
    0x080049f0   0x080049f0   0x0000000a   Code   RO          827    i.LL_ADC_IsEnabled  stm32g4xx_hal_adc_ex.o
    0x080049fa   0x080049fa   0x0000000a   Code   RO          556    i.LL_ADC_IsInternalRegulatorEnabled  stm32g4xx_hal_adc.o
    0x08004a04   0x08004a04   0x0000000a   Code   RO          557    i.LL_ADC_REG_IsConversionOngoing  stm32g4xx_hal_adc.o
    0x08004a0e   0x08004a0e   0x0000000a   Code   RO          828    i.LL_ADC_REG_IsConversionOngoing  stm32g4xx_hal_adc_ex.o
    0x08004a18   0x08004a18   0x00000010   Code   RO          559    i.LL_ADC_REG_StartConversion  stm32g4xx_hal_adc.o
    0x08004a28   0x08004a28   0x00000028   Code   RO          561    i.LL_ADC_SetChannelSamplingTime  stm32g4xx_hal_adc.o
    0x08004a50   0x08004a50   0x0000000c   Code   RO          562    i.LL_ADC_SetCommonPathInternalCh  stm32g4xx_hal_adc.o
    0x08004a5c   0x08004a5c   0x00000016   Code   RO          563    i.LL_ADC_SetOffsetState  stm32g4xx_hal_adc.o
    0x08004a72   0x08004a72   0x0000000c   Code   RO          564    i.LL_ADC_SetSamplingTimeCommonConfig  stm32g4xx_hal_adc.o
    0x08004a7e   0x08004a7e   0x00000002   PAD
    0x08004a80   0x08004a80   0x000000a0   Code   RO          229    i.MX_ADC1_Init      adc.o
    0x08004b20   0x08004b20   0x00000084   Code   RO          230    i.MX_ADC2_Init      adc.o
    0x08004ba4   0x08004ba4   0x00000060   Code   RO          276    i.MX_DMA_Init       dma.o
    0x08004c04   0x08004c04   0x00000168   Code   RO          203    i.MX_GPIO_Init      gpio.o
    0x08004d6c   0x08004d6c   0x00000070   Code   RO          302    i.MX_TIM3_Init      tim.o
    0x08004ddc   0x08004ddc   0x0000006c   Code   RO          344    i.MX_USART1_UART_Init  usart.o
    0x08004e48   0x08004e48   0x00000004   Code   RO          391    i.MemManage_Handler  stm32g4xx_it.o
    0x08004e4c   0x08004e4c   0x00000004   Code   RO          392    i.NMI_Handler       stm32g4xx_it.o
    0x08004e50   0x08004e50   0x00000002   Code   RO          393    i.PendSV_Handler    stm32g4xx_it.o
    0x08004e52   0x08004e52   0x00000002   PAD
    0x08004e54   0x08004e54   0x00000068   Code   RO         1281    i.RCC_GetSysClockFreqFromPLLSource  stm32g4xx_hal_rcc.o
    0x08004ebc   0x08004ebc   0x00000120   Code   RO         4391    i.REG_8230_Init     lcd.o
    0x08004fdc   0x08004fdc   0x00000200   Code   RO         4392    i.REG_932X_Init     lcd.o
    0x080051dc   0x080051dc   0x00000022   Code   RO         4609    i.RES_Read          i2c.o
    0x080051fe   0x080051fe   0x00000022   Code   RO         4610    i.RES_Write         i2c.o
    0x08005220   0x08005220   0x00000028   Code   RO         4611    i.SCL_Output        i2c.o
    0x08005248   0x08005248   0x00000018   Code   RO         4612    i.SDA_Input         i2c.o
    0x08005260   0x08005260   0x0000002c   Code   RO         4613    i.SDA_Input_Mode    i2c.o
    0x0800528c   0x0800528c   0x00000028   Code   RO         4614    i.SDA_Output        i2c.o
    0x080052b4   0x080052b4   0x0000002c   Code   RO         4615    i.SDA_Output_Mode   i2c.o
    0x080052e0   0x080052e0   0x00000002   Code   RO          394    i.SVC_Handler       stm32g4xx_it.o
    0x080052e2   0x080052e2   0x00000008   Code   RO          395    i.SysTick_Handler   stm32g4xx_it.o
    0x080052ea   0x080052ea   0x0000008c   Code   RO           14    i.SystemClock_Config  main.o
    0x08005376   0x08005376   0x00000002   PAD
    0x08005378   0x08005378   0x00000014   Code   RO         4271    i.SystemInit        system_stm32g4xx.o
    0x0800538c   0x0800538c   0x00000010   Code   RO          396    i.TIM3_IRQHandler   stm32g4xx_it.o
    0x0800539c   0x0800539c   0x000000bc   Code   RO         2667    i.TIM_Base_SetConfig  stm32g4xx_hal_tim.o
    0x08005458   0x08005458   0x00000016   Code   RO         2678    i.TIM_ETR_SetConfig  stm32g4xx_hal_tim.o
    0x0800546e   0x0800546e   0x00000002   PAD
    0x08005470   0x08005470   0x00000018   Code   RO         2679    i.TIM_ITRx_SetConfig  stm32g4xx_hal_tim.o
    0x08005488   0x08005488   0x00000026   Code   RO         2687    i.TIM_TI1_ConfigInputStage  stm32g4xx_hal_tim.o
    0x080054ae   0x080054ae   0x00000028   Code   RO         2689    i.TIM_TI2_ConfigInputStage  stm32g4xx_hal_tim.o
    0x080054d6   0x080054d6   0x00000002   PAD
    0x080054d8   0x080054d8   0x00000058   Code   RO         4166    i.UARTEx_SetNbDataToProcess  stm32g4xx_hal_uart_ex.o
    0x08005530   0x08005530   0x000000f8   Code   RO         3771    i.UART_AdvFeatureConfig  stm32g4xx_hal_uart.o
    0x08005628   0x08005628   0x00000076   Code   RO         3772    i.UART_CheckIdleState  stm32g4xx_hal_uart.o
    0x0800569e   0x0800569e   0x00000018   Code   RO         3773    i.UART_DMAAbortOnError  stm32g4xx_hal_uart.o
    0x080056b6   0x080056b6   0x0000005e   Code   RO         3774    i.UART_DMAError     stm32g4xx_hal_uart.o
    0x08005714   0x08005714   0x0000006c   Code   RO         3775    i.UART_DMAReceiveCplt  stm32g4xx_hal_uart.o
    0x08005780   0x08005780   0x00000022   Code   RO         3777    i.UART_DMARxHalfCplt  stm32g4xx_hal_uart.o
    0x080057a2   0x080057a2   0x00000038   Code   RO         3779    i.UART_DMATransmitCplt  stm32g4xx_hal_uart.o
    0x080057da   0x080057da   0x0000000e   Code   RO         3781    i.UART_DMATxHalfCplt  stm32g4xx_hal_uart.o
    0x080057e8   0x080057e8   0x0000003c   Code   RO         3783    i.UART_EndRxTransfer  stm32g4xx_hal_uart.o
    0x08005824   0x08005824   0x00000022   Code   RO         3784    i.UART_EndTransmit_IT  stm32g4xx_hal_uart.o
    0x08005846   0x08005846   0x00000020   Code   RO         3785    i.UART_EndTxTransfer  stm32g4xx_hal_uart.o
    0x08005866   0x08005866   0x00000002   PAD
    0x08005868   0x08005868   0x0000038c   Code   RO         3790    i.UART_SetConfig    stm32g4xx_hal_uart.o
    0x08005bf4   0x08005bf4   0x000000a0   Code   RO         3791    i.UART_Start_Receive_DMA  stm32g4xx_hal_uart.o
    0x08005c94   0x08005c94   0x000000be   Code   RO         3797    i.UART_WaitOnFlagUntilTimeout  stm32g4xx_hal_uart.o
    0x08005d52   0x08005d52   0x00000002   PAD
    0x08005d54   0x08005d54   0x00000010   Code   RO          397    i.USART1_IRQHandler  stm32g4xx_it.o
    0x08005d64   0x08005d64   0x00000004   Code   RO          398    i.UsageFault_Handler  stm32g4xx_it.o
    0x08005d68   0x08005d68   0x00000030   Code   RO         4882    i.__ARM_fpclassify  m_wm.l(fpclassify.o)
    0x08005d98   0x08005d98   0x00000010   Code   RO         2450    i.__NVIC_GetPriorityGrouping  stm32g4xx_hal_cortex.o
    0x08005da8   0x08005da8   0x00000028   Code   RO         2451    i.__NVIC_SetPriority  stm32g4xx_hal_cortex.o
    0x08005dd0   0x08005dd0   0x0000000e   Code   RO         4769    i._is_digit         c_w.l(__printf_wp.o)
    0x08005dde   0x08005dde   0x00000002   PAD
    0x08005de0   0x08005de0   0x00000038   Code   RO         4338    i.ctrl              led.o
    0x08005e18   0x08005e18   0x0000000c   Code   RO         4616    i.delay1            i2c.o
    0x08005e24   0x08005e24   0x0000004c   Code   RO         4617    i.ee_read           i2c.o
    0x08005e70   0x08005e70   0x00000034   Code   RO         4618    i.ee_write          i2c.o
    0x08005ea4   0x08005ea4   0x00000058   Code   RO         4726    i.getADC            badc.o
    0x08005efc   0x08005efc   0x00000190   Code   RO           15    i.main              main.o
    0x0800608c   0x0800608c   0x0000002c   Code   RO         4878    locale$$code        c_w.l(lc_numeric_c.o)
    0x080060b8   0x080060b8   0x00000150   Code   RO         4787    x$fpl$dadd          fz_wm.l(daddsub_clz.o)
    0x08006208   0x08006208   0x000002b0   Code   RO         4794    x$fpl$ddiv          fz_wm.l(ddiv.o)
    0x080064b8   0x080064b8   0x0000002e   Code   RO         4798    x$fpl$dflt          fz_wm.l(dflt_clz.o)
    0x080064e6   0x080064e6   0x00000026   Code   RO         4797    x$fpl$dfltu         fz_wm.l(dflt_clz.o)
    0x0800650c   0x0800650c   0x00000154   Code   RO         4803    x$fpl$dmul          fz_wm.l(dmul.o)
    0x08006660   0x08006660   0x0000009c   Code   RO         4819    x$fpl$dnaninf       fz_wm.l(dnaninf.o)
    0x080066fc   0x080066fc   0x0000000c   Code   RO         4821    x$fpl$dretinf       fz_wm.l(dretinf.o)
    0x08006708   0x08006708   0x000001d4   Code   RO         4789    x$fpl$dsub          fz_wm.l(daddsub_clz.o)
    0x080068dc   0x080068dc   0x0000000a   Code   RO         4958    x$fpl$fpinit        fz_wm.l(fpinit.o)
    0x080068e6   0x080068e6   0x00000004   Code   RO         4805    x$fpl$printf1       fz_wm.l(printf1.o)
    0x080068ea   0x080068ea   0x00000000   Code   RO         4823    x$fpl$usenofp       fz_wm.l(usenofp.o)
    0x080068ea   0x080068ea   0x00000018   Data   RO         3798    .constdata          stm32g4xx_hal_uart.o
    0x08006902   0x08006902   0x00000010   Data   RO         4168    .constdata          stm32g4xx_hal_uart_ex.o
    0x08006912   0x08006912   0x00000018   Data   RO         4272    .constdata          system_stm32g4xx.o
    0x0800692a   0x0800692a   0x000011d0   Data   RO         4393    .constdata          lcd.o
    0x08007afa   0x08007afa   0x00000002   PAD
    0x08007afc   0x08007afc   0x00000094   Data   RO         4853    .constdata          c_w.l(bigflt0.o)
    0x08007b90   0x08007b90   0x00000020   Data   RO         5027    Region$$Table       anon$$obj.o
    0x08007bb0   0x08007bb0   0x0000001c   Data   RO         4877    locale$$data        c_w.l(lc_numeric_c.o)


    Execution Region RW_IRAM1 (Exec base: 0x20000000, Load base: 0x08007bcc, Size: 0x00003018, Max: 0x00008000, ABSOLUTE)

    Exec Addr    Load Addr    Size         Type   Attr      Idx    E Section Name        Object

    0x20000000   0x08007bcc   0x00000004   Data   RW          232    .data               adc.o
    0x20000004   0x08007bd0   0x0000000c   Data   RW         1067    .data               stm32g4xx_hal.o
    0x20000010   0x08007bdc   0x00000004   Data   RW         4273    .data               system_stm32g4xx.o
    0x20000014   0x08007be0   0x00000006   Data   RW         4394    .data               lcd.o
    0x2000001a   0x08007be6   0x00000002   PAD
    0x2000001c        -       0x00002724   Zero   RW           16    .bss                main.o
    0x20002740        -       0x000000d8   Zero   RW          231    .bss                adc.o
    0x20002818        -       0x0000004c   Zero   RW          303    .bss                tim.o
    0x20002864        -       0x00000150   Zero   RW          345    .bss                usart.o
    0x200029b4        -       0x00000060   Zero   RW         4885    .bss                c_w.l(libspace.o)
    0x20002a14   0x08007be6   0x00000004   PAD
    0x20002a18        -       0x00000200   Zero   RW            2    HEAP                startup_stm32g431xx.o
    0x20002c18        -       0x00000400   Zero   RW            1    STACK               startup_stm32g431xx.o


==============================================================================

Image component sizes


      Code (inc. data)   RO Data    RW Data    ZI Data      Debug   Object Name

       536         40          0          4        216       2474   adc.o
        88         18          0          0          0        821   badc.o
        96          6          0          0          0        750   dma.o
       360         22          0          0          0       1039   gpio.o
       832         30          0          0          0       8564   i2c.o
       180         20          0          0          0       1643   inte.o
      1984         76       4560          6          0       9694   lcd.o
        56          8          0          0          0        491   led.o
       546         94          0          0      10020     673673   main.o
        64         26        472          0       1536        816   startup_stm32g431xx.o
       194         32          0         12          0       4133   stm32g4xx_hal.o
      2514        100          0          0          0      78107   stm32g4xx_hal_adc.o
       288          8          0          0          0      67687   stm32g4xx_hal_adc_ex.o
       310         22          0          0          0      34159   stm32g4xx_hal_cortex.o
      1090         22          0          0          0       6062   stm32g4xx_hal_dma.o
       528         38          0          0          0       3987   stm32g4xx_hal_gpio.o
        68          6          0          0          0        798   stm32g4xx_hal_msp.o
       300         18          0          0          0       1357   stm32g4xx_hal_pwr_ex.o
      2272        108          0          0          0       6740   stm32g4xx_hal_rcc.o
       880          8          0          0          0       1824   stm32g4xx_hal_rcc_ex.o
      1312         52          0          0          0       9259   stm32g4xx_hal_tim.o
       198         26          0          0          0       5276   stm32g4xx_hal_tim_ex.o
      3268        110         24          0          0      35119   stm32g4xx_hal_uart.o
       462         10         16          0          0       6069   stm32g4xx_hal_uart_ex.o
       462        108          0          0          0       7192   stm32g4xx_it.o
        20          6         24          4          0       1051   system_stm32g4xx.o
       180         20          0          0         76       1570   tim.o
       364         32          0          0        336       1812   usart.o

    ----------------------------------------------------------------------
     19484       1066       5130         28      12184     972167   Object Totals
         0          0         32          0          0          0   (incl. Generated)
        32          0          2          2          0          0   (incl. Padding)

    ----------------------------------------------------------------------

      Code (inc. data)   RO Data    RW Data    ZI Data      Debug   Library Member Name

         8          0          0          0          0         68   __main.o
       284          0          0          0          0        156   __printf_wp.o
         0          0          0          0          0          0   __rtentry.o
        12          0          0          0          0          0   __rtentry2.o
         6          0          0          0          0          0   __rtentry4.o
        52          8          0          0          0          0   __scatter.o
        26          0          0          0          0          0   __scatter_copy.o
        28          0          0          0          0          0   __scatter_zi.o
        48          6          0          0          0         96   _printf_char_common.o
         6          0          0          0          0          0   _printf_f.o
      1054          0          0          0          0        216   _printf_fp_dec.o
       128         16          0          0          0         84   _printf_fp_infnan.o
        78          0          0          0          0        108   _printf_pad.o
         0          0          0          0          0          0   _printf_percent.o
         4          0          0          0          0          0   _printf_percent_end.o
        10          0          0          0          0         68   _sputc.o
       228          4        148          0          0         96   bigflt0.o
      1936        128          0          0          0        672   btod.o
        18          0          0          0          0         80   exit.o
         6          0          0          0          0        152   heapauxi.o
         0          0          0          0          0          0   indicate_semi.o
        44         10         28          0          0         76   lc_numeric_c.o
         2          0          0          0          0          0   libinit.o
        22          0          0          0          0          0   libinit2.o
         2          0          0          0          0          0   libshutdown.o
         2          0          0          0          0          0   libshutdown2.o
         8          4          0          0         96         68   libspace.o
       138          0          0          0          0         80   lludiv10.o
       238          0          0          0          0        100   lludivv7m.o
        40          6          0          0          0         84   noretval__2sprintf.o
         8          4          0          0          0         68   rt_locale_intlibspace.o
        78          0          0          0          0         80   rt_memclr_w.o
         2          0          0          0          0          0   rtexit.o
        10          0          0          0          0          0   rtexit2.o
       128          0          0          0          0         68   strcmpv7m.o
        12          4          0          0          0         68   sys_exit.o
        74          0          0          0          0         80   sys_stackheap_outer.o
         2          0          0          0          0         68   use_no_semi.o
       804         16          0          0          0        368   daddsub_clz.o
       688        140          0          0          0        256   ddiv.o
        84          0          0          0          0        232   dflt_clz.o
       340         12          0          0          0        152   dmul.o
       156          4          0          0          0        140   dnaninf.o
        12          0          0          0          0        116   dretinf.o
        10          0          0          0          0        116   fpinit.o
         4          0          0          0          0        116   printf1.o
         0          0          0          0          0          0   usenofp.o
        48          0          0          0          0        124   fpclassify.o

    ----------------------------------------------------------------------
      6902        362        176          0        100       4256   Library Totals
        14          0          0          0          4          0   (incl. Padding)

    ----------------------------------------------------------------------

      Code (inc. data)   RO Data    RW Data    ZI Data      Debug   Library Name

      4742        190        176          0         96       2636   c_w.l
      2098        172          0          0          0       1496   fz_wm.l
        48          0          0          0          0        124   m_wm.l

    ----------------------------------------------------------------------
      6902        362        176          0        100       4256   Library Totals

    ----------------------------------------------------------------------

==============================================================================


      Code (inc. data)   RO Data    RW Data    ZI Data      Debug   

     26386       1428       5306         28      12284     957519   Grand Totals
     26386       1428       5306         28      12284     957519   ELF Image Totals
     26386       1428       5306         28          0          0   ROM Totals

==============================================================================

    Total RO  Size (Code + RO Data)                31692 (  30.95kB)
    Total RW  Size (RW Data + ZI Data)             12312 (  12.02kB)
    Total ROM Size (Code + RO Data + RW Data)      31720 (  30.98kB)

==============================================================================

