Component: ARM Compiler 6.12 Tool: armlink [5d624300]

==============================================================================

Section Cross References

    startup_stm32g431xx.o(STACK) refers (Special) to heapauxi.o(.text) for __use_two_region_memory
    startup_stm32g431xx.o(HEAP) refers (Special) to heapauxi.o(.text) for __use_two_region_memory
    startup_stm32g431xx.o(RESET) refers (Special) to heapauxi.o(.text) for __use_two_region_memory
    startup_stm32g431xx.o(RESET) refers to startup_stm32g431xx.o(STACK) for __initial_sp
    startup_stm32g431xx.o(RESET) refers to startup_stm32g431xx.o(.text) for Reset_Handler
    startup_stm32g431xx.o(RESET) refers to stm32g4xx_it.o(.text.NMI_Handler) for NMI_Handler
    startup_stm32g431xx.o(RESET) refers to stm32g4xx_it.o(.text.HardFault_Handler) for HardFault_Handler
    startup_stm32g431xx.o(RESET) refers to stm32g4xx_it.o(.text.MemManage_Handler) for MemManage_Handler
    startup_stm32g431xx.o(RESET) refers to stm32g4xx_it.o(.text.BusFault_Handler) for BusFault_Handler
    startup_stm32g431xx.o(RESET) refers to stm32g4xx_it.o(.text.UsageFault_Handler) for UsageFault_Handler
    startup_stm32g431xx.o(RESET) refers to stm32g4xx_it.o(.text.SVC_Handler) for SVC_Handler
    startup_stm32g431xx.o(RESET) refers to stm32g4xx_it.o(.text.DebugMon_Handler) for DebugMon_Handler
    startup_stm32g431xx.o(RESET) refers to stm32g4xx_it.o(.text.PendSV_Handler) for PendSV_Handler
    startup_stm32g431xx.o(RESET) refers to stm32g4xx_it.o(.text.SysTick_Handler) for SysTick_Handler
    startup_stm32g431xx.o(RESET) refers to stm32g4xx_it.o(.text.EXTI0_IRQHandler) for EXTI0_IRQHandler
    startup_stm32g431xx.o(RESET) refers to stm32g4xx_it.o(.text.EXTI1_IRQHandler) for EXTI1_IRQHandler
    startup_stm32g431xx.o(RESET) refers to stm32g4xx_it.o(.text.DMA1_Channel1_IRQHandler) for DMA1_Channel1_IRQHandler
    startup_stm32g431xx.o(RESET) refers to stm32g4xx_it.o(.text.DMA1_Channel2_IRQHandler) for DMA1_Channel2_IRQHandler
    startup_stm32g431xx.o(RESET) refers to stm32g4xx_it.o(.text.TIM3_IRQHandler) for TIM3_IRQHandler
    startup_stm32g431xx.o(RESET) refers to stm32g4xx_it.o(.text.USART1_IRQHandler) for USART1_IRQHandler
    startup_stm32g431xx.o(RESET) refers to stm32g4xx_it.o(.text.USART2_IRQHandler) for USART2_IRQHandler
    startup_stm32g431xx.o(.text) refers (Special) to heapauxi.o(.text) for __use_two_region_memory
    startup_stm32g431xx.o(.text) refers to system_stm32g4xx.o(.text.SystemInit) for SystemInit
    startup_stm32g431xx.o(.text) refers to __main.o(!!!main) for __main
    startup_stm32g431xx.o(.text) refers to startup_stm32g431xx.o(HEAP) for Heap_Mem
    startup_stm32g431xx.o(.text) refers to startup_stm32g431xx.o(STACK) for Stack_Mem
    main.o(.text.main) refers to stm32g4xx_hal.o(.text.HAL_Init) for HAL_Init
    main.o(.text.main) refers to main.o(.text.SystemClock_Config) for SystemClock_Config
    main.o(.text.main) refers to gpio.o(.text.MX_GPIO_Init) for MX_GPIO_Init
    main.o(.text.main) refers to tim.o(.text.MX_TIM3_Init) for MX_TIM3_Init
    main.o(.text.main) refers to dma.o(.text.MX_DMA_Init) for MX_DMA_Init
    main.o(.text.main) refers to usart.o(.text.MX_USART1_UART_Init) for MX_USART1_UART_Init
    main.o(.text.main) refers to usart.o(.text.MX_USART2_UART_Init) for MX_USART2_UART_Init
    main.o(.text.main) refers to lcd.o(.text.LCD_Init) for LCD_Init
    main.o(.text.main) refers to lcd.o(.text.LCD_Clear) for LCD_Clear
    main.o(.text.main) refers to stm32g4xx_hal_uart_ex.o(.text.HAL_UARTEx_ReceiveToIdle_DMA) for HAL_UARTEx_ReceiveToIdle_DMA
    main.o(.text.main) refers to usart.o(.bss.huart1) for huart1
    main.o(.text.main) refers to main.o(.bss.receiveData) for receiveData
    main.o(.ARM.exidx.text.main) refers to main.o(.text.main) for [Anonymous Symbol]
    main.o(.text.SystemClock_Config) refers to rt_memclr_w.o(.text) for __aeabi_memclr4
    main.o(.text.SystemClock_Config) refers to stm32g4xx_hal_pwr_ex.o(.text.HAL_PWREx_ControlVoltageScaling) for HAL_PWREx_ControlVoltageScaling
    main.o(.text.SystemClock_Config) refers to stm32g4xx_hal_rcc.o(.text.HAL_RCC_OscConfig) for HAL_RCC_OscConfig
    main.o(.text.SystemClock_Config) refers to stm32g4xx_hal_rcc.o(.text.HAL_RCC_ClockConfig) for HAL_RCC_ClockConfig
    main.o(.text.SystemClock_Config) refers to stm32g4xx_hal_rcc_ex.o(.text.HAL_RCCEx_PeriphCLKConfig) for HAL_RCCEx_PeriphCLKConfig
    main.o(.ARM.exidx.text.SystemClock_Config) refers to main.o(.text.SystemClock_Config) for [Anonymous Symbol]
    main.o(.ARM.exidx.text.Error_Handler) refers to main.o(.text.Error_Handler) for [Anonymous Symbol]
    gpio.o(.text.MX_GPIO_Init) refers to stm32g4xx_hal_cortex.o(.text.HAL_NVIC_SetPriority) for HAL_NVIC_SetPriority
    gpio.o(.text.MX_GPIO_Init) refers to stm32g4xx_hal_cortex.o(.text.HAL_NVIC_EnableIRQ) for HAL_NVIC_EnableIRQ
    gpio.o(.text.MX_GPIO_Init) refers to stm32g4xx_hal_gpio.o(.text.HAL_GPIO_WritePin) for HAL_GPIO_WritePin
[...]
    __arm_cp.0_1                             0x08000828   Number         4  stm32g4xx_hal_dma.o(.text.HAL_DMA_Init)
    [Anonymous Symbol]                       0x0800082c   Section        0  stm32g4xx_hal_dma.o(.text.HAL_DMA_Start_IT)
    [Anonymous Symbol]                       0x080008b4   Section        0  stm32g4xx_hal.o(.text.HAL_Delay)
    [Anonymous Symbol]                       0x080008d4   Section        0  stm32g4xx_hal_gpio.o(.text.HAL_GPIO_EXTI_Callback)
    [Anonymous Symbol]                       0x080008d8   Section        0  stm32g4xx_hal_gpio.o(.text.HAL_GPIO_EXTI_IRQHandler)
    __arm_cp.6_0                             0x080008e8   Number         4  stm32g4xx_hal_gpio.o(.text.HAL_GPIO_EXTI_IRQHandler)
    [Anonymous Symbol]                       0x080008ec   Section        0  stm32g4xx_hal_gpio.o(.text.HAL_GPIO_Init)
    __arm_cp.0_0                             0x08000a5c   Number         4  stm32g4xx_hal_gpio.o(.text.HAL_GPIO_Init)
    __arm_cp.0_1                             0x08000a60   Number         4  stm32g4xx_hal_gpio.o(.text.HAL_GPIO_Init)
    __arm_cp.0_2                             0x08000a64   Number         4  stm32g4xx_hal_gpio.o(.text.HAL_GPIO_Init)
    __arm_cp.0_3                             0x08000a68   Number         4  stm32g4xx_hal_gpio.o(.text.HAL_GPIO_Init)
    __arm_cp.0_4                             0x08000a6c   Number         4  stm32g4xx_hal_gpio.o(.text.HAL_GPIO_Init)
    [Anonymous Symbol]                       0x08000a70   Section        0  stm32g4xx_hal_gpio.o(.text.HAL_GPIO_ReadPin)
    [Anonymous Symbol]                       0x08000a7a   Section        0  stm32g4xx_hal_gpio.o(.text.HAL_GPIO_WritePin)
    [Anonymous Symbol]                       0x08000a88   Section        0  stm32g4xx_hal.o(.text.HAL_GetTick)
    [Anonymous Symbol]                       0x08000a90   Section        0  stm32g4xx_hal.o(.text.HAL_IncTick)
    __arm_cp.5_1                             0x08000aa0   Number         4  stm32g4xx_hal.o(.text.HAL_IncTick)
    [Anonymous Symbol]                       0x08000aa4   Section        0  stm32g4xx_hal.o(.text.HAL_Init)
    [Anonymous Symbol]                       0x08000ac0   Section        0  stm32g4xx_hal.o(.text.HAL_InitTick)
    __arm_cp.1_0                             0x08000b00   Number         4  stm32g4xx_hal.o(.text.HAL_InitTick)
    [Anonymous Symbol]                       0x08000b04   Section        0  stm32g4xx_hal_msp.o(.text.HAL_MspInit)
    __arm_cp.0_0                             0x08000b34   Number         4  stm32g4xx_hal_msp.o(.text.HAL_MspInit)
    [Anonymous Symbol]                       0x08000b38   Section        0  stm32g4xx_hal_cortex.o(.text.HAL_NVIC_EnableIRQ)
    __arm_cp.3_0                             0x08000b50   Number         4  stm32g4xx_hal_cortex.o(.text.HAL_NVIC_EnableIRQ)
    [Anonymous Symbol]                       0x08000b54   Section        0  stm32g4xx_hal_cortex.o(.text.HAL_NVIC_SetPriority)
    [Anonymous Symbol]                       0x08000b90   Section        0  stm32g4xx_hal_cortex.o(.text.HAL_NVIC_SetPriorityGrouping)
    __arm_cp.0_0                             0x08000ba8   Number         4  stm32g4xx_hal_cortex.o(.text.HAL_NVIC_SetPriorityGrouping)
    __arm_cp.0_1                             0x08000bac   Number         4  stm32g4xx_hal_cortex.o(.text.HAL_NVIC_SetPriorityGrouping)
    [Anonymous Symbol]                       0x08000bb0   Section        0  stm32g4xx_hal_pwr_ex.o(.text.HAL_PWREx_ControlVoltageScaling)
    __arm_cp.1_1                             0x08000c54   Number         4  stm32g4xx_hal_pwr_ex.o(.text.HAL_PWREx_ControlVoltageScaling)
    __arm_cp.1_2                             0x08000c58   Number         4  stm32g4xx_hal_pwr_ex.o(.text.HAL_PWREx_ControlVoltageScaling)
    [Anonymous Symbol]                       0x08000c5c   Section        0  stm32g4xx_hal_pwr_ex.o(.text.HAL_PWREx_DisableUCPDDeadBattery)
    __arm_cp.36_0                            0x08000c68   Number         4  stm32g4xx_hal_pwr_ex.o(.text.HAL_PWREx_DisableUCPDDeadBattery)
    [Anonymous Symbol]                       0x08000c6c   Section        0  stm32g4xx_hal_rcc_ex.o(.text.HAL_RCCEx_PeriphCLKConfig)
    __arm_cp.0_0                             0x08000e94   Number         4  stm32g4xx_hal_rcc_ex.o(.text.HAL_RCCEx_PeriphCLKConfig)
    __arm_cp.0_1                             0x08000e98   Number         4  stm32g4xx_hal_rcc_ex.o(.text.HAL_RCCEx_PeriphCLKConfig)
    [Anonymous Symbol]                       0x08000e9c   Section        0  stm32g4xx_hal_rcc.o(.text.HAL_RCC_ClockConfig)
    __arm_cp.2_0                             0x08001070   Number         4  stm32g4xx_hal_rcc.o(.text.HAL_RCC_ClockConfig)
    __arm_cp.2_2                             0x08001074   Number         4  stm32g4xx_hal_rcc.o(.text.HAL_RCC_ClockConfig)
    __arm_cp.2_4                             0x08001078   Number         4  stm32g4xx_hal_rcc.o(.text.HAL_RCC_ClockConfig)
    __arm_cp.2_6                             0x0800107c   Number         4  stm32g4xx_hal_rcc.o(.text.HAL_RCC_ClockConfig)
    [Anonymous Symbol]                       0x08001080   Section        0  stm32g4xx_hal_rcc.o(.text.HAL_RCC_GetPCLK1Freq)
    [Anonymous Symbol]                       0x08001098   Section        0  stm32g4xx_hal_rcc.o(.text.HAL_RCC_GetPCLK2Freq)
    __arm_cp.7_0                             0x080010b0   Number         4  stm32g4xx_hal_rcc.o(.text.HAL_RCC_GetPCLK2Freq)
    __arm_cp.7_2                             0x080010b4   Number         4  stm32g4xx_hal_rcc.o(.text.HAL_RCC_GetPCLK2Freq)
    [Anonymous Symbol]                       0x080010b8   Section        0  stm32g4xx_hal_rcc.o(.text.HAL_RCC_GetSysClockFreq)
    __arm_cp.3_0                             0x08001118   Number         4  stm32g4xx_hal_rcc.o(.text.HAL_RCC_GetSysClockFreq)
    __arm_cp.3_1                             0x0800111c   Number         4  stm32g4xx_hal_rcc.o(.text.HAL_RCC_GetSysClockFreq)
    __arm_cp.3_2                             0x08001120   Number         4  stm32g4xx_hal_rcc.o(.text.HAL_RCC_GetSysClockFreq)
    [Anonymous Symbol]                       0x08001124   Section        0  stm32g4xx_hal_rcc.o(.text.HAL_RCC_OscConfig)
    __arm_cp.1_6                             0x080014b0   Number         4  stm32g4xx_hal_rcc.o(.text.HAL_RCC_OscConfig)
    __arm_cp.1_1                             0x0800154c   Number         4  stm32g4xx_hal_rcc.o(.text.HAL_RCC_OscConfig)
    __arm_cp.1_2                             0x08001550   Number         4  stm32g4xx_hal_rcc.o(.text.HAL_RCC_OscConfig)
    __arm_cp.1_3                             0x08001554   Number         4  stm32g4xx_hal_rcc.o(.text.HAL_RCC_OscConfig)
    __arm_cp.1_4                             0x08001558   Number         4  stm32g4xx_hal_rcc.o(.text.HAL_RCC_OscConfig)
    __arm_cp.1_5                             0x0800155c   Number         4  stm32g4xx_hal_rcc.o(.text.HAL_RCC_OscConfig)
    [Anonymous Symbol]                       0x08001560   Section        0  stm32g4xx_hal_cortex.o(.text.HAL_SYSTICK_Config)
    __arm_cp.7_0                             0x08001580   Number         4  stm32g4xx_hal_cortex.o(.text.HAL_SYSTICK_Config)
    __arm_cp.7_1                             0x08001584   Number         4  stm32g4xx_hal_cortex.o(.text.HAL_SYSTICK_Config)
    [Anonymous Symbol]                       0x08001588   Section        0  stm32g4xx_hal_tim_ex.o(.text.HAL_TIMEx_Break2Callback)
    [Anonymous Symbol]                       0x0800158a   Section        0  stm32g4xx_hal_tim_ex.o(.text.HAL_TIMEx_BreakCallback)
    [Anonymous Symbol]                       0x0800158c   Section        0  stm32g4xx_hal_tim_ex.o(.text.HAL_TIMEx_CommutCallback)
    [Anonymous Symbol]                       0x0800158e   Section        0  stm32g4xx_hal_tim_ex.o(.text.HAL_TIMEx_DirectionChangeCallback)
    [Anonymous Symbol]                       0x08001590   Section        0  stm32g4xx_hal_tim_ex.o(.text.HAL_TIMEx_EncoderIndexCallback)
    [Anonymous Symbol]                       0x08001592   Section        0  stm32g4xx_hal_tim_ex.o(.text.HAL_TIMEx_IndexErrorCallback)
    [Anonymous Symbol]                       0x08001594   Section        0  stm32g4xx_hal_tim_ex.o(.text.HAL_TIMEx_MasterConfigSynchronization)
    __arm_cp.34_0                            0x08001614   Number         4  stm32g4xx_hal_tim_ex.o(.text.HAL_TIMEx_MasterConfigSynchronization)
    __arm_cp.34_1                            0x08001618   Number         4  stm32g4xx_hal_tim_ex.o(.text.HAL_TIMEx_MasterConfigSynchronization)
    __arm_cp.34_2                            0x0800161c   Number         4  stm32g4xx_hal_tim_ex.o(.text.HAL_TIMEx_MasterConfigSynchronization)
    __arm_cp.34_4                            0x08001620   Number         4  stm32g4xx_hal_tim_ex.o(.text.HAL_TIMEx_MasterConfigSynchronization)
    __arm_cp.34_5                            0x08001624   Number         4  stm32g4xx_hal_tim_ex.o(.text.HAL_TIMEx_MasterConfigSynchronization)
    [Anonymous Symbol]                       0x08001628   Section        0  stm32g4xx_hal_tim_ex.o(.text.HAL_TIMEx_TransitionErrorCallback)
    [Anonymous Symbol]                       0x0800162a   Section        0  stm32g4xx_hal_tim.o(.text.HAL_TIM_Base_Init)
    [Anonymous Symbol]                       0x0800168c   Section        0  tim.o(.text.HAL_TIM_Base_MspInit)
    __arm_cp.1_0                             0x080016c0   Number         4  tim.o(.text.HAL_TIM_Base_MspInit)
    __arm_cp.1_1                             0x080016c4   Number         4  tim.o(.text.HAL_TIM_Base_MspInit)
    [Anonymous Symbol]                       0x080016c8   Section        0  stm32g4xx_hal_tim.o(.text.HAL_TIM_ConfigClockSource)
    __arm_cp.96_0                            0x080017d4   Number         4  stm32g4xx_hal_tim.o(.text.HAL_TIM_ConfigClockSource)
    __arm_cp.96_1                            0x080017d8   Number         4  stm32g4xx_hal_tim.o(.text.HAL_TIM_ConfigClockSource)
    __arm_cp.96_2                            0x080017dc   Number         4  stm32g4xx_hal_tim.o(.text.HAL_TIM_ConfigClockSource)
    __arm_cp.96_3                            0x080017e0   Number         4  stm32g4xx_hal_tim.o(.text.HAL_TIM_ConfigClockSource)
    __arm_cp.96_4                            0x080017e4   Number         4  stm32g4xx_hal_tim.o(.text.HAL_TIM_ConfigClockSource)
    __arm_cp.96_5                            0x080017e8   Number         4  stm32g4xx_hal_tim.o(.text.HAL_TIM_ConfigClockSource)
    [Anonymous Symbol]                       0x080017ec   Section        0  stm32g4xx_hal_tim.o(.text.HAL_TIM_IC_CaptureCallback)
    [Anonymous Symbol]                       0x080017ee   Section        0  stm32g4xx_hal_tim.o(.text.HAL_TIM_IRQHandler)
    [Anonymous Symbol]                       0x080019ee   Section        0  stm32g4xx_hal_tim.o(.text.HAL_TIM_OC_DelayElapsedCallback)
    [Anonymous Symbol]                       0x080019f0   Section        0  stm32g4xx_hal_tim.o(.text.HAL_TIM_PWM_PulseFinishedCallback)
    [Anonymous Symbol]                       0x080019f4   Section        0  inte.o(.text.HAL_TIM_PeriodElapsedCallback)
    __arm_cp.0_0                             0x08001a90   Number         4  inte.o(.text.HAL_TIM_PeriodElapsedCallback)
    __arm_cp.0_1                             0x08001a94   Number         4  inte.o(.text.HAL_TIM_PeriodElapsedCallback)
    __arm_cp.0_2                             0x08001a98   Number         4  inte.o(.text.HAL_TIM_PeriodElapsedCallback)
    [Anonymous Symbol]                       0x08001a9c   Section        0  stm32g4xx_hal_tim.o(.text.HAL_TIM_TriggerCallback)
    [Anonymous Symbol]                       0x08001a9e   Section        0  stm32g4xx_hal_uart_ex.o(.text.HAL_UARTEx_DisableFifoMode)
    [Anonymous Symbol]                       0x08001ad4   Section        0  stm32g4xx_hal_uart_ex.o(.text.HAL_UARTEx_ReceiveToIdle_DMA)
    [Anonymous Symbol]                       0x08001b20   Section        0  inte.o(.text.HAL_UARTEx_RxEventCallback)
    __arm_cp.1_0                             0x08001b60   Number         4  inte.o(.text.HAL_UARTEx_RxEventCallback)
    __arm_cp.1_1                             0x08001b64   Number         4  inte.o(.text.HAL_UARTEx_RxEventCallback)
    [Anonymous Symbol]                       0x08001b68   Section        0  stm32g4xx_hal_uart_ex.o(.text.HAL_UARTEx_RxFifoFullCallback)
    [Anonymous Symbol]                       0x08001b6a   Section        0  stm32g4xx_hal_uart_ex.o(.text.HAL_UARTEx_SetRxFifoThreshold)
    [Anonymous Symbol]                       0x08001bb4   Section        0  stm32g4xx_hal_uart_ex.o(.text.HAL_UARTEx_SetTxFifoThreshold)
    [Anonymous Symbol]                       0x08001bfe   Section        0  stm32g4xx_hal_uart_ex.o(.text.HAL_UARTEx_TxFifoEmptyCallback)
    [Anonymous Symbol]                       0x08001c00   Section        0  stm32g4xx_hal_uart_ex.o(.text.HAL_UARTEx_WakeupCallback)
    [Anonymous Symbol]                       0x08001c02   Section        0  stm32g4xx_hal_uart.o(.text.HAL_UART_ErrorCallback)
    [Anonymous Symbol]                       0x08001c04   Section        0  stm32g4xx_hal_uart.o(.text.HAL_UART_IRQHandler)
    __arm_cp.44_0                            0x08001e8c   Number         4  stm32g4xx_hal_uart.o(.text.HAL_UART_IRQHandler)
    __arm_cp.44_1                            0x08001e90   Number         4  stm32g4xx_hal_uart.o(.text.HAL_UART_IRQHandler)
    __arm_cp.44_2                            0x08001e94   Number         4  stm32g4xx_hal_uart.o(.text.HAL_UART_IRQHandler)
    __arm_cp.44_3                            0x08001e98   Number         4  stm32g4xx_hal_uart.o(.text.HAL_UART_IRQHandler)
    [Anonymous Symbol]                       0x08001e9c   Section        0  stm32g4xx_hal_uart.o(.text.HAL_UART_Init)
    [Anonymous Symbol]                       0x08001f00   Section        0  usart.o(.text.HAL_UART_MspInit)
    __arm_cp.2_0                             0x08002028   Number         4  usart.o(.text.HAL_UART_MspInit)
    __arm_cp.2_1                             0x0800202c   Number         4  usart.o(.text.HAL_UART_MspInit)
    __arm_cp.2_3                             0x08002030   Number         4  usart.o(.text.HAL_UART_MspInit)
    __arm_cp.2_4                             0x08002034   Number         4  usart.o(.text.HAL_UART_MspInit)
    __arm_cp.2_5                             0x08002038   Number         4  usart.o(.text.HAL_UART_MspInit)
    [Anonymous Symbol]                       0x0800203c   Section        0  stm32g4xx_hal_uart.o(.text.HAL_UART_Receive_DMA)
    __arm_cp.24_0                            0x08002084   Number         4  stm32g4xx_hal_uart.o(.text.HAL_UART_Receive_DMA)
    [Anonymous Symbol]                       0x08002088   Section        0  inte.o(.text.HAL_UART_RxCpltCallback)
    __arm_cp.2_0                             0x080020a8   Number         4  inte.o(.text.HAL_UART_RxCpltCallback)
    __arm_cp.2_1                             0x080020ac   Number         4  inte.o(.text.HAL_UART_RxCpltCallback)
    [Anonymous Symbol]                       0x080020b0   Section        0  stm32g4xx_hal_uart.o(.text.HAL_UART_RxHalfCpltCallback)
    [Anonymous Symbol]                       0x080020b2   Section        0  stm32g4xx_hal_uart.o(.text.HAL_UART_Transmit)
    [Anonymous Symbol]                       0x0800217c   Section        0  stm32g4xx_hal_uart.o(.text.HAL_UART_Transmit_DMA)
    __arm_cp.20_0                            0x08002204   Number         4  stm32g4xx_hal_uart.o(.text.HAL_UART_Transmit_DMA)
    __arm_cp.20_1                            0x08002208   Number         4  stm32g4xx_hal_uart.o(.text.HAL_UART_Transmit_DMA)
    __arm_cp.20_2                            0x0800220c   Number         4  stm32g4xx_hal_uart.o(.text.HAL_UART_Transmit_DMA)
    [Anonymous Symbol]                       0x08002210   Section        0  stm32g4xx_hal_uart.o(.text.HAL_UART_TxCpltCallback)
    [Anonymous Symbol]                       0x08002212   Section        0  stm32g4xx_hal_uart.o(.text.HAL_UART_TxHalfCpltCallback)
    [Anonymous Symbol]                       0x08002214   Section        0  stm32g4xx_it.o(.text.HardFault_Handler)
    [Anonymous Symbol]                       0x08002218   Section        0  lcd.o(.text.LCD_BusIn)
    [Anonymous Symbol]                       0x08002238   Section        0  lcd.o(.text.LCD_BusOut)
    __arm_cp.25_0                            0x0800225c   Number         4  lcd.o(.text.LCD_BusOut)
    [Anonymous Symbol]                       0x08002260   Section        0  lcd.o(.text.LCD_Clear)
    [Anonymous Symbol]                       0x08002284   Section        0  lcd.o(.text.LCD_CtrlLinesConfig)
    __arm_cp.5_0                             0x08002310   Number         4  lcd.o(.text.LCD_CtrlLinesConfig)
    __arm_cp.5_1                             0x08002314   Number         4  lcd.o(.text.LCD_CtrlLinesConfig)
    __arm_cp.5_2                             0x08002318   Number         4  lcd.o(.text.LCD_CtrlLinesConfig)
    [Anonymous Symbol]                       0x0800231c   Section        0  lcd.o(.text.LCD_DisplayChar)
    __arm_cp.16_0                            0x08002330   Number         4  lcd.o(.text.LCD_DisplayChar)
    [Anonymous Symbol]                       0x08002334   Section        0  lcd.o(.text.LCD_DisplayStringLine)
    [Anonymous Symbol]                       0x0800235c   Section        0  lcd.o(.text.LCD_DrawChar)
    __arm_cp.15_0                            0x080023b8   Number         4  lcd.o(.text.LCD_DrawChar)
    __arm_cp.15_1                            0x080023bc   Number         4  lcd.o(.text.LCD_DrawChar)
    [Anonymous Symbol]                       0x080023c0   Section        0  lcd.o(.text.LCD_Init)
    __arm_cp.4_0                             0x080023f0   Number         4  lcd.o(.text.LCD_Init)
    [Anonymous Symbol]                       0x080023f4   Section        0  lcd.o(.text.LCD_ReadReg)
    __arm_cp.6_0                             0x0800247c   Number         4  lcd.o(.text.LCD_ReadReg)
    __arm_cp.6_1                             0x08002480   Number         4  lcd.o(.text.LCD_ReadReg)
    [Anonymous Symbol]                       0x08002484   Section        0  lcd.o(.text.LCD_SetCursor)
    [Anonymous Symbol]                       0x0800249c   Section        0  lcd.o(.text.LCD_WriteRAM)
    [Anonymous Symbol]                       0x080024e8   Section        0  lcd.o(.text.LCD_WriteRAM_Prepare)
    [Anonymous Symbol]                       0x08002538   Section        0  lcd.o(.text.LCD_WriteReg)
    __arm_cp.2_0                             0x08002598   Number         4  lcd.o(.text.LCD_WriteReg)
    [Anonymous Symbol]                       0x0800259c   Section        0  dma.o(.text.MX_DMA_Init)
    __arm_cp.0_0                             0x080025e8   Number         4  dma.o(.text.MX_DMA_Init)
    [Anonymous Symbol]                       0x080025ec   Section        0  gpio.o(.text.MX_GPIO_Init)
    __arm_cp.0_0                             0x08002708   Number         4  gpio.o(.text.MX_GPIO_Init)
    __arm_cp.0_1                             0x0800270c   Number         4  gpio.o(.text.MX_GPIO_Init)
    __arm_cp.0_2                             0x08002710   Number         4  gpio.o(.text.MX_GPIO_Init)
    __arm_cp.0_3                             0x08002714   Number         4  gpio.o(.text.MX_GPIO_Init)
    __arm_cp.0_4                             0x08002718   Number         4  gpio.o(.text.MX_GPIO_Init)
    [Anonymous Symbol]                       0x0800271c   Section        0  tim.o(.text.MX_TIM3_Init)
    __arm_cp.0_0                             0x0800277c   Number         4  tim.o(.text.MX_TIM3_Init)
    __arm_cp.0_1                             0x08002780   Number         4  tim.o(.text.MX_TIM3_Init)
    [Anonymous Symbol]                       0x08002784   Section        0  usart.o(.text.MX_USART1_UART_Init)
    __arm_cp.0_0                             0x080027e4   Number         4  usart.o(.text.MX_USART1_UART_Init)
    __arm_cp.0_1                             0x080027e8   Number         4  usart.o(.text.MX_USART1_UART_Init)
    [Anonymous Symbol]                       0x080027ec   Section        0  usart.o(.text.MX_USART2_UART_Init)
    __arm_cp.1_0                             0x0800284c   Number         4  usart.o(.text.MX_USART2_UART_Init)
    __arm_cp.1_1                             0x08002850   Number         4  usart.o(.text.MX_USART2_UART_Init)
    [Anonymous Symbol]                       0x08002854   Section        0  stm32g4xx_it.o(.text.MemManage_Handler)
    [Anonymous Symbol]                       0x08002856   Section        0  stm32g4xx_it.o(.text.NMI_Handler)
    [Anonymous Symbol]                       0x08002858   Section        0  stm32g4xx_it.o(.text.PendSV_Handler)
    [Anonymous Symbol]                       0x0800285c   Section        0  lcd.o(.text.REG_8230_Init)
    __arm_cp.1_1                             0x08002944   Number         4  lcd.o(.text.REG_8230_Init)
    [Anonymous Symbol]                       0x08002948   Section        0  lcd.o(.text.REG_932X_Init)
    __arm_cp.3_0                             0x08002ad8   Number         4  lcd.o(.text.REG_932X_Init)
    __arm_cp.3_1                             0x08002adc   Number         4  lcd.o(.text.REG_932X_Init)
    [Anonymous Symbol]                       0x08002ae0   Section        0  stm32g4xx_it.o(.text.SVC_Handler)
    [Anonymous Symbol]                       0x08002ae2   Section        0  stm32g4xx_it.o(.text.SysTick_Handler)
    [Anonymous Symbol]                       0x08002ae6   Section        0  main.o(.text.SystemClock_Config)
    [Anonymous Symbol]                       0x08002b78   Section        0  system_stm32g4xx.o(.text.SystemInit)
    __arm_cp.0_0                             0x08002b84   Number         4  system_stm32g4xx.o(.text.SystemInit)
    [Anonymous Symbol]                       0x08002b88   Section        0  stm32g4xx_it.o(.text.TIM3_IRQHandler)
    __arm_cp.13_0                            0x08002b90   Number         4  stm32g4xx_it.o(.text.TIM3_IRQHandler)
    [Anonymous Symbol]                       0x08002b94   Section        0  stm32g4xx_hal_tim.o(.text.TIM_Base_SetConfig)
    __arm_cp.2_0                             0x08002c64   Number         4  stm32g4xx_hal_tim.o(.text.TIM_Base_SetConfig)
    __arm_cp.2_1                             0x08002c68   Number         4  stm32g4xx_hal_tim.o(.text.TIM_Base_SetConfig)
    __arm_cp.2_2                             0x08002c6c   Number         4  stm32g4xx_hal_tim.o(.text.TIM_Base_SetConfig)
    __arm_cp.2_3                             0x08002c70   Number         4  stm32g4xx_hal_tim.o(.text.TIM_Base_SetConfig)
    __arm_cp.2_4                             0x08002c74   Number         4  stm32g4xx_hal_tim.o(.text.TIM_Base_SetConfig)
    __arm_cp.2_5                             0x08002c78   Number         4  stm32g4xx_hal_tim.o(.text.TIM_Base_SetConfig)
    __arm_cp.2_6                             0x08002c7c   Number         4  stm32g4xx_hal_tim.o(.text.TIM_Base_SetConfig)
    TIM_TI1_ConfigInputStage                 0x08002c81   Thumb Code    34  stm32g4xx_hal_tim.o(.text.TIM_TI1_ConfigInputStage)
    [Anonymous Symbol]                       0x08002c80   Section        0  stm32g4xx_hal_tim.o(.text.TIM_TI1_ConfigInputStage)
    TIM_TI2_ConfigInputStage                 0x08002ca3   Thumb Code    34  stm32g4xx_hal_tim.o(.text.TIM_TI2_ConfigInputStage)
    [Anonymous Symbol]                       0x08002ca2   Section        0  stm32g4xx_hal_tim.o(.text.TIM_TI2_ConfigInputStage)
    UARTEx_SetNbDataToProcess                0x08002cc5   Thumb Code    84  stm32g4xx_hal_uart_ex.o(.text.UARTEx_SetNbDataToProcess)
    [Anonymous Symbol]                       0x08002cc4   Section        0  stm32g4xx_hal_uart_ex.o(.text.UARTEx_SetNbDataToProcess)
    __arm_cp.9_0                             0x08002d10   Number         4  stm32g4xx_hal_uart_ex.o(.text.UARTEx_SetNbDataToProcess)
    __arm_cp.9_1                             0x08002d14   Number         4  stm32g4xx_hal_uart_ex.o(.text.UARTEx_SetNbDataToProcess)
    [Anonymous Symbol]                       0x08002d18   Section        0  stm32g4xx_hal_uart.o(.text.UART_AdvFeatureConfig)
    [Anonymous Symbol]                       0x08002dea   Section        0  stm32g4xx_hal_uart.o(.text.UART_CheckIdleState)
    UART_DMAAbortOnError                     0x08002e51   Thumb Code    16  stm32g4xx_hal_uart.o(.text.UART_DMAAbortOnError)
    [Anonymous Symbol]                       0x08002e50   Section        0  stm32g4xx_hal_uart.o(.text.UART_DMAAbortOnError)
    UART_DMAError                            0x08002e61   Thumb Code    86  stm32g4xx_hal_uart.o(.text.UART_DMAError)
    [Anonymous Symbol]                       0x08002e60   Section        0  stm32g4xx_hal_uart.o(.text.UART_DMAError)
    UART_DMAReceiveCplt                      0x08002eb7   Thumb Code    80  stm32g4xx_hal_uart.o(.text.UART_DMAReceiveCplt)
    [Anonymous Symbol]                       0x08002eb6   Section        0  stm32g4xx_hal_uart.o(.text.UART_DMAReceiveCplt)
    UART_DMARxHalfCplt                       0x08002f07   Thumb Code    22  stm32g4xx_hal_uart.o(.text.UART_DMARxHalfCplt)
    [Anonymous Symbol]                       0x08002f06   Section        0  stm32g4xx_hal_uart.o(.text.UART_DMARxHalfCplt)
    UART_DMATransmitCplt                     0x08002f1d   Thumb Code    40  stm32g4xx_hal_uart.o(.text.UART_DMATransmitCplt)
    [Anonymous Symbol]                       0x08002f1c   Section        0  stm32g4xx_hal_uart.o(.text.UART_DMATransmitCplt)
    UART_DMATxHalfCplt                       0x08002f45   Thumb Code     6  stm32g4xx_hal_uart.o(.text.UART_DMATxHalfCplt)
    [Anonymous Symbol]                       0x08002f44   Section        0  stm32g4xx_hal_uart.o(.text.UART_DMATxHalfCplt)
    UART_EndRxTransfer                       0x08002f4d   Thumb Code    52  stm32g4xx_hal_uart.o(.text.UART_EndRxTransfer)
    [Anonymous Symbol]                       0x08002f4c   Section        0  stm32g4xx_hal_uart.o(.text.UART_EndRxTransfer)
    __arm_cp.30_0                            0x08002f7c   Number         4  stm32g4xx_hal_uart.o(.text.UART_EndRxTransfer)
    UART_EndTxTransfer                       0x08002f81   Thumb Code    26  stm32g4xx_hal_uart.o(.text.UART_EndTxTransfer)
    [Anonymous Symbol]                       0x08002f80   Section        0  stm32g4xx_hal_uart.o(.text.UART_EndTxTransfer)
    [Anonymous Symbol]                       0x08002f9c   Section        0  stm32g4xx_hal_uart.o(.text.UART_SetConfig)
    __arm_cp.2_0                             0x08003170   Number         4  stm32g4xx_hal_uart.o(.text.UART_SetConfig)
    __arm_cp.2_1                             0x08003174   Number         4  stm32g4xx_hal_uart.o(.text.UART_SetConfig)
    __arm_cp.2_2                             0x08003178   Number         4  stm32g4xx_hal_uart.o(.text.UART_SetConfig)
    __arm_cp.2_3                             0x0800317c   Number         4  stm32g4xx_hal_uart.o(.text.UART_SetConfig)
    __arm_cp.2_4                             0x08003180   Number         4  stm32g4xx_hal_uart.o(.text.UART_SetConfig)
    __arm_cp.2_5                             0x08003184   Number         4  stm32g4xx_hal_uart.o(.text.UART_SetConfig)
    __arm_cp.2_6                             0x08003188   Number         4  stm32g4xx_hal_uart.o(.text.UART_SetConfig)
    __arm_cp.2_7                             0x0800318c   Number         4  stm32g4xx_hal_uart.o(.text.UART_SetConfig)
    __arm_cp.2_8                             0x08003190   Number         4  stm32g4xx_hal_uart.o(.text.UART_SetConfig)
    __arm_cp.2_11                            0x080031b4   Number         4  stm32g4xx_hal_uart.o(.text.UART_SetConfig)
    __arm_cp.2_12                            0x080031b8   Number         4  stm32g4xx_hal_uart.o(.text.UART_SetConfig)
    [Anonymous Symbol]                       0x080031bc   Section        0  stm32g4xx_hal_uart.o(.text.UART_Start_Receive_DMA)
    __arm_cp.25_0                            0x08003230   Number         4  stm32g4xx_hal_uart.o(.text.UART_Start_Receive_DMA)
    __arm_cp.25_1                            0x08003234   Number         4  stm32g4xx_hal_uart.o(.text.UART_Start_Receive_DMA)
    __arm_cp.25_2                            0x08003238   Number         4  stm32g4xx_hal_uart.o(.text.UART_Start_Receive_DMA)
    [Anonymous Symbol]                       0x0800323c   Section        0  stm32g4xx_hal_uart.o(.text.UART_WaitOnFlagUntilTimeout)
    [Anonymous Symbol]                       0x080032dc   Section        0  stm32g4xx_it.o(.text.USART1_IRQHandler)
    [Anonymous Symbol]                       0x080032e4   Section        0  stm32g4xx_it.o(.text.USART2_IRQHandler)
    __arm_cp.15_0                            0x080032ec   Number         4  stm32g4xx_it.o(.text.USART2_IRQHandler)
    [Anonymous Symbol]                       0x080032f0   Section        0  stm32g4xx_it.o(.text.UsageFault_Handler)
    __NVIC_SetPriority                       0x080032f5   Thumb Code    36  stm32g4xx_hal_cortex.o(.text.__NVIC_SetPriority)
    [Anonymous Symbol]                       0x080032f4   Section        0  stm32g4xx_hal_cortex.o(.text.__NVIC_SetPriority)
    __arm_cp.2_0                             0x08003310   Number         4  stm32g4xx_hal_cortex.o(.text.__NVIC_SetPriority)
    __arm_cp.2_1                             0x08003314   Number         4  stm32g4xx_hal_cortex.o(.text.__NVIC_SetPriority)
    [Anonymous Symbol]                       0x08003318   Section        0  led.o(.text.ctrl)
    __arm_cp.0_0                             0x0800334c   Number         4  led.o(.text.ctrl)
    __arm_cp.0_1                             0x08003350   Number         4  led.o(.text.ctrl)
    [Anonymous Symbol]                       0x08003354   Section        0  main.o(.text.main)
    __arm_cp.0_0                             0x0800338c   Number         4  main.o(.text.main)
    __arm_cp.0_1                             0x08003390   Number         4  main.o(.text.main)
    $v0                                      0x08003394   Number         0  fpinit.o(x$fpl$fpinit)
    x$fpl$fpinit                             0x08003394   Section       26  fpinit.o(x$fpl$fpinit)
    UARTEx_SetNbDataToProcess.numerator      0x080045ae   Data           8  stm32g4xx_hal_uart_ex.o(.rodata.cst8)
    UARTEx_SetNbDataToProcess.denominator    0x080045b6   Data           8  stm32g4xx_hal_uart_ex.o(.rodata.cst8)
    [Anonymous Symbol]                       0x20000000   Section        0  stm32g4xx_hal.o(.data..L_MergedGlobals)
    BackColor                                0x20000008   Data           2  lcd.o(.data.BackColor)
    [Anonymous Symbol]                       0x20000008   Section        0  lcd.o(.data.BackColor)
    .bss                                     0x20000010   Section       96  libspace.o(.bss)
    TextColor                                0x20000070   Data           2  lcd.o(.bss.TextColor)
    [Anonymous Symbol]                       0x20000070   Section        0  lcd.o(.bss.TextColor)
    Heap_Mem                                 0x200029e8   Data         512  startup_stm32g431xx.o(HEAP)
    HEAP                                     0x200029e8   Section      512  startup_stm32g431xx.o(HEAP)
    Stack_Mem                                0x20002be8   Data        1024  startup_stm32g431xx.o(STACK)
    STACK                                    0x20002be8   Section     1024  startup_stm32g431xx.o(STACK)
    __initial_sp                             0x20002fe8   Data           0  startup_stm32g431xx.o(STACK)

    Global Symbols

    Symbol Name                              Value     Ov Type        Size  Object(Section)

    BuildAttributes$$THM_ISAv4$E$P$D$K$B$S$7EM$VFPi3$EXTD16$VFPS$VFMA$PE$A:L22UL41UL21$X:L11$S22US41US21$IEEE1$IW$~IW$USESV6$~STKCKD$USESV7$~SHL$OSPACE$ROPI$EBA8$UX$STANDARDLIB$REQ8$PRES8$EABIv2 0x00000000   Number         0  anon$$obj.o ABSOLUTE
    __ARM_exceptions_init                     - Undefined Weak Reference
    __alloca_initialize                       - Undefined Weak Reference
    __arm_preinit_                            - Undefined Weak Reference
    __cpp_initialize__aeabi_                  - Undefined Weak Reference
    __cxa_finalize                            - Undefined Weak Reference
    __rt_locale                               - Undefined Weak Reference
    __sigvec_lookup                           - Undefined Weak Reference
    _atexit_init                              - Undefined Weak Reference
    _call_atexit_fns                          - Undefined Weak Reference
    _clock_init                               - Undefined Weak Reference
    _fp_trap_init                             - Undefined Weak Reference
    _fp_trap_shutdown                         - Undefined Weak Reference
    _get_lc_collate                           - Undefined Weak Reference
    _get_lc_ctype                             - Undefined Weak Reference
    _get_lc_monetary                          - Undefined Weak Reference
    _get_lc_numeric                           - Undefined Weak Reference
    _get_lc_time                              - Undefined Weak Reference
    _getenv_init                              - Undefined Weak Reference
    _handle_redirection                       - Undefined Weak Reference
    _init_alloc                               - Undefined Weak Reference
    _init_user_alloc                          - Undefined Weak Reference
    _initio                                   - Undefined Weak Reference
    _rand_init                                - Undefined Weak Reference
    _signal_finish                            - Undefined Weak Reference
    _signal_init                              - Undefined Weak Reference
    _terminate_alloc                          - Undefined Weak Reference
    _terminate_user_alloc                     - Undefined Weak Reference
    _terminateio                              - Undefined Weak Reference
    __Vectors_Size                           0x000001d8   Number         0  startup_stm32g431xx.o ABSOLUTE
    __Vectors                                0x08000000   Data           4  startup_stm32g431xx.o(RESET)
    __Vectors_End                            0x080001d8   Data           0  startup_stm32g431xx.o(RESET)
    __main                                   0x080001d9   Thumb Code     8  __main.o(!!!main)
    __scatterload                            0x080001e1   Thumb Code     0  __scatter.o(!!!scatter)
    __scatterload_rt2                        0x080001e1   Thumb Code    44  __scatter.o(!!!scatter)
    __scatterload_rt2_thumb_only             0x080001e1   Thumb Code     0  __scatter.o(!!!scatter)
    __scatterload_null                       0x080001ef   Thumb Code     0  __scatter.o(!!!scatter)
    __scatterload_copy                       0x08000215   Thumb Code    26  __scatter_copy.o(!!handler_copy)
    __scatterload_zeroinit                   0x08000231   Thumb Code    28  __scatter_zi.o(!!handler_zi)
    __rt_lib_init                            0x0800024d   Thumb Code     0  libinit.o(.ARM.Collect$$libinit$$00000000)
    __rt_lib_init_fp_1                       0x0800024f   Thumb Code     0  libinit2.o(.ARM.Collect$$libinit$$00000001)
    __rt_lib_init_alloca_1                   0x08000253   Thumb Code     0  libinit2.o(.ARM.Collect$$libinit$$0000002E)
    __rt_lib_init_argv_1                     0x08000253   Thumb Code     0  libinit2.o(.ARM.Collect$$libinit$$0000002C)
    __rt_lib_init_atexit_1                   0x08000253   Thumb Code     0  libinit2.o(.ARM.Collect$$libinit$$0000001B)
    __rt_lib_init_clock_1                    0x08000253   Thumb Code     0  libinit2.o(.ARM.Collect$$libinit$$00000021)
    __rt_lib_init_cpp_1                      0x08000253   Thumb Code     0  libinit2.o(.ARM.Collect$$libinit$$00000032)
    __rt_lib_init_exceptions_1               0x08000253   Thumb Code     0  libinit2.o(.ARM.Collect$$libinit$$00000030)
    __rt_lib_init_fp_trap_1                  0x08000253   Thumb Code     0  libinit2.o(.ARM.Collect$$libinit$$0000001F)
    __rt_lib_init_getenv_1                   0x08000253   Thumb Code     0  libinit2.o(.ARM.Collect$$libinit$$00000023)
    __rt_lib_init_heap_1                     0x08000253   Thumb Code     0  libinit2.o(.ARM.Collect$$libinit$$0000000A)
    __rt_lib_init_lc_collate_1               0x08000253   Thumb Code     0  libinit2.o(.ARM.Collect$$libinit$$00000011)
    __rt_lib_init_lc_ctype_1                 0x08000253   Thumb Code     0  libinit2.o(.ARM.Collect$$libinit$$00000013)
    __rt_lib_init_lc_monetary_1              0x08000253   Thumb Code     0  libinit2.o(.ARM.Collect$$libinit$$00000015)
    __rt_lib_init_lc_numeric_1               0x08000253   Thumb Code     0  libinit2.o(.ARM.Collect$$libinit$$00000017)
    __rt_lib_init_lc_time_1                  0x08000253   Thumb Code     0  libinit2.o(.ARM.Collect$$libinit$$00000019)
    __rt_lib_init_preinit_1                  0x08000253   Thumb Code     0  libinit2.o(.ARM.Collect$$libinit$$00000004)
    __rt_lib_init_rand_1                     0x08000253   Thumb Code     0  libinit2.o(.ARM.Collect$$libinit$$0000000E)
    __rt_lib_init_return                     0x08000253   Thumb Code     0  libinit2.o(.ARM.Collect$$libinit$$00000033)
    __rt_lib_init_signal_1                   0x08000253   Thumb Code     0  libinit2.o(.ARM.Collect$$libinit$$0000001D)
    __rt_lib_init_stdio_1                    0x08000253   Thumb Code     0  libinit2.o(.ARM.Collect$$libinit$$00000025)
    __rt_lib_init_user_alloc_1               0x08000253   Thumb Code     0  libinit2.o(.ARM.Collect$$libinit$$0000000C)
    __rt_lib_shutdown                        0x08000255   Thumb Code     0  libshutdown.o(.ARM.Collect$$libshutdown$$00000000)
    __rt_lib_shutdown_cpp_1                  0x08000257   Thumb Code     0  libshutdown2.o(.ARM.Collect$$libshutdown$$00000002)
    __rt_lib_shutdown_fp_trap_1              0x08000257   Thumb Code     0  libshutdown2.o(.ARM.Collect$$libshutdown$$00000007)
    __rt_lib_shutdown_heap_1                 0x08000257   Thumb Code     0  libshutdown2.o(.ARM.Collect$$libshutdown$$0000000F)
    __rt_lib_shutdown_return                 0x08000257   Thumb Code     0  libshutdown2.o(.ARM.Collect$$libshutdown$$00000010)
    __rt_lib_shutdown_signal_1               0x08000257   Thumb Code     0  libshutdown2.o(.ARM.Collect$$libshutdown$$0000000A)
    __rt_lib_shutdown_stdio_1                0x08000257   Thumb Code     0  libshutdown2.o(.ARM.Collect$$libshutdown$$00000004)
    __rt_lib_shutdown_user_alloc_1           0x08000257   Thumb Code     0  libshutdown2.o(.ARM.Collect$$libshutdown$$0000000C)
    __rt_entry                               0x08000259   Thumb Code     0  __rtentry.o(.ARM.Collect$$rtentry$$00000000)
    __rt_entry_presh_1                       0x08000259   Thumb Code     0  __rtentry2.o(.ARM.Collect$$rtentry$$00000002)
    __rt_entry_sh                            0x08000259   Thumb Code     0  __rtentry4.o(.ARM.Collect$$rtentry$$00000004)
    __rt_entry_li                            0x0800025f   Thumb Code     0  __rtentry2.o(.ARM.Collect$$rtentry$$0000000A)
    __rt_entry_postsh_1                      0x0800025f   Thumb Code     0  __rtentry2.o(.ARM.Collect$$rtentry$$00000009)
    __rt_entry_main                          0x08000263   Thumb Code     0  __rtentry2.o(.ARM.Collect$$rtentry$$0000000D)
    __rt_entry_postli_1                      0x08000263   Thumb Code     0  __rtentry2.o(.ARM.Collect$$rtentry$$0000000C)
    __rt_exit                                0x0800026b   Thumb Code     0  rtexit.o(.ARM.Collect$$rtexit$$00000000)
    __rt_exit_ls                             0x0800026d   Thumb Code     0  rtexit2.o(.ARM.Collect$$rtexit$$00000003)
    __rt_exit_prels_1                        0x0800026d   Thumb Code     0  rtexit2.o(.ARM.Collect$$rtexit$$00000002)
    __rt_exit_exit                           0x08000271   Thumb Code     0  rtexit2.o(.ARM.Collect$$rtexit$$00000004)
    Reset_Handler                            0x08000279   Thumb Code     8  startup_stm32g431xx.o(.text)
    ADC1_2_IRQHandler                        0x08000293   Thumb Code     0  startup_stm32g431xx.o(.text)
    COMP1_2_3_IRQHandler                     0x08000293   Thumb Code     0  startup_stm32g431xx.o(.text)
    COMP4_IRQHandler                         0x08000293   Thumb Code     0  startup_stm32g431xx.o(.text)
    CORDIC_IRQHandler                        0x08000293   Thumb Code     0  startup_stm32g431xx.o(.text)
    CRS_IRQHandler                           0x08000293   Thumb Code     0  startup_stm32g431xx.o(.text)
    DMA1_Channel3_IRQHandler                 0x08000293   Thumb Code     0  startup_stm32g431xx.o(.text)
    DMA1_Channel4_IRQHandler                 0x08000293   Thumb Code     0  startup_stm32g431xx.o(.text)
    DMA1_Channel5_IRQHandler                 0x08000293   Thumb Code     0  startup_stm32g431xx.o(.text)
    DMA1_Channel6_IRQHandler                 0x08000293   Thumb Code     0  startup_stm32g431xx.o(.text)
    DMA2_Channel1_IRQHandler                 0x08000293   Thumb Code     0  startup_stm32g431xx.o(.text)
    DMA2_Channel2_IRQHandler                 0x08000293   Thumb Code     0  startup_stm32g431xx.o(.text)
    DMA2_Channel3_IRQHandler                 0x08000293   Thumb Code     0  startup_stm32g431xx.o(.text)
    DMA2_Channel4_IRQHandler                 0x08000293   Thumb Code     0  startup_stm32g431xx.o(.text)
    DMA2_Channel5_IRQHandler                 0x08000293   Thumb Code     0  startup_stm32g431xx.o(.text)
    DMA2_Channel6_IRQHandler                 0x08000293   Thumb Code     0  startup_stm32g431xx.o(.text)
    DMAMUX_OVR_IRQHandler                    0x08000293   Thumb Code     0  startup_stm32g431xx.o(.text)
    EXTI15_10_IRQHandler                     0x08000293   Thumb Code     0  startup_stm32g431xx.o(.text)
    EXTI2_IRQHandler                         0x08000293   Thumb Code     0  startup_stm32g431xx.o(.text)
    EXTI3_IRQHandler                         0x08000293   Thumb Code     0  startup_stm32g431xx.o(.text)
    EXTI4_IRQHandler                         0x08000293   Thumb Code     0  startup_stm32g431xx.o(.text)
    EXTI9_5_IRQHandler                       0x08000293   Thumb Code     0  startup_stm32g431xx.o(.text)
    FDCAN1_IT0_IRQHandler                    0x08000293   Thumb Code     0  startup_stm32g431xx.o(.text)
    FDCAN1_IT1_IRQHandler                    0x08000293   Thumb Code     0  startup_stm32g431xx.o(.text)
    FLASH_IRQHandler                         0x08000293   Thumb Code     0  startup_stm32g431xx.o(.text)
    FMAC_IRQHandler                          0x08000293   Thumb Code     0  startup_stm32g431xx.o(.text)
    FPU_IRQHandler                           0x08000293   Thumb Code     0  startup_stm32g431xx.o(.text)
    I2C1_ER_IRQHandler                       0x08000293   Thumb Code     0  startup_stm32g431xx.o(.text)
    I2C1_EV_IRQHandler                       0x08000293   Thumb Code     0  startup_stm32g431xx.o(.text)
    I2C2_ER_IRQHandler                       0x08000293   Thumb Code     0  startup_stm32g431xx.o(.text)
    I2C2_EV_IRQHandler                       0x08000293   Thumb Code     0  startup_stm32g431xx.o(.text)
    I2C3_ER_IRQHandler                       0x08000293   Thumb Code     0  startup_stm32g431xx.o(.text)
    I2C3_EV_IRQHandler                       0x08000293   Thumb Code     0  startup_stm32g431xx.o(.text)
    LPTIM1_IRQHandler                        0x08000293   Thumb Code     0  startup_stm32g431xx.o(.text)
    LPUART1_IRQHandler                       0x08000293   Thumb Code     0  startup_stm32g431xx.o(.text)
    PVD_PVM_IRQHandler                       0x08000293   Thumb Code     0  startup_stm32g431xx.o(.text)
    RCC_IRQHandler                           0x08000293   Thumb Code     0  startup_stm32g431xx.o(.text)
    RNG_IRQHandler                           0x08000293   Thumb Code     0  startup_stm32g431xx.o(.text)
    RTC_Alarm_IRQHandler                     0x08000293   Thumb Code     0  startup_stm32g431xx.o(.text)
    RTC_TAMP_LSECSS_IRQHandler               0x08000293   Thumb Code     0  startup_stm32g431xx.o(.text)
    RTC_WKUP_IRQHandler                      0x08000293   Thumb Code     0  startup_stm32g431xx.o(.text)
    SAI1_IRQHandler                          0x08000293   Thumb Code     0  startup_stm32g431xx.o(.text)
    SPI1_IRQHandler                          0x08000293   Thumb Code     0  startup_stm32g431xx.o(.text)
    SPI2_IRQHandler                          0x08000293   Thumb Code     0  startup_stm32g431xx.o(.text)
    SPI3_IRQHandler                          0x08000293   Thumb Code     0  startup_stm32g431xx.o(.text)
    TIM1_BRK_TIM15_IRQHandler                0x08000293   Thumb Code     0  startup_stm32g431xx.o(.text)
    TIM1_CC_IRQHandler                       0x08000293   Thumb Code     0  startup_stm32g431xx.o(.text)
    TIM1_TRG_COM_TIM17_IRQHandler            0x08000293   Thumb Code     0  startup_stm32g431xx.o(.text)
    TIM1_UP_TIM16_IRQHandler                 0x08000293   Thumb Code     0  startup_stm32g431xx.o(.text)
    TIM2_IRQHandler                          0x08000293   Thumb Code     0  startup_stm32g431xx.o(.text)
    TIM4_IRQHandler                          0x08000293   Thumb Code     0  startup_stm32g431xx.o(.text)
    TIM6_DAC_IRQHandler                      0x08000293   Thumb Code     0  startup_stm32g431xx.o(.text)
    TIM7_IRQHandler                          0x08000293   Thumb Code     0  startup_stm32g431xx.o(.text)
    TIM8_BRK_IRQHandler                      0x08000293   Thumb Code     0  startup_stm32g431xx.o(.text)
    TIM8_CC_IRQHandler                       0x08000293   Thumb Code     0  startup_stm32g431xx.o(.text)
    TIM8_TRG_COM_IRQHandler                  0x08000293   Thumb Code     0  startup_stm32g431xx.o(.text)
    TIM8_UP_IRQHandler                       0x08000293   Thumb Code     0  startup_stm32g431xx.o(.text)
    UART4_IRQHandler                         0x08000293   Thumb Code     0  startup_stm32g431xx.o(.text)
    UCPD1_IRQHandler                         0x08000293   Thumb Code     0  startup_stm32g431xx.o(.text)
    USART3_IRQHandler                        0x08000293   Thumb Code     0  startup_stm32g431xx.o(.text)
    USBWakeUp_IRQHandler                     0x08000293   Thumb Code     0  startup_stm32g431xx.o(.text)
    USB_HP_IRQHandler                        0x08000293   Thumb Code     0  startup_stm32g431xx.o(.text)
    USB_LP_IRQHandler                        0x08000293   Thumb Code     0  startup_stm32g431xx.o(.text)
    WWDG_IRQHandler                          0x08000293   Thumb Code     0  startup_stm32g431xx.o(.text)
    __user_initial_stackheap                 0x08000295   Thumb Code     0  startup_stm32g431xx.o(.text)
    __aeabi_uldivmod                         0x080002b9   Thumb Code     0  lludivv7m.o(.text)
    _ll_udiv                                 0x080002b9   Thumb Code   238  lludivv7m.o(.text)
    __aeabi_memclr4                          0x080003a7   Thumb Code     0  rt_memclr_w.o(.text)
    __aeabi_memclr8                          0x080003a7   Thumb Code     0  rt_memclr_w.o(.text)
    __rt_memclr_w                            0x080003a7   Thumb Code    78  rt_memclr_w.o(.text)
    _memset_w                                0x080003ab   Thumb Code     0  rt_memclr_w.o(.text)
    __use_two_region_memory                  0x080003f5   Thumb Code     2  heapauxi.o(.text)
    __rt_heap_escrow$2region                 0x080003f7   Thumb Code     2  heapauxi.o(.text)
    __rt_heap_expand$2region                 0x080003f9   Thumb Code     2  heapauxi.o(.text)
    __user_setup_stackheap                   0x080003fb   Thumb Code    74  sys_stackheap_outer.o(.text)
    exit                                     0x08000445   Thumb Code    18  exit.o(.text)
    __user_libspace                          0x08000459   Thumb Code     8  libspace.o(.text)
    __user_perproc_libspace                  0x08000459   Thumb Code     0  libspace.o(.text)
    __user_perthread_libspace                0x08000459   Thumb Code     0  libspace.o(.text)
    _sys_exit                                0x08000461   Thumb Code     8  sys_exit.o(.text)
    __I$use$semihosting                      0x0800046d   Thumb Code     0  use_no_semi.o(.text)
    __use_no_semihosting_swi                 0x0800046d   Thumb Code     2  use_no_semi.o(.text)
    BusFault_Handler                         0x0800046f   Thumb Code     2  stm32g4xx_it.o(.text.BusFault_Handler)
    __semihosting_library_function           0x0800046f   Thumb Code     0  indicate_semi.o(.text)
    DMA1_Channel1_IRQHandler                 0x08000471   Thumb Code    12  stm32g4xx_it.o(.text.DMA1_Channel1_IRQHandler)
    DMA1_Channel2_IRQHandler                 0x0800047d   Thumb Code    12  stm32g4xx_it.o(.text.DMA1_Channel2_IRQHandler)
    DebugMon_Handler                         0x0800053b   Thumb Code     2  stm32g4xx_it.o(.text.DebugMon_Handler)
    EXTI0_IRQHandler                         0x0800053d   Thumb Code    52  stm32g4xx_it.o(.text.EXTI0_IRQHandler)
    EXTI1_IRQHandler                         0x08000571   Thumb Code   112  stm32g4xx_it.o(.text.EXTI1_IRQHandler)
    Error_Handler                            0x080005e1   Thumb Code     8  main.o(.text.Error_Handler)
    HAL_DMA_Abort                            0x080005e9   Thumb Code   102  stm32g4xx_hal_dma.o(.text.HAL_DMA_Abort)
    HAL_DMA_Abort_IT                         0x0800064f   Thumb Code   122  stm32g4xx_hal_dma.o(.text.HAL_DMA_Abort_IT)
    HAL_DMA_IRQHandler                       0x080006c9   Thumb Code   164  stm32g4xx_hal_dma.o(.text.HAL_DMA_IRQHandler)
    HAL_DMA_Init                             0x0800076d   Thumb Code   192  stm32g4xx_hal_dma.o(.text.HAL_DMA_Init)
    HAL_DMA_Start_IT                         0x0800082d   Thumb Code   136  stm32g4xx_hal_dma.o(.text.HAL_DMA_Start_IT)
    HAL_Delay                                0x080008b5   Thumb Code    36  stm32g4xx_hal.o(.text.HAL_Delay)
    HAL_GPIO_EXTI_Callback                   0x080008d5   Thumb Code     2  stm32g4xx_hal_gpio.o(.text.HAL_GPIO_EXTI_Callback)
    HAL_GPIO_EXTI_IRQHandler                 0x080008d9   Thumb Code    20  stm32g4xx_hal_gpio.o(.text.HAL_GPIO_EXTI_IRQHandler)
    HAL_GPIO_Init                            0x080008ed   Thumb Code   388  stm32g4xx_hal_gpio.o(.text.HAL_GPIO_Init)
    HAL_GPIO_ReadPin                         0x08000a71   Thumb Code    10  stm32g4xx_hal_gpio.o(.text.HAL_GPIO_ReadPin)
    HAL_GPIO_WritePin                        0x08000a7b   Thumb Code    12  stm32g4xx_hal_gpio.o(.text.HAL_GPIO_WritePin)
    HAL_GetTick                              0x08000a89   Thumb Code    12  stm32g4xx_hal.o(.text.HAL_GetTick)
    HAL_IncTick                              0x08000a91   Thumb Code    24  stm32g4xx_hal.o(.text.HAL_IncTick)
    HAL_Init                                 0x08000aa5   Thumb Code    28  stm32g4xx_hal.o(.text.HAL_Init)
    HAL_InitTick                             0x08000ac1   Thumb Code    72  stm32g4xx_hal.o(.text.HAL_InitTick)
    HAL_MspInit                              0x08000b05   Thumb Code    52  stm32g4xx_hal_msp.o(.text.HAL_MspInit)
    HAL_NVIC_EnableIRQ                       0x08000b39   Thumb Code    28  stm32g4xx_hal_cortex.o(.text.HAL_NVIC_EnableIRQ)
    HAL_NVIC_SetPriority                     0x08000b55   Thumb Code    64  stm32g4xx_hal_cortex.o(.text.HAL_NVIC_SetPriority)
    HAL_NVIC_SetPriorityGrouping             0x08000b91   Thumb Code    32  stm32g4xx_hal_cortex.o(.text.HAL_NVIC_SetPriorityGrouping)
    HAL_PWREx_ControlVoltageScaling          0x08000bb1   Thumb Code   176  stm32g4xx_hal_pwr_ex.o(.text.HAL_PWREx_ControlVoltageScaling)
    HAL_PWREx_DisableUCPDDeadBattery         0x08000c5d   Thumb Code    16  stm32g4xx_hal_pwr_ex.o(.text.HAL_PWREx_DisableUCPDDeadBattery)
    HAL_RCCEx_PeriphCLKConfig                0x08000c6d   Thumb Code   560  stm32g4xx_hal_rcc_ex.o(.text.HAL_RCCEx_PeriphCLKConfig)
    HAL_RCC_ClockConfig                      0x08000e9d   Thumb Code   496  stm32g4xx_hal_rcc.o(.text.HAL_RCC_ClockConfig)
    HAL_RCC_GetPCLK1Freq                     0x08001081   Thumb Code    36  stm32g4xx_hal_rcc.o(.text.HAL_RCC_GetPCLK1Freq)
    HAL_RCC_GetPCLK2Freq                     0x08001099   Thumb Code    36  stm32g4xx_hal_rcc.o(.text.HAL_RCC_GetPCLK2Freq)
    HAL_RCC_GetSysClockFreq                  0x080010b9   Thumb Code   108  stm32g4xx_hal_rcc.o(.text.HAL_RCC_GetSysClockFreq)
    HAL_RCC_OscConfig                        0x08001125   Thumb Code  1084  stm32g4xx_hal_rcc.o(.text.HAL_RCC_OscConfig)
    HAL_SYSTICK_Config                       0x08001561   Thumb Code    40  stm32g4xx_hal_cortex.o(.text.HAL_SYSTICK_Config)
    HAL_TIMEx_Break2Callback                 0x08001589   Thumb Code     2  stm32g4xx_hal_tim_ex.o(.text.HAL_TIMEx_Break2Callback)
    HAL_TIMEx_BreakCallback                  0x0800158b   Thumb Code     2  stm32g4xx_hal_tim_ex.o(.text.HAL_TIMEx_BreakCallback)
    HAL_TIMEx_CommutCallback                 0x0800158d   Thumb Code     2  stm32g4xx_hal_tim_ex.o(.text.HAL_TIMEx_CommutCallback)
    HAL_TIMEx_DirectionChangeCallback        0x0800158f   Thumb Code     2  stm32g4xx_hal_tim_ex.o(.text.HAL_TIMEx_DirectionChangeCallback)
    HAL_TIMEx_EncoderIndexCallback           0x08001591   Thumb Code     2  stm32g4xx_hal_tim_ex.o(.text.HAL_TIMEx_EncoderIndexCallback)
    HAL_TIMEx_IndexErrorCallback             0x08001593   Thumb Code     2  stm32g4xx_hal_tim_ex.o(.text.HAL_TIMEx_IndexErrorCallback)
    HAL_TIMEx_MasterConfigSynchronization    0x08001595   Thumb Code   152  stm32g4xx_hal_tim_ex.o(.text.HAL_TIMEx_MasterConfigSynchronization)
    HAL_TIMEx_TransitionErrorCallback        0x08001629   Thumb Code     2  stm32g4xx_hal_tim_ex.o(.text.HAL_TIMEx_TransitionErrorCallback)
    HAL_TIM_Base_Init                        0x0800162b   Thumb Code    96  stm32g4xx_hal_tim.o(.text.HAL_TIM_Base_Init)
    HAL_TIM_Base_MspInit                     0x0800168d   Thumb Code    60  tim.o(.text.HAL_TIM_Base_MspInit)
    HAL_TIM_ConfigClockSource                0x080016c9   Thumb Code   292  stm32g4xx_hal_tim.o(.text.HAL_TIM_ConfigClockSource)
    HAL_TIM_IC_CaptureCallback               0x080017ed   Thumb Code     2  stm32g4xx_hal_tim.o(.text.HAL_TIM_IC_CaptureCallback)
    HAL_TIM_IRQHandler                       0x080017ef   Thumb Code   512  stm32g4xx_hal_tim.o(.text.HAL_TIM_IRQHandler)
    HAL_TIM_OC_DelayElapsedCallback          0x080019ef   Thumb Code     2  stm32g4xx_hal_tim.o(.text.HAL_TIM_OC_DelayElapsedCallback)
    HAL_TIM_PWM_PulseFinishedCallback        0x080019f1   Thumb Code     2  stm32g4xx_hal_tim.o(.text.HAL_TIM_PWM_PulseFinishedCallback)
    HAL_TIM_PeriodElapsedCallback            0x080019f5   Thumb Code   168  inte.o(.text.HAL_TIM_PeriodElapsedCallback)
    HAL_TIM_TriggerCallback                  0x08001a9d   Thumb Code     2  stm32g4xx_hal_tim.o(.text.HAL_TIM_TriggerCallback)
    HAL_UARTEx_DisableFifoMode               0x08001a9f   Thumb Code    54  stm32g4xx_hal_uart_ex.o(.text.HAL_UARTEx_DisableFifoMode)
    HAL_UARTEx_ReceiveToIdle_DMA             0x08001ad5   Thumb Code    76  stm32g4xx_hal_uart_ex.o(.text.HAL_UARTEx_ReceiveToIdle_DMA)
    HAL_UARTEx_RxEventCallback               0x08001b21   Thumb Code    72  inte.o(.text.HAL_UARTEx_RxEventCallback)
    HAL_UARTEx_RxFifoFullCallback            0x08001b69   Thumb Code     2  stm32g4xx_hal_uart_ex.o(.text.HAL_UARTEx_RxFifoFullCallback)
    HAL_UARTEx_SetRxFifoThreshold            0x08001b6b   Thumb Code    74  stm32g4xx_hal_uart_ex.o(.text.HAL_UARTEx_SetRxFifoThreshold)
    HAL_UARTEx_SetTxFifoThreshold            0x08001bb5   Thumb Code    74  stm32g4xx_hal_uart_ex.o(.text.HAL_UARTEx_SetTxFifoThreshold)
    HAL_UARTEx_TxFifoEmptyCallback           0x08001bff   Thumb Code     2  stm32g4xx_hal_uart_ex.o(.text.HAL_UARTEx_TxFifoEmptyCallback)
    HAL_UARTEx_WakeupCallback                0x08001c01   Thumb Code     2  stm32g4xx_hal_uart_ex.o(.text.HAL_UARTEx_WakeupCallback)
    HAL_UART_ErrorCallback                   0x08001c03   Thumb Code     2  stm32g4xx_hal_uart.o(.text.HAL_UART_ErrorCallback)
    HAL_UART_IRQHandler                      0x08001c05   Thumb Code   664  stm32g4xx_hal_uart.o(.text.HAL_UART_IRQHandler)
    HAL_UART_Init                            0x08001e9d   Thumb Code   100  stm32g4xx_hal_uart.o(.text.HAL_UART_Init)
    HAL_UART_MspInit                         0x08001f01   Thumb Code   320  usart.o(.text.HAL_UART_MspInit)
    HAL_UART_Receive_DMA                     0x0800203d   Thumb Code    76  stm32g4xx_hal_uart.o(.text.HAL_UART_Receive_DMA)
    HAL_UART_RxCpltCallback                  0x08002089   Thumb Code    40  inte.o(.text.HAL_UART_RxCpltCallback)
    HAL_UART_RxHalfCpltCallback              0x080020b1   Thumb Code     2  stm32g4xx_hal_uart.o(.text.HAL_UART_RxHalfCpltCallback)
    HAL_UART_Transmit                        0x080020b3   Thumb Code   200  stm32g4xx_hal_uart.o(.text.HAL_UART_Transmit)
    HAL_UART_Transmit_DMA                    0x0800217d   Thumb Code   148  stm32g4xx_hal_uart.o(.text.HAL_UART_Transmit_DMA)
    HAL_UART_TxCpltCallback                  0x08002211   Thumb Code     2  stm32g4xx_hal_uart.o(.text.HAL_UART_TxCpltCallback)
    HAL_UART_TxHalfCpltCallback              0x08002213   Thumb Code     2  stm32g4xx_hal_uart.o(.text.HAL_UART_TxHalfCpltCallback)
    HardFault_Handler                        0x08002215   Thumb Code     2  stm32g4xx_it.o(.text.HardFault_Handler)
    LCD_BusIn                                0x08002219   Thumb Code    36  lcd.o(.text.LCD_BusIn)
    LCD_BusOut                               0x08002239   Thumb Code    40  lcd.o(.text.LCD_BusOut)
    LCD_Clear                                0x08002261   Thumb Code    36  lcd.o(.text.LCD_Clear)
    LCD_CtrlLinesConfig                      0x08002285   Thumb Code   152  lcd.o(.text.LCD_CtrlLinesConfig)
    LCD_DisplayChar                          0x0800231d   Thumb Code    24  lcd.o(.text.LCD_DisplayChar)
    LCD_DisplayStringLine                    0x08002335   Thumb Code    40  lcd.o(.text.LCD_DisplayStringLine)
    LCD_DrawChar                             0x0800235d   Thumb Code   100  lcd.o(.text.LCD_DrawChar)
    LCD_Init                                 0x080023c1   Thumb Code    52  lcd.o(.text.LCD_Init)
    LCD_ReadReg                              0x080023f5   Thumb Code   144  lcd.o(.text.LCD_ReadReg)
    LCD_SetCursor                            0x08002485   Thumb Code    24  lcd.o(.text.LCD_SetCursor)
    LCD_WriteRAM                             0x0800249d   Thumb Code    80  lcd.o(.text.LCD_WriteRAM)
    LCD_WriteRAM_Prepare                     0x080024e9   Thumb Code    84  lcd.o(.text.LCD_WriteRAM_Prepare)
    LCD_WriteReg                             0x08002539   Thumb Code   100  lcd.o(.text.LCD_WriteReg)
    MX_DMA_Init                              0x0800259d   Thumb Code    80  dma.o(.text.MX_DMA_Init)
    MX_GPIO_Init                             0x080025ed   Thumb Code   304  gpio.o(.text.MX_GPIO_Init)
    MX_TIM3_Init                             0x0800271d   Thumb Code   104  tim.o(.text.MX_TIM3_Init)
    MX_USART1_UART_Init                      0x08002785   Thumb Code   104  usart.o(.text.MX_USART1_UART_Init)
    MX_USART2_UART_Init                      0x080027ed   Thumb Code   104  usart.o(.text.MX_USART2_UART_Init)
    MemManage_Handler                        0x08002855   Thumb Code     2  stm32g4xx_it.o(.text.MemManage_Handler)
    NMI_Handler                              0x08002857   Thumb Code     2  stm32g4xx_it.o(.text.NMI_Handler)
    PendSV_Handler                           0x08002859   Thumb Code     2  stm32g4xx_it.o(.text.PendSV_Handler)
    REG_8230_Init                            0x0800285d   Thumb Code   240  lcd.o(.text.REG_8230_Init)
    REG_932X_Init                            0x08002949   Thumb Code   408  lcd.o(.text.REG_932X_Init)
    SVC_Handler                              0x08002ae1   Thumb Code     2  stm32g4xx_it.o(.text.SVC_Handler)
    SysTick_Handler                          0x08002ae3   Thumb Code     4  stm32g4xx_it.o(.text.SysTick_Handler)
    SystemClock_Config                       0x08002ae7   Thumb Code   146  main.o(.text.SystemClock_Config)
    SystemInit                               0x08002b79   Thumb Code    16  system_stm32g4xx.o(.text.SystemInit)
    TIM3_IRQHandler                          0x08002b89   Thumb Code    12  stm32g4xx_it.o(.text.TIM3_IRQHandler)
    TIM_Base_SetConfig                       0x08002b95   Thumb Code   236  stm32g4xx_hal_tim.o(.text.TIM_Base_SetConfig)
    UART_AdvFeatureConfig                    0x08002d19   Thumb Code   210  stm32g4xx_hal_uart.o(.text.UART_AdvFeatureConfig)
    UART_CheckIdleState                      0x08002deb   Thumb Code   102  stm32g4xx_hal_uart.o(.text.UART_CheckIdleState)
    UART_SetConfig                           0x08002f9d   Thumb Code   544  stm32g4xx_hal_uart.o(.text.UART_SetConfig)
    UART_Start_Receive_DMA                   0x080031bd   Thumb Code   128  stm32g4xx_hal_uart.o(.text.UART_Start_Receive_DMA)
    UART_WaitOnFlagUntilTimeout              0x0800323d   Thumb Code   160  stm32g4xx_hal_uart.o(.text.UART_WaitOnFlagUntilTimeout)
    USART1_IRQHandler                        0x080032dd   Thumb Code    12  stm32g4xx_it.o(.text.USART1_IRQHandler)
    USART2_IRQHandler                        0x080032e5   Thumb Code    12  stm32g4xx_it.o(.text.USART2_IRQHandler)
    UsageFault_Handler                       0x080032f1   Thumb Code     2  stm32g4xx_it.o(.text.UsageFault_Handler)
    ctrl                                     0x08003319   Thumb Code    60  led.o(.text.ctrl)
    main                                     0x08003355   Thumb Code    64  main.o(.text.main)
    _fp_init                                 0x08003395   Thumb Code    26  fpinit.o(x$fpl$fpinit)
    __fplib_config_fpu_vfp                   0x080033ad   Thumb Code     0  fpinit.o(x$fpl$fpinit)
    __fplib_config_pureend_doubles           0x080033ad   Thumb Code     0  fpinit.o(x$fpl$fpinit)
    AHBPrescTable                            0x080033ae   Data          16  system_stm32g4xx.o(.rodata.AHBPrescTable)
    APBPrescTable                            0x080033be   Data           8  system_stm32g4xx.o(.rodata.APBPrescTable)
    ASCII_Table                              0x080033c6   Data        4560  lcd.o(.rodata.ASCII_Table)
    UARTPrescTable                           0x08004596   Data          24  stm32g4xx_hal_uart.o(.rodata.UARTPrescTable)
    Region$$Table$$Base                      0x080045c0   Number         0  anon$$obj.o(Region$$Table)
    Region$$Table$$Limit                     0x080045e0   Number         0  anon$$obj.o(Region$$Table)
    uwTickPrio                               0x20000000   Data           4  stm32g4xx_hal.o(.data..L_MergedGlobals)
    uwTickFreq                               0x20000004   Data           4  stm32g4xx_hal.o(.data..L_MergedGlobals)
    SystemCoreClock                          0x2000000c   Data           4  system_stm32g4xx.o(.data.SystemCoreClock)
    __libspace_start                         0x20000010   Data          96  libspace.o(.bss)
    __temporary_stack_top$libspace           0x20000070   Data           0  libspace.o(.bss)
    dummy                                    0x20000072   Data           2  lcd.o(.bss.dummy)
    hdma_usart1_rx                           0x20000074   Data          96  usart.o(.bss.hdma_usart1_rx)
    hdma_usart1_tx                           0x200000d4   Data          96  usart.o(.bss.hdma_usart1_tx)
    htim3                                    0x20000134   Data          76  tim.o(.bss.htim3)
    huart1                                   0x20000180   Data         144  usart.o(.bss.huart1)
    huart2                                   0x20000210   Data         144  usart.o(.bss.huart2)
    key                                      0x200002a0   Data          48  inte.o(.bss.key)
    receiveData                              0x200002d0   Data       10000  main.o(.bss.receiveData)
    uwTick                                   0x200029e0   Data           4  stm32g4xx_hal.o(.bss.uwTick)



==============================================================================

Memory Map of the image

  Image Entry point : 0x080001d9

  Load Region LR_IROM1 (Base: 0x08000000, Size: 0x000045f0, Max: 0x00020000, ABSOLUTE)

    Execution Region ER_IROM1 (Exec base: 0x08000000, Load base: 0x08000000, Size: 0x000045e0, Max: 0x00020000, ABSOLUTE)

    Exec Addr    Load Addr    Size         Type   Attr      Idx    E Section Name        Object

    0x08000000   0x08000000   0x000001d8   Data   RO            3    RESET               startup_stm32g431xx.o
    0x080001d8   0x080001d8   0x00000008   Code   RO         1382  * !!!main             c_w.l(__main.o)
    0x080001e0   0x080001e0   0x00000034   Code   RO         1555    !!!scatter          c_w.l(__scatter.o)
    0x08000214   0x08000214   0x0000001a   Code   RO         1557    !!handler_copy      c_w.l(__scatter_copy.o)
    0x0800022e   0x0800022e   0x00000002   PAD
    0x08000230   0x08000230   0x0000001c   Code   RO         1559    !!handler_zi        c_w.l(__scatter_zi.o)
    0x0800024c   0x0800024c   0x00000002   Code   RO         1419    .ARM.Collect$$libinit$$00000000  c_w.l(libinit.o)
    0x0800024e   0x0800024e   0x00000004   Code   RO         1431    .ARM.Collect$$libinit$$00000001  c_w.l(libinit2.o)
    0x08000252   0x08000252   0x00000000   Code   RO         1434    .ARM.Collect$$libinit$$00000004  c_w.l(libinit2.o)
    0x08000252   0x08000252   0x00000000   Code   RO         1437    .ARM.Collect$$libinit$$0000000A  c_w.l(libinit2.o)
    0x08000252   0x08000252   0x00000000   Code   RO         1439    .ARM.Collect$$libinit$$0000000C  c_w.l(libinit2.o)
    0x08000252   0x08000252   0x00000000   Code   RO         1441    .ARM.Collect$$libinit$$0000000E  c_w.l(libinit2.o)
    0x08000252   0x08000252   0x00000000   Code   RO         1444    .ARM.Collect$$libinit$$00000011  c_w.l(libinit2.o)
    0x08000252   0x08000252   0x00000000   Code   RO         1446    .ARM.Collect$$libinit$$00000013  c_w.l(libinit2.o)
    0x08000252   0x08000252   0x00000000   Code   RO         1448    .ARM.Collect$$libinit$$00000015  c_w.l(libinit2.o)
    0x08000252   0x08000252   0x00000000   Code   RO         1450    .ARM.Collect$$libinit$$00000017  c_w.l(libinit2.o)
    0x08000252   0x08000252   0x00000000   Code   RO         1452    .ARM.Collect$$libinit$$00000019  c_w.l(libinit2.o)
    0x08000252   0x08000252   0x00000000   Code   RO         1454    .ARM.Collect$$libinit$$0000001B  c_w.l(libinit2.o)
    0x08000252   0x08000252   0x00000000   Code   RO         1456    .ARM.Collect$$libinit$$0000001D  c_w.l(libinit2.o)
    0x08000252   0x08000252   0x00000000   Code   RO         1458    .ARM.Collect$$libinit$$0000001F  c_w.l(libinit2.o)
    0x08000252   0x08000252   0x00000000   Code   RO         1460    .ARM.Collect$$libinit$$00000021  c_w.l(libinit2.o)
    0x08000252   0x08000252   0x00000000   Code   RO         1462    .ARM.Collect$$libinit$$00000023  c_w.l(libinit2.o)
    0x08000252   0x08000252   0x00000000   Code   RO         1464    .ARM.Collect$$libinit$$00000025  c_w.l(libinit2.o)
    0x08000252   0x08000252   0x00000000   Code   RO         1468    .ARM.Collect$$libinit$$0000002C  c_w.l(libinit2.o)
    0x08000252   0x08000252   0x00000000   Code   RO         1470    .ARM.Collect$$libinit$$0000002E  c_w.l(libinit2.o)
    0x08000252   0x08000252   0x00000000   Code   RO         1472    .ARM.Collect$$libinit$$00000030  c_w.l(libinit2.o)
    0x08000252   0x08000252   0x00000000   Code   RO         1474    .ARM.Collect$$libinit$$00000032  c_w.l(libinit2.o)
    0x08000252   0x08000252   0x00000002   Code   RO         1475    .ARM.Collect$$libinit$$00000033  c_w.l(libinit2.o)
    0x08000254   0x08000254   0x00000002   Code   RO         1510    .ARM.Collect$$libshutdown$$00000000  c_w.l(libshutdown.o)
    0x08000256   0x08000256   0x00000000   Code   RO         1538    .ARM.Collect$$libshutdown$$00000002  c_w.l(libshutdown2.o)
    0x08000256   0x08000256   0x00000000   Code   RO         1540    .ARM.Collect$$libshutdown$$00000004  c_w.l(libshutdown2.o)
    0x08000256   0x08000256   0x00000000   Code   RO         1543    .ARM.Collect$$libshutdown$$00000007  c_w.l(libshutdown2.o)
    0x08000256   0x08000256   0x00000000   Code   RO         1546    .ARM.Collect$$libshutdown$$0000000A  c_w.l(libshutdown2.o)
    0x08000256   0x08000256   0x00000000   Code   RO         1548    .ARM.Collect$$libshutdown$$0000000C  c_w.l(libshutdown2.o)
    0x08000256   0x08000256   0x00000000   Code   RO         1551    .ARM.Collect$$libshutdown$$0000000F  c_w.l(libshutdown2.o)
    0x08000256   0x08000256   0x00000002   Code   RO         1552    .ARM.Collect$$libshutdown$$00000010  c_w.l(libshutdown2.o)
    0x08000258   0x08000258   0x00000000   Code   RO         1384    .ARM.Collect$$rtentry$$00000000  c_w.l(__rtentry.o)
    0x08000258   0x08000258   0x00000000   Code   RO         1390    .ARM.Collect$$rtentry$$00000002  c_w.l(__rtentry2.o)
    0x08000258   0x08000258   0x00000006   Code   RO         1402    .ARM.Collect$$rtentry$$00000004  c_w.l(__rtentry4.o)
    0x0800025e   0x0800025e   0x00000000   Code   RO         1392    .ARM.Collect$$rtentry$$00000009  c_w.l(__rtentry2.o)
    0x0800025e   0x0800025e   0x00000004   Code   RO         1393    .ARM.Collect$$rtentry$$0000000A  c_w.l(__rtentry2.o)
    0x08000262   0x08000262   0x00000000   Code   RO         1395    .ARM.Collect$$rtentry$$0000000C  c_w.l(__rtentry2.o)
    0x08000262   0x08000262   0x00000008   Code   RO         1396    .ARM.Collect$$rtentry$$0000000D  c_w.l(__rtentry2.o)
    0x0800026a   0x0800026a   0x00000002   Code   RO         1423    .ARM.Collect$$rtexit$$00000000  c_w.l(rtexit.o)
    0x0800026c   0x0800026c   0x00000000   Code   RO         1481    .ARM.Collect$$rtexit$$00000002  c_w.l(rtexit2.o)
    0x0800026c   0x0800026c   0x00000004   Code   RO         1482    .ARM.Collect$$rtexit$$00000003  c_w.l(rtexit2.o)
    0x08000270   0x08000270   0x00000006   Code   RO         1483    .ARM.Collect$$rtexit$$00000004  c_w.l(rtexit2.o)
    0x08000276   0x08000276   0x00000002   PAD
    0x08000278   0x08000278   0x00000040   Code   RO            4    .text               startup_stm32g431xx.o
    0x080002b8   0x080002b8   0x000000ee   Code   RO         1376    .text               c_w.l(lludivv7m.o)
    0x080003a6   0x080003a6   0x0000004e   Code   RO         1378    .text               c_w.l(rt_memclr_w.o)
    0x080003f4   0x080003f4   0x00000006   Code   RO         1380    .text               c_w.l(heapauxi.o)
    0x080003fa   0x080003fa   0x0000004a   Code   RO         1406    .text               c_w.l(sys_stackheap_outer.o)
    0x08000444   0x08000444   0x00000012   Code   RO         1408    .text               c_w.l(exit.o)
    0x08000456   0x08000456   0x00000002   PAD
    0x08000458   0x08000458   0x00000008   Code   RO         1420    .text               c_w.l(libspace.o)
    0x08000460   0x08000460   0x0000000c   Code   RO         1476    .text               c_w.l(sys_exit.o)
    0x0800046c   0x0800046c   0x00000002   Code   RO         1499    .text               c_w.l(use_no_semi.o)
    0x0800046e   0x0800046e   0x00000000   Code   RO         1501    .text               c_w.l(indicate_semi.o)
    0x0800046e   0x0800046e   0x00000002   Code   RO           92    .text.BusFault_Handler  stm32g4xx_it.o
    0x08000470   0x08000470   0x0000000c   Code   RO          108    .text.DMA1_Channel1_IRQHandler  stm32g4xx_it.o
    0x0800047c   0x0800047c   0x0000000c   Code   RO          110    .text.DMA1_Channel2_IRQHandler  stm32g4xx_it.o
    0x08000488   0x08000488   0x00000048   Code   RO          909    .text.DMA_CalcDMAMUXChannelBaseAndMask  stm32g4xx_hal_dma.o
    0x080004d0   0x080004d0   0x00000024   Code   RO          911    .text.DMA_CalcDMAMUXRequestGenBaseAndMask  stm32g4xx_hal_dma.o
    0x080004f4   0x080004f4   0x00000046   Code   RO          917    .text.DMA_SetConfig  stm32g4xx_hal_dma.o
    0x0800053a   0x0800053a   0x00000002   Code   RO           98    .text.DebugMon_Handler  stm32g4xx_it.o
    0x0800053c   0x0800053c   0x00000034   Code   RO          104    .text.EXTI0_IRQHandler  stm32g4xx_it.o
    0x08000570   0x08000570   0x00000070   Code   RO          106    .text.EXTI1_IRQHandler  stm32g4xx_it.o
    0x080005e0   0x080005e0   0x00000008   Code   RO           15    .text.Error_Handler  main.o
    0x080005e8   0x080005e8   0x00000066   Code   RO          921    .text.HAL_DMA_Abort  stm32g4xx_hal_dma.o
    0x0800064e   0x0800064e   0x0000007a   Code   RO          923    .text.HAL_DMA_Abort_IT  stm32g4xx_hal_dma.o
    0x080006c8   0x080006c8   0x000000a4   Code   RO          927    .text.HAL_DMA_IRQHandler  stm32g4xx_hal_dma.o
    0x0800076c   0x0800076c   0x000000c0   Code   RO          907    .text.HAL_DMA_Init  stm32g4xx_hal_dma.o
    0x0800082c   0x0800082c   0x00000088   Code   RO          919    .text.HAL_DMA_Start_IT  stm32g4xx_hal_dma.o
    0x080008b4   0x080008b4   0x00000020   Code   RO          631    .text.HAL_Delay     stm32g4xx_hal.o
    0x080008d4   0x080008d4   0x00000002   Code   RO          869    .text.HAL_GPIO_EXTI_Callback  stm32g4xx_hal_gpio.o
    0x080008d6   0x080008d6   0x00000002   PAD
    0x080008d8   0x080008d8   0x00000014   Code   RO          867    .text.HAL_GPIO_EXTI_IRQHandler  stm32g4xx_hal_gpio.o
    0x080008ec   0x080008ec   0x00000184   Code   RO          855    .text.HAL_GPIO_Init  stm32g4xx_hal_gpio.o
    0x08000a70   0x08000a70   0x0000000a   Code   RO          859    .text.HAL_GPIO_ReadPin  stm32g4xx_hal_gpio.o
    0x08000a7a   0x08000a7a   0x0000000c   Code   RO          861    .text.HAL_GPIO_WritePin  stm32g4xx_hal_gpio.o
    0x08000a86   0x08000a86   0x00000002   PAD
    0x08000a88   0x08000a88   0x00000008   Code   RO          623    .text.HAL_GetTick   stm32g4xx_hal.o
    0x08000a90   0x08000a90   0x00000014   Code   RO          621    .text.HAL_IncTick   stm32g4xx_hal.o
    0x08000aa4   0x08000aa4   0x0000001c   Code   RO          611    .text.HAL_Init      stm32g4xx_hal.o
    0x08000ac0   0x08000ac0   0x00000044   Code   RO          613    .text.HAL_InitTick  stm32g4xx_hal.o
    0x08000b04   0x08000b04   0x00000034   Code   RO          127    .text.HAL_MspInit   stm32g4xx_hal_msp.o
    0x08000b38   0x08000b38   0x0000001c   Code   RO         1012    .text.HAL_NVIC_EnableIRQ  stm32g4xx_hal_cortex.o
    0x08000b54   0x08000b54   0x0000003c   Code   RO         1008    .text.HAL_NVIC_SetPriority  stm32g4xx_hal_cortex.o
    0x08000b90   0x08000b90   0x00000020   Code   RO         1006    .text.HAL_NVIC_SetPriorityGrouping  stm32g4xx_hal_cortex.o
    0x08000bb0   0x08000bb0   0x000000ac   Code   RO          530    .text.HAL_PWREx_ControlVoltageScaling  stm32g4xx_hal_pwr_ex.o
    0x08000c5c   0x08000c5c   0x00000010   Code   RO          600    .text.HAL_PWREx_DisableUCPDDeadBattery  stm32g4xx_hal_pwr_ex.o
    0x08000c6c   0x08000c6c   0x00000230   Code   RO          731    .text.HAL_RCCEx_PeriphCLKConfig  stm32g4xx_hal_rcc_ex.o
    0x08000e9c   0x08000e9c   0x000001e4   Code   RO          696    .text.HAL_RCC_ClockConfig  stm32g4xx_hal_rcc.o
    0x08001080   0x08001080   0x00000018   Code   RO          704    .text.HAL_RCC_GetPCLK1Freq  stm32g4xx_hal_rcc.o
    0x08001098   0x08001098   0x00000020   Code   RO          706    .text.HAL_RCC_GetPCLK2Freq  stm32g4xx_hal_rcc.o
    0x080010b8   0x080010b8   0x0000006c   Code   RO          698    .text.HAL_RCC_GetSysClockFreq  stm32g4xx_hal_rcc.o
    0x08001124   0x08001124   0x0000043c   Code   RO          694    .text.HAL_RCC_OscConfig  stm32g4xx_hal_rcc.o
    0x08001560   0x08001560   0x00000028   Code   RO         1020    .text.HAL_SYSTICK_Config  stm32g4xx_hal_cortex.o
    0x08001588   0x08001588   0x00000002   Code   RO          505    .text.HAL_TIMEx_Break2Callback  stm32g4xx_hal_tim_ex.o
    0x0800158a   0x0800158a   0x00000002   Code   RO          503    .text.HAL_TIMEx_BreakCallback  stm32g4xx_hal_tim_ex.o
    0x0800158c   0x0800158c   0x00000002   Code   RO          499    .text.HAL_TIMEx_CommutCallback  stm32g4xx_hal_tim_ex.o
    0x0800158e   0x0800158e   0x00000002   Code   RO          509    .text.HAL_TIMEx_DirectionChangeCallback  stm32g4xx_hal_tim_ex.o
    0x08001590   0x08001590   0x00000002   Code   RO          507    .text.HAL_TIMEx_EncoderIndexCallback  stm32g4xx_hal_tim_ex.o
    0x08001592   0x08001592   0x00000002   Code   RO          511    .text.HAL_TIMEx_IndexErrorCallback  stm32g4xx_hal_tim_ex.o
    0x08001594   0x08001594   0x00000094   Code   RO          449    .text.HAL_TIMEx_MasterConfigSynchronization  stm32g4xx_hal_tim_ex.o
    0x08001628   0x08001628   0x00000002   Code   RO          513    .text.HAL_TIMEx_TransitionErrorCallback  stm32g4xx_hal_tim_ex.o
    0x0800162a   0x0800162a   0x00000060   Code   RO          136    .text.HAL_TIM_Base_Init  stm32g4xx_hal_tim.o
    0x0800168a   0x0800168a   0x00000002   PAD
    0x0800168c   0x0800168c   0x0000003c   Code   RO           51    .text.HAL_TIM_Base_MspInit  tim.o
    0x080016c8   0x080016c8   0x00000124   Code   RO          328    .text.HAL_TIM_ConfigClockSource  stm32g4xx_hal_tim.o
    0x080017ec   0x080017ec   0x00000002   Code   RO          272    .text.HAL_TIM_IC_CaptureCallback  stm32g4xx_hal_tim.o
    0x080017ee   0x080017ee   0x00000200   Code   RO          270    .text.HAL_TIM_IRQHandler  stm32g4xx_hal_tim.o
    0x080019ee   0x080019ee   0x00000002   Code   RO          274    .text.HAL_TIM_OC_DelayElapsedCallback  stm32g4xx_hal_tim.o
    0x080019f0   0x080019f0   0x00000002   Code   RO          276    .text.HAL_TIM_PWM_PulseFinishedCallback  stm32g4xx_hal_tim.o
    0x080019f2   0x080019f2   0x00000002   PAD
    0x080019f4   0x080019f4   0x000000a8   Code   RO         1261    .text.HAL_TIM_PeriodElapsedCallback  inte.o
    0x08001a9c   0x08001a9c   0x00000002   Code   RO          280    .text.HAL_TIM_TriggerCallback  stm32g4xx_hal_tim.o
    0x08001a9e   0x08001a9e   0x00000036   Code   RO         1223    .text.HAL_UARTEx_DisableFifoMode  stm32g4xx_hal_uart_ex.o
    0x08001ad4   0x08001ad4   0x0000004c   Code   RO         1233    .text.HAL_UARTEx_ReceiveToIdle_DMA  stm32g4xx_hal_uart_ex.o
    0x08001b20   0x08001b20   0x00000048   Code   RO         1263    .text.HAL_UARTEx_RxEventCallback  inte.o
    0x08001b68   0x08001b68   0x00000002   Code   RO         1207    .text.HAL_UARTEx_RxFifoFullCallback  stm32g4xx_hal_uart_ex.o
    0x08001b6a   0x08001b6a   0x0000004a   Code   RO         1227    .text.HAL_UARTEx_SetRxFifoThreshold  stm32g4xx_hal_uart_ex.o
    0x08001bb4   0x08001bb4   0x0000004a   Code   RO         1225    .text.HAL_UARTEx_SetTxFifoThreshold  stm32g4xx_hal_uart_ex.o
    0x08001bfe   0x08001bfe   0x00000002   Code   RO         1209    .text.HAL_UARTEx_TxFifoEmptyCallback  stm32g4xx_hal_uart_ex.o
    0x08001c00   0x08001c00   0x00000002   Code   RO         1205    .text.HAL_UARTEx_WakeupCallback  stm32g4xx_hal_uart_ex.o
    0x08001c02   0x08001c02   0x00000002   Code   RO         1147    .text.HAL_UART_ErrorCallback  stm32g4xx_hal_uart.o
    0x08001c04   0x08001c04   0x00000298   Code   RO         1143    .text.HAL_UART_IRQHandler  stm32g4xx_hal_uart.o
    0x08001e9c   0x08001e9c   0x00000064   Code   RO         1055    .text.HAL_UART_Init  stm32g4xx_hal_uart.o
    0x08001f00   0x08001f00   0x0000013c   Code   RO           69    .text.HAL_UART_MspInit  usart.o
    0x0800203c   0x0800203c   0x0000004c   Code   RO         1103    .text.HAL_UART_Receive_DMA  stm32g4xx_hal_uart.o
    0x08002088   0x08002088   0x00000028   Code   RO         1265    .text.HAL_UART_RxCpltCallback  inte.o
    0x080020b0   0x080020b0   0x00000002   Code   RO         1157    .text.HAL_UART_RxHalfCpltCallback  stm32g4xx_hal_uart.o
    0x080020b2   0x080020b2   0x000000c8   Code   RO         1075    .text.HAL_UART_Transmit  stm32g4xx_hal_uart.o
    0x0800217a   0x0800217a   0x00000002   PAD
    0x0800217c   0x0800217c   0x00000094   Code   RO         1095    .text.HAL_UART_Transmit_DMA  stm32g4xx_hal_uart.o
    0x08002210   0x08002210   0x00000002   Code   RO         1151    .text.HAL_UART_TxCpltCallback  stm32g4xx_hal_uart.o
    0x08002212   0x08002212   0x00000002   Code   RO         1153    .text.HAL_UART_TxHalfCpltCallback  stm32g4xx_hal_uart.o
    0x08002214   0x08002214   0x00000002   Code   RO           88    .text.HardFault_Handler  stm32g4xx_it.o
    0x08002216   0x08002216   0x00000002   PAD
    0x08002218   0x08002218   0x00000020   Code   RO         1335    .text.LCD_BusIn     lcd.o
    0x08002238   0x08002238   0x00000028   Code   RO         1337    .text.LCD_BusOut    lcd.o
    0x08002260   0x08002260   0x00000024   Code   RO         1309    .text.LCD_Clear     lcd.o
    0x08002284   0x08002284   0x00000098   Code   RO         1297    .text.LCD_CtrlLinesConfig  lcd.o
    0x0800231c   0x0800231c   0x00000018   Code   RO         1319    .text.LCD_DisplayChar  lcd.o
    0x08002334   0x08002334   0x00000028   Code   RO         1307    .text.LCD_DisplayStringLine  lcd.o
    0x0800235c   0x0800235c   0x00000064   Code   RO         1317    .text.LCD_DrawChar  lcd.o
    0x080023c0   0x080023c0   0x00000034   Code   RO         1295    .text.LCD_Init      lcd.o
    0x080023f4   0x080023f4   0x00000090   Code   RO         1299    .text.LCD_ReadReg   lcd.o
    0x08002484   0x08002484   0x00000018   Code   RO         1311    .text.LCD_SetCursor  lcd.o
    0x0800249c   0x0800249c   0x0000004c   Code   RO         1315    .text.LCD_WriteRAM  lcd.o
    0x080024e8   0x080024e8   0x00000050   Code   RO         1313    .text.LCD_WriteRAM_Prepare  lcd.o
    0x08002538   0x08002538   0x00000064   Code   RO         1291    .text.LCD_WriteReg  lcd.o
    0x0800259c   0x0800259c   0x00000050   Code   RO           39    .text.MX_DMA_Init   dma.o
    0x080025ec   0x080025ec   0x00000130   Code   RO           28    .text.MX_GPIO_Init  gpio.o
    0x0800271c   0x0800271c   0x00000068   Code   RO           49    .text.MX_TIM3_Init  tim.o
    0x08002784   0x08002784   0x00000068   Code   RO           65    .text.MX_USART1_UART_Init  usart.o
    0x080027ec   0x080027ec   0x00000068   Code   RO           67    .text.MX_USART2_UART_Init  usart.o
    0x08002854   0x08002854   0x00000002   Code   RO           90    .text.MemManage_Handler  stm32g4xx_it.o
    0x08002856   0x08002856   0x00000002   Code   RO           86    .text.NMI_Handler   stm32g4xx_it.o
    0x08002858   0x08002858   0x00000002   Code   RO          100    .text.PendSV_Handler  stm32g4xx_it.o
    0x0800285a   0x0800285a   0x00000002   PAD
    0x0800285c   0x0800285c   0x000000ec   Code   RO         1289    .text.REG_8230_Init  lcd.o
    0x08002948   0x08002948   0x00000198   Code   RO         1293    .text.REG_932X_Init  lcd.o
    0x08002ae0   0x08002ae0   0x00000002   Code   RO           96    .text.SVC_Handler   stm32g4xx_it.o
    0x08002ae2   0x08002ae2   0x00000004   Code   RO          102    .text.SysTick_Handler  stm32g4xx_it.o
    0x08002ae6   0x08002ae6   0x00000092   Code   RO           13    .text.SystemClock_Config  main.o
    0x08002b78   0x08002b78   0x00000010   Code   RO         1245    .text.SystemInit    system_stm32g4xx.o
    0x08002b88   0x08002b88   0x0000000c   Code   RO          112    .text.TIM3_IRQHandler  stm32g4xx_it.o
    0x08002b94   0x08002b94   0x000000ec   Code   RO          140    .text.TIM_Base_SetConfig  stm32g4xx_hal_tim.o
    0x08002c80   0x08002c80   0x00000022   Code   RO          330    .text.TIM_TI1_ConfigInputStage  stm32g4xx_hal_tim.o
    0x08002ca2   0x08002ca2   0x00000022   Code   RO          332    .text.TIM_TI2_ConfigInputStage  stm32g4xx_hal_tim.o
    0x08002cc4   0x08002cc4   0x00000054   Code   RO         1221    .text.UARTEx_SetNbDataToProcess  stm32g4xx_hal_uart_ex.o
    0x08002d18   0x08002d18   0x000000d2   Code   RO         1061    .text.UART_AdvFeatureConfig  stm32g4xx_hal_uart.o
    0x08002dea   0x08002dea   0x00000066   Code   RO         1063    .text.UART_CheckIdleState  stm32g4xx_hal_uart.o
    0x08002e50   0x08002e50   0x00000010   Code   RO         1145    .text.UART_DMAAbortOnError  stm32g4xx_hal_uart.o
    0x08002e60   0x08002e60   0x00000056   Code   RO         1101    .text.UART_DMAError  stm32g4xx_hal_uart.o
    0x08002eb6   0x08002eb6   0x00000050   Code   RO         1189    .text.UART_DMAReceiveCplt  stm32g4xx_hal_uart.o
    0x08002f06   0x08002f06   0x00000016   Code   RO         1191    .text.UART_DMARxHalfCplt  stm32g4xx_hal_uart.o
    0x08002f1c   0x08002f1c   0x00000028   Code   RO         1097    .text.UART_DMATransmitCplt  stm32g4xx_hal_uart.o
    0x08002f44   0x08002f44   0x00000006   Code   RO         1099    .text.UART_DMATxHalfCplt  stm32g4xx_hal_uart.o
    0x08002f4a   0x08002f4a   0x00000002   PAD
    0x08002f4c   0x08002f4c   0x00000034   Code   RO         1115    .text.UART_EndRxTransfer  stm32g4xx_hal_uart.o
    0x08002f80   0x08002f80   0x0000001a   Code   RO         1113    .text.UART_EndTxTransfer  stm32g4xx_hal_uart.o
    0x08002f9a   0x08002f9a   0x00000002   PAD
    0x08002f9c   0x08002f9c   0x00000220   Code   RO         1059    .text.UART_SetConfig  stm32g4xx_hal_uart.o
    0x080031bc   0x080031bc   0x00000080   Code   RO         1105    .text.UART_Start_Receive_DMA  stm32g4xx_hal_uart.o
    0x0800323c   0x0800323c   0x000000a0   Code   RO         1077    .text.UART_WaitOnFlagUntilTimeout  stm32g4xx_hal_uart.o
    0x080032dc   0x080032dc   0x00000008   Code   RO          114    .text.USART1_IRQHandler  stm32g4xx_it.o
    0x080032e4   0x080032e4   0x0000000c   Code   RO          116    .text.USART2_IRQHandler  stm32g4xx_it.o
    0x080032f0   0x080032f0   0x00000002   Code   RO           94    .text.UsageFault_Handler  stm32g4xx_it.o
    0x080032f2   0x080032f2   0x00000002   PAD
    0x080032f4   0x080032f4   0x00000024   Code   RO         1010    .text.__NVIC_SetPriority  stm32g4xx_hal_cortex.o
    0x08003318   0x08003318   0x0000003c   Code   RO         1277    .text.ctrl          led.o
    0x08003354   0x08003354   0x00000040   Code   RO           11    .text.main          main.o
    0x08003394   0x08003394   0x0000001a   Code   RO         1493    x$fpl$fpinit        fz_wm.l(fpinit.o)
    0x080033ae   0x080033ae   0x00000010   Data   RO         1250    .rodata.AHBPrescTable  system_stm32g4xx.o
    0x080033be   0x080033be   0x00000008   Data   RO         1251    .rodata.APBPrescTable  system_stm32g4xx.o
    0x080033c6   0x080033c6   0x000011d0   Data   RO         1349    .rodata.ASCII_Table  lcd.o
    0x08004596   0x08004596   0x00000018   Data   RO         1193    .rodata.UARTPrescTable  stm32g4xx_hal_uart.o
    0x080045ae   0x080045ae   0x00000010   Data   RO         1235    .rodata.cst8        stm32g4xx_hal_uart_ex.o
    0x080045be   0x080045be   0x00000002   PAD
    0x080045c0   0x080045c0   0x00000020   Data   RO         1554    Region$$Table       anon$$obj.o


    Execution Region RW_IRAM1 (Exec base: 0x20000000, Load base: 0x080045e0, Size: 0x00002fe8, Max: 0x00008000, ABSOLUTE)

    Exec Addr    Load Addr    Size         Type   Attr      Idx    E Section Name        Object

    0x20000000   0x080045e0   0x00000008   Data   RW          682    .data..L_MergedGlobals  stm32g4xx_hal.o
    0x20000008   0x080045e8   0x00000002   Data   RW         1352    .data.BackColor     lcd.o
    0x2000000a   0x080045ea   0x00000002   PAD
    0x2000000c   0x080045ec   0x00000004   Data   RW         1249    .data.SystemCoreClock  system_stm32g4xx.o
    0x20000010        -       0x00000060   Zero   RW         1421    .bss                c_w.l(libspace.o)
    0x20000070        -       0x00000002   Zero   RW         1351    .bss.TextColor      lcd.o
    0x20000072        -       0x00000002   Zero   RW         1350    .bss.dummy          lcd.o
    0x20000074        -       0x00000060   Zero   RW           76    .bss.hdma_usart1_rx  usart.o
    0x200000d4        -       0x00000060   Zero   RW           75    .bss.hdma_usart1_tx  usart.o
    0x20000134        -       0x0000004c   Zero   RW           55    .bss.htim3          tim.o
    0x20000180        -       0x00000090   Zero   RW           73    .bss.huart1         usart.o
    0x20000210        -       0x00000090   Zero   RW           74    .bss.huart2         usart.o
    0x200002a0        -       0x00000030   Zero   RW         1267    .bss.key            inte.o
    0x200002d0        -       0x00002710   Zero   RW           17    .bss.receiveData    main.o
    0x200029e0        -       0x00000004   Zero   RW          681    .bss.uwTick         stm32g4xx_hal.o
    0x200029e4   0x080045f0   0x00000004   PAD
    0x200029e8        -       0x00000200   Zero   RW            2    HEAP                startup_stm32g431xx.o
    0x20002be8        -       0x00000400   Zero   RW            1    STACK               startup_stm32g431xx.o


==============================================================================

Image component sizes


      Code (inc. data)   RO Data    RW Data    ZI Data      Debug   Object Name

        80          4          0          0          0       3203   dma.o
       304         20          0          0          0       4079   gpio.o
       280         28          0          0         48       6805   inte.o
      1544         56       4560          2          4       9249   lcd.o
        60          8          0          0          0       1085   led.o
       218          8          0          0      10000       2735   main.o
        64         26        472          0       1536        800   startup_stm32g431xx.o
       156          8          0          8          4       8472   stm32g4xx_hal.o
       196         28          0          0          0       9502   stm32g4xx_hal_cortex.o
       894         16          0          0          0       7670   stm32g4xx_hal_dma.o
       432         24          0          0          0       5049   stm32g4xx_hal_gpio.o
        52          4          0          0          0       1551   stm32g4xx_hal_msp.o
       188         12          0          0          0       8693   stm32g4xx_hal_pwr_ex.o
      1732         60          0          0          0       8935   stm32g4xx_hal_rcc.o
       560          8          0          0          0       9870   stm32g4xx_hal_rcc_ex.o
      1212         52          0          0          0      43680   stm32g4xx_hal_tim.o
       162         20          0          0          0      23830   stm32g4xx_hal_tim_ex.o
      2668        154         24          0          0      24095   stm32g4xx_hal_uart.o
       368          8         16          0          0       9101   stm32g4xx_hal_uart_ex.o
       240         80          0          0          0       2036   stm32g4xx_it.o
        16          4         24          4          0       2697   system_stm32g4xx.o
       164         16          0          0         76       7647   tim.o
       524         36          0          0        480       7879   usart.o

    ----------------------------------------------------------------------
     12134        680       5130         16      12152     208663   Object Totals
         0          0         32          0          0          0   (incl. Generated)
        20          0          2          2          4          0   (incl. Padding)

    ----------------------------------------------------------------------

      Code (inc. data)   RO Data    RW Data    ZI Data      Debug   Library Member Name

         8          0          0          0          0         68   __main.o
         0          0          0          0          0          0   __rtentry.o
        12          0          0          0          0          0   __rtentry2.o
         6          0          0          0          0          0   __rtentry4.o
        52          8          0          0          0          0   __scatter.o
        26          0          0          0          0          0   __scatter_copy.o
        28          0          0          0          0          0   __scatter_zi.o
        18          0          0          0          0         80   exit.o
         6          0          0          0          0        152   heapauxi.o
         0          0          0          0          0          0   indicate_semi.o
         2          0          0          0          0          0   libinit.o
         6          0          0          0          0          0   libinit2.o
         2          0          0          0          0          0   libshutdown.o
         2          0          0          0          0          0   libshutdown2.o
         8          4          0          0         96         68   libspace.o
       238          0          0          0          0        100   lludivv7m.o
        78          0          0          0          0         80   rt_memclr_w.o
         2          0          0          0          0          0   rtexit.o
        10          0          0          0          0          0   rtexit2.o
        12          4          0          0          0         68   sys_exit.o
        74          0          0          0          0         80   sys_stackheap_outer.o
         2          0          0          0          0         68   use_no_semi.o
        26          0          0          0          0        116   fpinit.o

    ----------------------------------------------------------------------
       624         16          0          0         96        880   Library Totals
         6          0          0          0          0          0   (incl. Padding)

    ----------------------------------------------------------------------

      Code (inc. data)   RO Data    RW Data    ZI Data      Debug   Library Name

       592         16          0          0         96        764   c_w.l
        26          0          0          0          0        116   fz_wm.l

    ----------------------------------------------------------------------
       624         16          0          0         96        880   Library Totals

    ----------------------------------------------------------------------

==============================================================================


      Code (inc. data)   RO Data    RW Data    ZI Data      Debug   

     12758        696       5130         16      12248     208947   Grand Totals
     12758        696       5130         16      12248     208947   ELF Image Totals
     12758        696       5130         16          0          0   ROM Totals

==============================================================================

    Total RO  Size (Code + RO Data)                17888 (  17.47kB)
    Total RW  Size (RW Data + ZI Data)             12264 (  11.98kB)
    Total ROM Size (Code + RO Data + RW Data)      17904 (  17.48kB)

==============================================================================

